This is pdfTeX, Version 3.141592653-2.6-1.40.29 (MiKTeX 26.2) (preloaded format=pdflatex 2026.6.11)  12 JUN 2026 01:14
entering extended mode
 restricted \write18 enabled.
 file:line:error style messages enabled.
 %&-line parsing enabled.
**c:/.willkove/university/RP/Praca/main-en.tex
(c:/.willkove/university/RP/Praca/main-en.tex
LaTeX2e <2025-11-01>
L3 programming layer <2026-01-19>
(C:\Users\UserName\AppData\Local\Programs\MiKTeX\tex/latex/base\book.cls
Document Class: book 2025/01/22 v1.4n Standard LaTeX document class
(C:\Users\UserName\AppData\Local\Programs\MiKTeX\tex/latex/base\bk12.clo
File: bk12.clo 2025/01/22 v1.4n Standard LaTeX file (size option)
)
\c@part=\count275
\c@chapter=\count276
\c@section=\count277
\c@subsection=\count278
\c@subsubsection=\count279
\c@paragraph=\count280
\c@subparagraph=\count281
\c@figure=\count282
\c@table=\count283
\abovecaptionskip=\skip49
\belowcaptionskip=\skip50
\bibindent=\dimen148
) (C:\Users\UserName\AppData\Local\Programs\MiKTeX\tex/latex/geometry\geometry.sty
Package: geometry 2020/01/02 v5.9 Page Geometry
 (C:\Users\UserName\AppData\Local\Programs\MiKTeX\tex/latex/graphics\keyval.sty
Package: keyval 2022/05/29 v1.15 key=value parser (DPC)
\KV@toks@=\toks17
) (C:\Users\UserName\AppData\Local\Programs\MiKTeX\tex/generic/iftex\ifvtex.sty
Package: ifvtex 2019/10/25 v1.7 ifvtex legacy package. Use iftex instead.
 (C:\Users\UserName\AppData\Local\Programs\MiKTeX\tex/generic/iftex\iftex.sty
Package: iftex 2024/12/12 v1.0g TeX engine tests
))
\Gm@cnth=\count284
\Gm@cntv=\count285
\c@Gm@tempcnt=\count286
\Gm@bindingoffset=\dimen149
\Gm@wd@mp=\dimen150
\Gm@odd@mp=\dimen151
\Gm@even@mp=\dimen152
\Gm@layoutwidth=\dimen153
\Gm@layoutheight=\dimen154
\Gm@layouthoffset=\dimen155
\Gm@layoutvoffset=\dimen156
\Gm@dimlist=\toks18
 (C:\Users\UserName\AppData\Local\Programs\MiKTeX\tex/latex/geometry\geometry.cfg)) (C:\Users\UserName\AppData\Local\Programs\MiKTeX\tex/latex/base\inputenc.sty
Package: inputenc 2024/02/08 v1.3d Input encoding file
\inpenc@prehook=\toks19
\inpenc@posthook=\toks20
) (C:\Users\UserName\AppData\Local\Programs\MiKTeX\tex/latex/base\fontenc.sty
Package: fontenc 2025/07/18 v2.1d Standard LaTeX package
) (C:\Users\UserName\AppData\Local\Programs\MiKTeX\tex/latex/listings\listings.sty
\lst@mode=\count287
\lst@gtempboxa=\box53
\lst@token=\toks21
\lst@length=\count288
\lst@currlwidth=\dimen157
\lst@column=\count289
\lst@pos=\count290
\lst@lostspace=\dimen158
\lst@width=\dimen159
\lst@newlines=\count291
\lst@lineno=\count292
\lst@maxwidth=\dimen160
 (C:\Users\UserName\AppData\Local\Programs\MiKTeX\tex/latex/listings\lstpatch.sty
File: lstpatch.sty 2025/11/14 1.11b (Carsten Heinz)
) (C:\Users\UserName\AppData\Local\Programs\MiKTeX\tex/latex/listings\lstmisc.sty
File: lstmisc.sty 2025/11/14 1.11b (Carsten Heinz)
\c@lstnumber=\count293
\lst@skipnumbers=\count294
\lst@framebox=\box54
) (C:\Users\UserName\AppData\Local\Programs\MiKTeX\tex/latex/listings\listings.cfg
File: listings.cfg 2025/11/14 1.11b listings configuration
))
Package: listings 2025/11/14 1.11b (Carsten Heinz)

==> First Aid for listings.sty no longer applied!
    Expected:
        2024/09/23 1.10c (Carsten Heinz)
    but found:
        2025/11/14 1.11b (Carsten Heinz)
    so I'm assuming it got fixed.
(C:\Users\UserName\AppData\Local\Programs\MiKTeX\tex/latex/graphics\graphicx.sty
Package: graphicx 2024/12/31 v1.2e Enhanced LaTeX Graphics (DPC,SPQR)
 (C:\Users\UserName\AppData\Local\Programs\MiKTeX\tex/latex/graphics\graphics.sty
Package: graphics 2024/08/06 v1.4g Standard LaTeX Graphics (DPC,SPQR)
 (C:\Users\UserName\AppData\Local\Programs\MiKTeX\tex/latex/graphics\trig.sty
Package: trig 2023/12/02 v1.11 sin cos tan (DPC)
) (C:\Users\UserName\AppData\Local\Programs\MiKTeX\tex/latex/graphics-cfg\graphics.cfg
File: graphics.cfg 2016/06/04 v1.11 sample graphics configuration
)
Package graphics Info: Driver file: pdftex.def on input line 106.
 (C:\Users\UserName\AppData\Local\Programs\MiKTeX\tex/latex/graphics-def\pdftex.def
File: pdftex.def 2025/09/29 v1.2d Graphics/color driver for pdftex
))
\Gin@req@height=\dimen161
\Gin@req@width=\dimen162
) (C:\Users\UserName\AppData\Local\Programs\MiKTeX\tex/latex/pdfpages\pdfpages.sty
Package: pdfpages 2026/03/30 v0.6h Insert pages of external PDF documents (AM)
 (C:\Users\UserName\AppData\Local\Programs\MiKTeX\tex/latex/base\ifthen.sty
Package: ifthen 2024/03/16 v1.1e Standard LaTeX ifthen package (DPC)
) (C:\Users\UserName\AppData\Local\Programs\MiKTeX\tex/latex/tools\calc.sty
Package: calc 2025/03/01 v4.3b Infix arithmetic (KKT,FJ)
\calc@Acount=\count295
\calc@Bcount=\count296
\calc@Adimen=\dimen163
\calc@Bdimen=\dimen164
\calc@Askip=\skip51
\calc@Bskip=\skip52
LaTeX Info: Redefining \setlength on input line 86.
LaTeX Info: Redefining \addtolength on input line 87.
\calc@Ccount=\count297
\calc@Cskip=\skip53
) (C:\Users\UserName\AppData\Local\Programs\MiKTeX\tex/latex/eso-pic\eso-pic.sty
Package: eso-pic 2026/05/31 v3.0e eso-pic (RN)
\ESO@tempdima=\dimen165
\ESO@tempdimb=\dimen166
 (C:\Users\UserName\AppData\Local\Programs\MiKTeX\tex/latex/xcolor\xcolor.sty
Package: xcolor 2024/09/29 v3.02 LaTeX color extensions (UK)
 (C:\Users\UserName\AppData\Local\Programs\MiKTeX\tex/latex/graphics-cfg\color.cfg
File: color.cfg 2016/01/02 v1.6 sample color configuration
)
Package xcolor Info: Driver file: pdftex.def on input line 274.
 (C:\Users\UserName\AppData\Local\Programs\MiKTeX\tex/latex/graphics\mathcolor.ltx)
Package xcolor Info: Model `cmy' substituted by `cmy0' on input line 1349.
Package xcolor Info: Model `hsb' substituted by `rgb' on input line 1353.
Package xcolor Info: Model `RGB' extended on input line 1365.
Package xcolor Info: Model `HTML' substituted by `rgb' on input line 1367.
Package xcolor Info: Model `Hsb' substituted by `hsb' on input line 1368.
Package xcolor Info: Model `tHsb' substituted by `hsb' on input line 1369.
Package xcolor Info: Model `HSB' substituted by `hsb' on input line 1370.
Package xcolor Info: Model `Gray' substituted by `gray' on input line 1371.
Package xcolor Info: Model `wave' substituted by `hsb' on input line 1372.
)) (C:\Users\UserName\AppData\Local\Programs\MiKTeX\tex/latex/etoolbox\etoolbox.sty
Package: etoolbox 2025/10/02 v2.5m e-TeX tools for LaTeX (JAW)
\etb@tempcnta=\count298
)
\AM@pagewidth=\dimen167
\AM@pageheight=\dimen168
\AM@fboxrule=\dimen169
 (C:\Users\UserName\AppData\Local\Programs\MiKTeX\tex/latex/pdfpages\pppdftex.def
File: pppdftex.def 2026/03/30 v0.6h Pdfpages driver for pdfTeX (AM)
)
\pdfpages@includegraphics@status=\count299
\AM@pagebox=\box55
\AM@global@opts=\toks22
\AM@pagecnt=\count300
\AM@toc@title=\toks23
\AM@lof@heading=\toks24
\c@AM@survey=\count301
\AM@templatesizebox=\box56
) (C:\Users\UserName\AppData\Local\Programs\MiKTeX\tex/latex/url\url.sty
\Urlmuskip=\muskip17
Package: url 2013/09/16  ver 3.4  Verb mode for urls, etc.
) (C:\Users\UserName\AppData\Local\Programs\MiKTeX\tex/latex/hyperref\hyperref.sty
Package: hyperref 2026-01-29 v7.01p Hypertext links for LaTeX
 (C:\Users\UserName\AppData\Local\Programs\MiKTeX\tex/latex/kvsetkeys\kvsetkeys.sty
Package: kvsetkeys 2022-10-05 v1.19 Key value parser (HO)
) (C:\Users\UserName\AppData\Local\Programs\MiKTeX\tex/generic/kvdefinekeys\kvdefinekeys.sty
Package: kvdefinekeys 2019-12-19 v1.6 Define keys (HO)
) (C:\Users\UserName\AppData\Local\Programs\MiKTeX\tex/generic/pdfescape\pdfescape.sty
Package: pdfescape 2019/12/09 v1.15 Implements pdfTeX's escape features (HO)
 (C:\Users\UserName\AppData\Local\Programs\MiKTeX\tex/generic/ltxcmds\ltxcmds.sty
Package: ltxcmds 2023-12-04 v1.26 LaTeX kernel commands for general use (HO)
) (C:\Users\UserName\AppData\Local\Programs\MiKTeX\tex/generic/pdftexcmds\pdftexcmds.sty
Package: pdftexcmds 2020-06-27 v0.33 Utility functions of pdfTeX for LuaTeX (HO)
 (C:\Users\UserName\AppData\Local\Programs\MiKTeX\tex/generic/infwarerr\infwarerr.sty
Package: infwarerr 2019/12/03 v1.5 Providing info/warning/error messages (HO)
)
Package pdftexcmds Info: \pdf@primitive is available.
Package pdftexcmds Info: \pdf@ifprimitive is available.
Package pdftexcmds Info: \pdfdraftmode found.
)) (C:\Users\UserName\AppData\Local\Programs\MiKTeX\tex/latex/hycolor\hycolor.sty
Package: hycolor 2020-01-27 v1.10 Color options for hyperref/bookmark (HO)
) (C:\Users\UserName\AppData\Local\Programs\MiKTeX\tex/latex/hyperref\nameref.sty
Package: nameref 2026-01-29 v2.58 Cross-referencing by name of section
 (C:\Users\UserName\AppData\Local\Programs\MiKTeX\tex/latex/refcount\refcount.sty
Package: refcount 2019/12/15 v3.6 Data extraction from label references (HO)
) (C:\Users\UserName\AppData\Local\Programs\MiKTeX\tex/generic/gettitlestring\gettitlestring.sty
Package: gettitlestring 2019/12/15 v1.6 Cleanup title references (HO)
 (C:\Users\UserName\AppData\Local\Programs\MiKTeX\tex/latex/kvoptions\kvoptions.sty
Package: kvoptions 2022-06-15 v3.15 Key value format for package options (HO)
))
\c@section@level=\count302
) (C:\Users\UserName\AppData\Local\Programs\MiKTeX\tex/generic/stringenc\stringenc.sty
Package: stringenc 2019/11/29 v1.12 Convert strings between diff. encodings (HO)
)
\@linkdim=\dimen170
\Hy@linkcounter=\count303
\Hy@pagecounter=\count304
 (C:\Users\UserName\AppData\Local\Programs\MiKTeX\tex/latex/hyperref\pd1enc.def
File: pd1enc.def 2026-01-29 v7.01p Hyperref: PDFDocEncoding definition (HO)
Now handling font encoding PD1 ...
... no UTF-8 mapping file for font encoding PD1
) (C:\Users\UserName\AppData\Local\Programs\MiKTeX\tex/generic/intcalc\intcalc.sty
Package: intcalc 2019/12/15 v1.3 Expandable calculations with integers (HO)
)
\Hy@SavedSpaceFactor=\count305
 (C:\Users\UserName\AppData\Local\Programs\MiKTeX\tex/latex/hyperref\puenc.def
File: puenc.def 2026-01-29 v7.01p Hyperref: PDF Unicode definition (HO)
Now handling font encoding PU ...
... no UTF-8 mapping file for font encoding PU
)
Package hyperref Info: Option `breaklinks' set `true' on input line 4072.
Package hyperref Info: Hyper figures OFF on input line 4201.
Package hyperref Info: Link nesting OFF on input line 4206.
Package hyperref Info: Hyper index ON on input line 4209.
Package hyperref Info: Plain pages OFF on input line 4216.
Package hyperref Info: Backreferencing OFF on input line 4221.
Package hyperref Info: Implicit mode ON; LaTeX internals redefined.
Package hyperref Info: Bookmarks ON on input line 4468.
\c@Hy@tempcnt=\count306
LaTeX Info: Redefining \url on input line 4807.
\XeTeXLinkMargin=\dimen171
 (C:\Users\UserName\AppData\Local\Programs\MiKTeX\tex/generic/bitset\bitset.sty
Package: bitset 2019/12/09 v1.3 Handle bit-vector datatype (HO)
 (C:\Users\UserName\AppData\Local\Programs\MiKTeX\tex/generic/bigintcalc\bigintcalc.sty
Package: bigintcalc 2019/12/15 v1.5 Expandable calculations on big integers (HO)
))
\Fld@menulength=\count307
\Field@Width=\dimen172
\Fld@charsize=\dimen173
Package hyperref Info: Hyper figures OFF on input line 6084.
Package hyperref Info: Link nesting OFF on input line 6089.
Package hyperref Info: Hyper index ON on input line 6092.
Package hyperref Info: backreferencing OFF on input line 6099.
Package hyperref Info: Link coloring OFF on input line 6104.
Package hyperref Info: Link coloring with OCG OFF on input line 6109.
Package hyperref Info: PDF/A mode OFF on input line 6114.
\Hy@abspage=\count308
\c@Item=\count309
\c@Hfootnote=\count310
)
Package hyperref Info: Driver (autodetected): hpdftex.
 (C:\Users\UserName\AppData\Local\Programs\MiKTeX\tex/latex/hyperref\hpdftex.def
File: hpdftex.def 2026-01-29 v7.01p Hyperref driver for pdfTeX
\Fld@listcount=\count311
\c@bookmark@seq@number=\count312
 (C:\Users\UserName\AppData\Local\Programs\MiKTeX\tex/latex/rerunfilecheck\rerunfilecheck.sty
Package: rerunfilecheck 2025-06-21 v1.11 Rerun checks for auxiliary files (HO)
 (C:\Users\UserName\AppData\Local\Programs\MiKTeX\tex/generic/uniquecounter\uniquecounter.sty
Package: uniquecounter 2019/12/15 v1.4 Provide unlimited unique counter (HO)
)
Package uniquecounter Info: New unique counter `rerunfilecheck' on input line 284.
)
\Hy@SectionHShift=\skip54
) (C:\Users\UserName\AppData\Local\Programs\MiKTeX\tex/latex/amsmath\amsmath.sty
Package: amsmath 2025/07/09 v2.17z AMS math features
\@mathmargin=\skip55

For additional information on amsmath, use the `?' option.
(C:\Users\UserName\AppData\Local\Programs\MiKTeX\tex/latex/amsmath\amstext.sty
Package: amstext 2024/11/17 v2.01 AMS text
 (C:\Users\UserName\AppData\Local\Programs\MiKTeX\tex/latex/amsmath\amsgen.sty
File: amsgen.sty 1999/11/30 v2.0 generic functions
\@emptytoks=\toks25
\ex@=\dimen174
)) (C:\Users\UserName\AppData\Local\Programs\MiKTeX\tex/latex/amsmath\amsbsy.sty
Package: amsbsy 1999/11/29 v1.2d Bold Symbols
\pmbraise@=\dimen175
) (C:\Users\UserName\AppData\Local\Programs\MiKTeX\tex/latex/amsmath\amsopn.sty
Package: amsopn 2022/04/08 v2.04 operator names
)
\inf@bad=\count313
LaTeX Info: Redefining \frac on input line 233.
\uproot@=\count314
\leftroot@=\count315
LaTeX Info: Redefining \overline on input line 398.
LaTeX Info: Redefining \colon on input line 409.
\classnum@=\count316
\DOTSCASE@=\count317
LaTeX Info: Redefining \ldots on input line 495.
LaTeX Info: Redefining \dots on input line 498.
LaTeX Info: Redefining \cdots on input line 619.
\Mathstrutbox@=\box57
\strutbox@=\box58
LaTeX Info: Redefining \big on input line 721.
LaTeX Info: Redefining \Big on input line 722.
LaTeX Info: Redefining \bigg on input line 723.
LaTeX Info: Redefining \Bigg on input line 724.
\big@size=\dimen176
LaTeX Font Info:    Redeclaring font encoding OML on input line 742.
LaTeX Font Info:    Redeclaring font encoding OMS on input line 743.
\macc@depth=\count318
LaTeX Info: Redefining \bmod on input line 904.
LaTeX Info: Redefining \pmod on input line 909.
LaTeX Info: Redefining \smash on input line 939.
LaTeX Info: Redefining \relbar on input line 969.
LaTeX Info: Redefining \Relbar on input line 970.
\c@MaxMatrixCols=\count319
\dotsspace@=\muskip18
\c@parentequation=\count320
\dspbrk@lvl=\count321
\tag@help=\toks26
\row@=\count322
\column@=\count323
\maxfields@=\count324
\andhelp@=\toks27
\eqnshift@=\dimen177
\alignsep@=\dimen178
\tagshift@=\dimen179
\tagwidth@=\dimen180
\totwidth@=\dimen181
\lineht@=\dimen182
\@envbody=\toks28
\multlinegap=\skip56
\multlinetaggap=\skip57
\mathdisplay@stack=\toks29
LaTeX Info: Redefining \[ on input line 2950.
LaTeX Info: Redefining \] on input line 2951.
) (C:\Users\UserName\AppData\Local\Programs\MiKTeX\tex/latex/amsfonts\amssymb.sty
Package: amssymb 2013/01/14 v3.01 AMS font symbols
 (C:\Users\UserName\AppData\Local\Programs\MiKTeX\tex/latex/amsfonts\amsfonts.sty
Package: amsfonts 2013/01/14 v3.01 Basic AMSFonts support
\symAMSa=\mathgroup4
\symAMSb=\mathgroup5
LaTeX Font Info:    Redeclaring math symbol \hbar on input line 98.
LaTeX Font Info:    Overwriting math alphabet `\mathfrak' in version `bold'
(Font)                  U/euf/m/n --> U/euf/b/n on input line 106.
)) (C:\Users\UserName\AppData\Local\Programs\MiKTeX\tex/latex/siunitx\siunitx.sty
Package: siunitx 2026-05-15 v3.5.5 A comprehensive (SI) units package
\l__siunitx_number_uncert_offset_int=\count325
\l__siunitx_number_exponent_fixed_int=\count326
\l__siunitx_number_min_decimal_int=\count327
\l__siunitx_number_min_integer_int=\count328
\l__siunitx_number_round_precision_int=\count329
\l__siunitx_number_lower_threshold_int=\count330
\l__siunitx_number_upper_threshold_int=\count331
\l__siunitx_number_group_first_int=\count332
\l__siunitx_number_group_size_int=\count333
\l__siunitx_number_group_min_int=\count334
\l__siunitx_number_group_minimum_int=\count335
\l__siunitx_compound_count_int=\count336
 (C:\Users\UserName\AppData\Local\Programs\MiKTeX\tex/latex/translations\translations.sty
Package: translations 2022/02/05 v1.12 internationalization of LaTeX2e packages (CN)
)
\l__siunitx_table_tmp_box=\box59
\l__siunitx_table_tmp_dim=\dimen183
\l__siunitx_table_column_width_dim=\dimen184
\l__siunitx_table_integer_box=\box60
\l__siunitx_table_decimal_box=\box61
\l__siunitx_table_uncert_box=\box62
\l__siunitx_table_before_box=\box63
\l__siunitx_table_after_box=\box64
\l__siunitx_table_before_dim=\dimen185
\l__siunitx_table_carry_dim=\dimen186
\l__siunitx_unit_tmp_int=\count337
\l__siunitx_unit_position_int=\count338
\l__siunitx_unit_total_int=\count339
\l__siunitx_sexagesimal_tmp_dim=\dimen187
\l__siunitx_sexagesimal_marker_box=\box65
\l__siunitx_sexagesimal_unit_box=\box66
 (C:\Users\UserName\AppData\Local\Programs\MiKTeX\tex/latex/tools\array.sty
Package: array 2025/09/25 v2.6n Tabular extension package (FMi)
\col@sep=\dimen188
\ar@mcellbox=\box67
\extrarowheight=\dimen189
\NC@list=\toks30
\extratabsurround=\skip58
\backup@length=\skip59
\ar@cellbox=\box68
)) (C:\Users\UserName\AppData\Local\Programs\MiKTeX\tex/latex/tools\longtable.sty
Package: longtable 2025-10-13 v4.24 Multi-page Table package (DPC)
\LTleft=\skip60
\LTright=\skip61
\LTpre=\skip62
\LTpost=\skip63
\LTchunksize=\count340
\LTcapwidth=\dimen190
\LT@head=\box69
\LT@firsthead=\box70
\LT@foot=\box71
\LT@lastfoot=\box72
\LT@gbox=\box73
\LT@cols=\count341
\LT@rows=\count342
\c@LT@tables=\count343
\c@LT@chunks=\count344
\LT@p@ftn=\toks31
) (C:\Users\UserName\AppData\Local\Programs\MiKTeX\tex/latex/booktabs\booktabs.sty
Package: booktabs 2020/01/12 v1.61803398 Publication quality tables
\heavyrulewidth=\dimen191
\lightrulewidth=\dimen192
\cmidrulewidth=\dimen193
\belowrulesep=\dimen194
\belowbottomsep=\dimen195
\aboverulesep=\dimen196
\abovetopsep=\dimen197
\cmidrulesep=\dimen198
\cmidrulekern=\dimen199
\defaultaddspace=\dimen256
\@cmidla=\count345
\@cmidlb=\count346
\@aboverulesep=\dimen257
\@belowrulesep=\dimen258
\@thisruleclass=\count347
\@lastruleclass=\count348
\@thisrulewidth=\dimen259
)
Package translations Info: No language package found. I am going to use `english' as default language. on input line 73.
 (C:\Users\UserName\AppData\Local\Programs\MiKTeX\tex/latex/l3backend\l3backend-pdftex.def
File: l3backend-pdftex.def 2025-10-09 L3 backend support: PDF output (pdfTeX)
\l__color_backend_stack_int=\count349
) (main-en.aux)
\openout1 = `main-en.aux'.

LaTeX Font Info:    Checking defaults for OML/cmm/m/it on input line 73.
LaTeX Font Info:    ... okay on input line 73.
LaTeX Font Info:    Checking defaults for OMS/cmsy/m/n on input line 73.
LaTeX Font Info:    ... okay on input line 73.
LaTeX Font Info:    Checking defaults for OT1/cmr/m/n on input line 73.
LaTeX Font Info:    ... okay on input line 73.
LaTeX Font Info:    Checking defaults for T1/cmr/m/n on input line 73.
LaTeX Font Info:    ... okay on input line 73.
LaTeX Font Info:    Checking defaults for TS1/cmr/m/n on input line 73.
LaTeX Font Info:    ... okay on input line 73.
LaTeX Font Info:    Checking defaults for OMX/cmex/m/n on input line 73.
LaTeX Font Info:    ... okay on input line 73.
LaTeX Font Info:    Checking defaults for U/cmr/m/n on input line 73.
LaTeX Font Info:    ... okay on input line 73.
LaTeX Font Info:    Checking defaults for PD1/pdf/m/n on input line 73.
LaTeX Font Info:    ... okay on input line 73.
LaTeX Font Info:    Checking defaults for PU/pdf/m/n on input line 73.
LaTeX Font Info:    ... okay on input line 73.

*geometry* driver: auto-detecting
*geometry* detected driver: pdftex
*geometry* verbose mode - [ preamble ] result:
* driver: pdftex
* paper: a4paper
* layout: <same size as paper>
* layoutoffset:(h,v)=(0.0pt,0.0pt)
* modes: 
* h-part:(L,W,R)=(99.58464pt, 441.01773pt, 56.9055pt)
* v-part:(T,H,B)=(71.13188pt, 702.78308pt, 71.13188pt)
* \paperwidth=597.50787pt
* \paperheight=845.04684pt
* \textwidth=441.01773pt
* \textheight=702.78308pt
* \oddsidemargin=27.31465pt
* \evensidemargin=27.31465pt
* \topmargin=-33.0119pt
* \headheight=12.0pt
* \headsep=19.8738pt
* \topskip=12.0pt
* \footskip=30.0pt
* \marginparwidth=47.0pt
* \marginparsep=7.0pt
* \columnsep=10.0pt
* \skip\footins=10.8pt plus 4.0pt minus 2.0pt
* \hoffset=0.0pt
* \voffset=0.0pt
* \mag=1000
* \@twocolumnfalse
* \@twosidefalse
* \@mparswitchfalse
* \@reversemarginfalse
* (1in=72.27pt=25.4mm, 1cm=28.453pt)

\c@lstlisting=\count350
(C:\Users\UserName\AppData\Local\Programs\MiKTeX\tex/context/base/mkii\supp-pdf.mkii
[Loading MPS to PDF converter (version 2006.09.02).]
\scratchcounter=\count351
\scratchdimen=\dimen260
\scratchbox=\box74
\nofMPsegments=\count352
\nofMParguments=\count353
\everyMPshowfont=\toks32
\MPscratchCnt=\count354
\MPscratchDim=\dimen261
\MPnumerator=\count355
\makeMPintoPDFobject=\count356
\everyMPtoPDFconversion=\toks33
) (C:\Users\UserName\AppData\Local\Programs\MiKTeX\tex/latex/epstopdf-pkg\epstopdf-base.sty
Package: epstopdf-base 2020-01-24 v2.11 Base part for package epstopdf
Package epstopdf-base Info: Redefining graphics rule for `.eps' on input line 485.
 (C:\Users\UserName\AppData\Local\Programs\MiKTeX\tex/latex/00miktex\epstopdf-sys.cfg
File: epstopdf-sys.cfg 2021/03/18 v2.0 Configuration of epstopdf for MiKTeX
)) (C:\Users\UserName\AppData\Local\Programs\MiKTeX\tex/latex/pdflscape\pdflscape.sty
Package: pdflscape 2022-10-27 v0.13 Display of landscape pages in PDF
 (C:\Users\UserName\AppData\Local\Programs\MiKTeX\tex/latex/pdflscape\pdflscape-nometadata.sty
Package: pdflscape-nometadata 2022-10-28 v0.13 Display of landscape pages in PDF (HO)
 (C:\Users\UserName\AppData\Local\Programs\MiKTeX\tex/latex/graphics\lscape.sty
Package: lscape 2020/05/28 v3.02 Landscape Pages (DPC)
)
Package pdflscape Info: Auto-detected driver: pdftex on input line 81.
))
Package hyperref Info: Link coloring OFF on input line 73.
 (main-en.out) (main-en.out)
\@outlinefile=\write3
\openout3 = `main-en.out'.

 (C:\Users\UserName\AppData\Local\Programs\MiKTeX\tex/latex/translations/dicts\translations-basic-dictionary-english.trsl
File: translations-basic-dictionary-english.trsl (english translation file `translations-basic-dictionary')
)
Package translations Info: loading dictionary `translations-basic-dictionary' for `english'. on input line 73.
 [1


{C:/Users/UserName/AppData/Local/MiKTeX/fonts/map/pdftex/pdftex.map}]
LaTeX Font Info:    Trying to load font information for U+msa on input line 123.
 (C:\Users\UserName\AppData\Local\Programs\MiKTeX\tex/latex/amsfonts\umsa.fd
File: umsa.fd 2013/01/14 v3.01 AMS symbols A
)
LaTeX Font Info:    Trying to load font information for U+msb on input line 123.
 (C:\Users\UserName\AppData\Local\Programs\MiKTeX\tex/latex/amsfonts\umsb.fd
File: umsb.fd 2013/01/14 v3.01 AMS symbols B
) [2

]
Package hyperref Info: Option `pageanchor' set `false' on input line 145.
<images/zadanie.pdf, id=138, 597.50731pt x 845.04613pt>
File: images/zadanie.pdf Graphic file (type pdf)
<use images/zadanie.pdf>
Package pdftex.def Info: images/zadanie.pdf  used on input line 146.
(pdftex.def)             Requested size: 597.50584pt x 845.04407pt.
<images/zadanie.pdf, id=140, page=1, 597.50731pt x 845.04613pt>
File: images/zadanie.pdf Graphic file (type pdf)
<use images/zadanie.pdf, page 1>
Package pdftex.def Info: images/zadanie.pdf , page1 used on input line 146.
(pdftex.def)             Requested size: 597.50584pt x 845.04407pt.
File: images/zadanie.pdf Graphic file (type pdf)
<use images/zadanie.pdf, page 1>
Package pdftex.def Info: images/zadanie.pdf , page1 used on input line 146.
(pdftex.def)             Requested size: 597.53319pt x 845.08275pt.
File: images/zadanie.pdf Graphic file (type pdf)
<use images/zadanie.pdf, page 1>
Package pdftex.def Info: images/zadanie.pdf , page1 used on input line 146.
(pdftex.def)             Requested size: 597.53319pt x 845.08275pt.
File: images/zadanie.pdf Graphic file (type pdf)
<use images/zadanie.pdf, page 1>
Package pdftex.def Info: images/zadanie.pdf , page1 used on input line 146.
(pdftex.def)             Requested size: 597.53319pt x 845.08275pt.
File: images/zadanie.pdf Graphic file (type pdf)
<use images/zadanie.pdf, page 1>
Package pdftex.def Info: images/zadanie.pdf , page1 used on input line 146.
(pdftex.def)             Requested size: 597.53319pt x 845.08275pt.
 [3


 <./images/zadanie.pdf>]
<images/zadanie-en.pdf, id=182, 597.50731pt x 845.04613pt>
File: images/zadanie-en.pdf Graphic file (type pdf)
<use images/zadanie-en.pdf>
Package pdftex.def Info: images/zadanie-en.pdf  used on input line 147.
(pdftex.def)             Requested size: 597.50584pt x 845.04407pt.
<images/zadanie-en.pdf, id=184, page=1, 597.50731pt x 845.04613pt>
File: images/zadanie-en.pdf Graphic file (type pdf)
<use images/zadanie-en.pdf, page 1>
Package pdftex.def Info: images/zadanie-en.pdf , page1 used on input line 147.
(pdftex.def)             Requested size: 597.50584pt x 845.04407pt.
File: images/zadanie-en.pdf Graphic file (type pdf)
<use images/zadanie-en.pdf, page 1>
Package pdftex.def Info: images/zadanie-en.pdf , page1 used on input line 147.
(pdftex.def)             Requested size: 597.53319pt x 845.08275pt.
File: images/zadanie-en.pdf Graphic file (type pdf)
<use images/zadanie-en.pdf, page 1>
Package pdftex.def Info: images/zadanie-en.pdf , page1 used on input line 147.
(pdftex.def)             Requested size: 597.53319pt x 845.08275pt.
File: images/zadanie-en.pdf Graphic file (type pdf)
<use images/zadanie-en.pdf, page 1>
Package pdftex.def Info: images/zadanie-en.pdf , page1 used on input line 147.
(pdftex.def)             Requested size: 597.53319pt x 845.08275pt.
File: images/zadanie-en.pdf Graphic file (type pdf)
<use images/zadanie-en.pdf, page 1>
Package pdftex.def Info: images/zadanie-en.pdf , page1 used on input line 147.
(pdftex.def)             Requested size: 597.53319pt x 845.08275pt.
 [4

 <./images/zadanie-en.pdf>]
Package hyperref Info: Option `pageanchor' set `true' on input line 148.
 [5] [6] [7] (main-en.toc [8


])
\tf@toc=\write4
\openout4 = `main-en.toc'.

 [9

] (main-en.lof)
\tf@lof=\write5
\openout5 = `main-en.lof'.

 [10

] (main-en.lot)
\tf@lot=\write6
\openout6 = `main-en.lot'.

 [11

] (intro.tex
Overfull \hbox (29.0681pt too wide) in paragraph at lines 32--34
[]\T1/cmr/bx/n/12 RFID reader \T1/cmr/m/n/12 --- RC522 mod-ule (NXP MFRC522), reads ISO/IEC 14443 A/MIFARE
 []


Overfull \hbox (12.70459pt too wide) in paragraph at lines 37--39
[]\T1/cmr/bx/n/12 CAN FD transceiver \T1/cmr/m/n/12 --- TCAN1057A, links the board to the host over Cat5/RJ45
 []

[1


]) (chapter1.tex [2]
Chapter 1.
<images/schematic.pdf, id=338, 1194.98447pt x 845.0531pt>
File: images/schematic.pdf Graphic file (type pdf)
<use images/schematic.pdf>
Package pdftex.def Info: images/schematic.pdf  used on input line 12.
(pdftex.def)             Requested size: 623.63829pt x 441.01616pt.
[3

] [4 <./images/schematic.pdf>] [5] [6]
Overfull \hbox (8.9695pt too wide) in paragraph at lines 182--185
\T1/cmr/m/n/12 falling-edge in-ter-rupts, en-abling interrupt-driven card de-tec-tion rather than polling. 
 []


Overfull \hbox (19.04791pt too wide) in paragraph at lines 205--210
\T1/cmr/m/n/12 pro-vides higher through-put than SPI. How-ever, the SD-MMC pe-riph-eral on the STM32H523
 []

[7] [8] [9]
Overfull \hbox (7.08109pt too wide) in paragraph at lines 333--336
 []\T1/cmr/bx/n/12 Feedback Di-vider (R18 and R21) --- Out-put Volt-age Set-ting.[] \T1/cmr/m/n/12 The MCP16301H
 []

[10]
Overfull \hbox (8.90524pt too wide) in paragraph at lines 414--416
 []\T1/cmr/bx/n/12 Capacitors C16 and C17.[] \T1/cmr/m/n/12 Two $\OT1/cmr/m/n/12 100$$[]$ \T1/cmr/m/n/12 by-pass ca-pac-i-tors are placed on the transceiver
 []


Overfull \hbox (8.30858pt too wide) in paragraph at lines 458--460
 []\T1/cmr/bx/n/12 Diodes D3 and D4 (PMEG2010ER).[] \T1/cmr/m/n/12 Pro-tec-tion diodes placed on the BOOT0 (D3)
 []

[11]
Overfull \hbox (4.81541pt too wide) in paragraph at lines 474--482
[]\T1/cmr/bx/n/12 Why split ter-mi-na-tion in-stead of a sin-gle $\OT1/cmr/m/n/12 120$$
$ \T1/cmr/bx/n/12 re-sis-tor. \T1/cmr/m/n/12 In a split-termination
 []

[12]
Overfull \hbox (12.30766pt too wide) in paragraph at lines 509--514
 []\T1/cmr/bx/n/12 Capacitors C6 and C13.[] \T1/cmr/m/n/12 Two $\OT1/cmr/m/n/12 10$$[]$ \T1/cmr/m/n/12 C0G, $\OT1/cmr/m/n/12 50$$V$ \T1/cmr/m/n/12 ca-pac-i-tors are placed from CANH (C6)
 []


Overfull \hbox (11.88539pt too wide) in paragraph at lines 516--520
 []\T1/cmr/bx/n/12 U5 --- ESD Pro-tec-tion (ESD2CAN24-ES, SOT-23-3).[] \T1/cmr/m/n/12 A CAN-specific TVS/ESD
 []

[13] [14] [15]
Underfull \hbox (badness 10000) in paragraph at lines 709--709
[]|\T1/cmr/m/n/12 Nominal
 []


Overfull \hbox (8.12512pt too wide) in paragraph at lines 711--711
[]|\T1/cmr/m/n/12 LED1| 
 []


Overfull \hbox (23.2413pt too wide) in paragraph at lines 711--711
[]|\T1/cmr/m/n/12 APHBM2012LSURKZGKC| 
 []


Overfull \hbox (8.12512pt too wide) in paragraph at lines 712--712
[]|\T1/cmr/m/n/12 LED2| 
 []


Overfull \hbox (23.2413pt too wide) in paragraph at lines 712--712
[]|\T1/cmr/m/n/12 APHBM2012LSURKZGKC| 
 []

[16]
<images/pcb_f.pdf, id=830, 597.52838pt x 421.1173pt>
File: images/pcb_f.pdf Graphic file (type pdf)
<use images/pcb_f.pdf>
Package pdftex.def Info: images/pcb_f.pdf  used on input line 753.
(pdftex.def)             Requested size: 625.79128pt x 441.036pt.
<images/pcb_b.pdf, id=831, 597.52838pt x 421.1173pt>
File: images/pcb_b.pdf Graphic file (type pdf)
<use images/pcb_b.pdf>
Package pdftex.def Info: images/pcb_b.pdf  used on input line 760.
(pdftex.def)             Requested size: 625.79128pt x 441.036pt.
) (appendixA-en.tex [17] [18 <./images/pcb_f.pdf>] [19 <./images/pcb_b.pdf>]
Chapter 2.

Overfull \hbox (0.71774pt too wide) in alignment at lines 7--13
 [] [] [] 
 []


Overfull \hbox (0.71774pt too wide) in alignment at lines 13--19
 [] [] [] 
 []


Overfull \hbox (0.71774pt too wide) in alignment at lines 19--22
 [] [] [] 
 []


Underfull \hbox (badness 2197) in paragraph at lines 36--38
[]|\T1/cmr/m/n/12 MAX98357A SD_MODE mono-mix re-sis-tor; $\OML/cmm/m/it/12 R \OT1/cmr/m/n/12 =
 []


Underfull \hbox (badness 1365) in paragraph at lines 77--79
[]|\T1/cmr/m/n/12 LED1 green current-limiting re-sis-tor; $\OML/cmm/m/it/12 R \OT1/cmr/m/n/12 = (3\OML/cmm/m/it/12 :\OT1/cmr/m/n/12 3 \OMS/cmsy/m/n/12 ^^@
 []


Underfull \hbox (badness 2837) in paragraph at lines 83--85
[]|\T1/cmr/m/n/12 LED1 red current-limiting re-sis-tor; $\OML/cmm/m/it/12 R \OT1/cmr/m/n/12 = (3\OML/cmm/m/it/12 :\OT1/cmr/m/n/12 3 \OMS/cmsy/m/n/12 ^^@
 []


Overfull \hbox (0.71774pt too wide) in alignment at lines 22--114
 [] [] [] 
 []


ignored: Infinite glue shrinkage found in box being split [20

]) (chapter2.tex [21]
Chapter 3.

Underfull \hbox (badness 3439) in paragraph at lines 31--32
[]|\T1/cmr/m/n/12 SWD de-bug in-ter-face (not
 []


Underfull \hbox (badness 1354) in paragraph at lines 37--38
[]|\T1/cmr/m/n/12 SPI for SD card (not SD-
 []


Underfull \hbox (badness 2460) in paragraph at lines 58--60
\T1/cmr/m/n/12 fol-lows the datasheet $\OT1/cmr/m/n/12 3\OML/cmm/m/it/12 :\OT1/cmr/m/n/12 3$$V$ \T1/cmr/m/n/12 ref-er-ence de-sign
 []


Underfull \hbox (badness 10000) in paragraph at lines 68--69
[]|\T1/cmr/m/n/12 TCAN1057A CAN FD
 []


Underfull \hbox (badness 1817) in paragraph at lines 74--77
[]|\T1/cmr/m/n/12 Maintains $\OT1/cmr/m/n/12 120$$
$ \T1/cmr/m/n/12 dif-fer-en-tial impedance while
 []


Underfull \hbox (badness 5359) in paragraph at lines 97--98
[]|\T1/cmr/m/n/12 USB 2.0 de-vice only (no
 []


Underfull \hbox (badness 1286) in paragraph at lines 109--112
\T1/cmr/m/n/12 bil-ity of the in-ter-nal LDO volt-age reg-u-la-tor
 []


ignored: Infinite glue shrinkage found in box being split [22

]
ignored: Infinite glue shrinkage found in box being split [23]) (conclusion.tex [24]) [25

] (main-en.bbl
Underfull \hbox (badness 1668) in paragraph at lines 4--10
\T1/cmr/m/n/12 pac-i-tor types.  []$\T1/cmtt/m/n/12 https : / / www . allaboutcircuits . com / technical-[]articles /
 []


Underfull \hbox (badness 10000) in paragraph at lines 19--23
\T1/cmr/m/it/12 Rev. 16\T1/cmr/m/n/12 , 2022.  Avail-able at []$\T1/cmtt/m/n/12 https : / / www . analog . com / media / en /
 []


Underfull \hbox (badness 2126) in paragraph at lines 32--36
[]\T1/cmr/m/n/12 CAN Bus De-bug-ger.  CAN bus ter-mi-na-tion ex-plained.  []$\T1/cmtt/m/n/12 https : / / www .
 []


Underfull \hbox (badness 10000) in paragraph at lines 50--56
[]\T1/cmr/m/n/12 Eric Hack-ett.  Over-com-ing CAN de-sign chal-lenges: How
 []


Underfull \hbox (badness 10000) in paragraph at lines 50--56
\T1/cmr/m/n/12 to eas-ily ter-mi-nate CAN sig-nals.  All About Cir-cuits,
 []


Underfull \hbox (badness 10000) in paragraph at lines 50--56
[]$\T1/cmtt/m/n/12 https : / / www . allaboutcircuits . com / industry-[]articles /
 []


Underfull \hbox (badness 10000) in paragraph at lines 50--56
\T1/cmtt/m/n/12 overcoming-[]can-[]design-[]challenges-[]can-[]signal-[]termination-[]made-[]easy/$[]\T1/cmr/m/n/12 ,
 []

[26



]
Underfull \hbox (badness 10000) in paragraph at lines 58--64
[]\T1/cmr/m/n/12 Infineon Tech-nolo-gies.  USB Type-C con-nec-tor: Rp,
 []


Underfull \hbox (badness 10000) in paragraph at lines 58--64
\T1/cmr/m/n/12 Rd, and Ra ter-mi-na-tion re-sis-tors (KBA97180).  []$\T1/cmtt/m/n/12 https :
 []


Underfull \hbox (badness 10000) in paragraph at lines 58--64
\T1/cmtt/m/n/12 / / community . infineon . com / t5 / Knowledge-[]Base-[]Articles /
 []


Underfull \hbox (badness 10000) in paragraph at lines 58--64
\T1/cmtt/m/n/12 USB-[]Type-[]C-[]connector-[]Rp-[]Rd-[]and-[]Ra-[]termination-[]resistors / ta-[]p /
 []


Underfull \hbox (badness 10000) in paragraph at lines 72--77
[]\T1/cmr/m/n/12 Knowles Ca-pac-i-tors.  Ca-pac-i-tor fun-da-men-tals part 8: Di-elec-
 []


Underfull \hbox (badness 10000) in paragraph at lines 72--77
\T1/cmr/m/n/12 tric clas-si-fi-ca-tions.  []$\T1/cmtt/m/n/12 https : / / blog . knowlescapacitors . com / blog /
 []


Underfull \hbox (badness 10000) in paragraph at lines 79--82
[]\T1/cmr/m/n/12 Kvaser.  CAN FD pro-to-col tu-to-rial.  []$\T1/cmtt/m/n/12 https : / / kvaser . com /
 []


Underfull \hbox (badness 2245) in paragraph at lines 98--103
[]\T1/cmr/m/n/12 National In-stru-ments (NI).  Un-der-stand-ing CAN with flex-i-ble data-rate
 []


Underfull \hbox (badness 3068) in paragraph at lines 98--103
\T1/cmr/m/n/12 (CAN FD).  []$\T1/cmtt/m/n/12 https : / / www . ni . com / en-[]us / innovations / white-[]papers / 14 /
 []


Underfull \hbox (badness 2080) in paragraph at lines 117--122
\T1/cmr/m/it/12 Fron-tend, Rev. 3.9\T1/cmr/m/n/12 , 2016.  Avail-able at []$\T1/cmtt/m/n/12 https : / / www . nxp . com / docs / en /
 []

[27]) [28] (main-en.aux)
 ***********
LaTeX2e <2025-11-01>
L3 programming layer <2026-01-19>
 ***********
Package rerunfilecheck Info: File `main-en.out' has not changed.
(rerunfilecheck)             Checksum: 2ECB4384A64A85812AE2A13944DFDD7C;5469.
 ) 
Here is how much of TeX's memory you used:
 17708 strings out of 467866
 335770 string characters out of 5416861
 730165 words of memory out of 5000000
 46200 multiletter control sequences out of 15000+600000
 646311 words of font info for 81 fonts, out of 8000000 for 9000
 1141 hyphenation exceptions out of 8191
 75i,17n,90p,356b,1173s stack positions out of 10000i,1000n,20000p,200000b,200000s
 <C:\Users\UserName\AppData\Local\MiKTeX\fonts/pk/ljfour/jknappen/ec/dpi600\ecti1200.pk> <C:\Users\UserName\AppData\Local\MiKTeX\fonts/pk/ljfour/jknappen/ec/dpi600\ecbx1440.pk> <C:\Users\UserName\AppData\Local\MiKTeX\fonts/pk/ljfour/jknappen/ec/dpi600\tcrm1200.pk> <C:\Users\UserName\AppData\Local\MiKTeX\fonts/pk/ljfour/jknappen/ec/dpi600\ectt1200.pk> <C:\Users\UserName\AppData\Local\MiKTeX\fonts/pk/ljfour/jknappen/ec/dpi600\ecbx2488.pk> <C:\Users\UserName\AppData\Local\MiKTeX\fonts/pk/ljfour/jknappen/ec/dpi600\ecbx1728.pk> <C:\Users\UserName\AppData\Local\MiKTeX\fonts/pk/ljfour/jknappen/ec/dpi600\ecrm0800.pk> <C:\Users\UserName\AppData\Local\MiKTeX\fonts/pk/ljfour/jknappen/ec/dpi600\ecbx1200.pk> <C:\Users\UserName\AppData\Local\MiKTeX\fonts/pk/ljfour/jknappen/ec/dpi600\ecrm1200.pk> <C:\Users\UserName\AppData\Local\MiKTeX\fonts/pk/ljfour/jknappen/ec/dpi600\eccc2074.pk> <C:\Users\UserName\AppData\Local\MiKTeX\fonts/pk/ljfour/jknappen/ec/dpi600\eccc1440.pk><C:/Users/UserName/AppData/Local/Programs/MiKTeX/fonts/type1/public/amsfonts/cm/cmex10.pfb><C:/Users/UserName/AppData/Local/Programs/MiKTeX/fonts/type1/public/amsfonts/cm/cmmi12.pfb><C:/Users/UserName/AppData/Local/Programs/MiKTeX/fonts/type1/public/amsfonts/cm/cmmi8.pfb><C:/Users/UserName/AppData/Local/Programs/MiKTeX/fonts/type1/public/amsfonts/cm/cmr12.pfb><C:/Users/UserName/AppData/Local/Programs/MiKTeX/fonts/type1/public/amsfonts/cm/cmr8.pfb><C:/Users/UserName/AppData/Local/Programs/MiKTeX/fonts/type1/public/amsfonts/cm/cmsy10.pfb><C:/Users/UserName/AppData/Local/Programs/MiKTeX/fonts/type1/public/amsfonts/cm/cmsy8.pfb><C:/Users/UserName/AppData/Local/Programs/MiKTeX/fonts/type1/public/amsfonts/symbols/msam10.pfb>
Output written on main-en.pdf (39 pages, 1789503 bytes).
PDF statistics:
 1576 PDF objects out of 1728 (max. 8388607)
 163 named destinations out of 1000 (max. 500000)
 294 words of extra memory for PDF output out of 10000 (max. 10000000)

