\BOOKMARK [0][-]{chapter*.10}{\376\377\000I\000n\000t\000r\000o\000d\000u\000c\000t\000i\000o\000n}{}% 1
\BOOKMARK [0][-]{chapter.1}{\376\377\000D\000e\000s\000i\000g\000n\000\040\000a\000n\000d\000\040\000A\000s\000s\000e\000m\000b\000l\000y\000\040\000o\000f\000\040\000t\000h\000e\000\040\000U\000A\000C\000S\000\040\000P\000C\000B}{}% 2
\BOOKMARK [1][-]{section.1.1}{\376\377\000M\000i\000c\000r\000o\000c\000o\000n\000t\000r\000o\000l\000l\000e\000r\000\040\040\024\000\040\000S\000T\000M\0003\0002\000H\0005\0002\0003\000C\000E\000T\0006}{chapter.1}% 3
\BOOKMARK [2][-]{subsection.1.1.1}{\376\377\000D\000e\000b\000u\000g\000\040\000I\000n\000t\000e\000r\000f\000a\000c\000e\000\040\000\050\000S\000W\000D\000\051}{section.1.1}% 4
\BOOKMARK [2][-]{subsection.1.1.2}{\376\377\000R\000e\000s\000e\000t\000\040\000C\000i\000r\000c\000u\000i\000t}{section.1.1}% 5
\BOOKMARK [2][-]{subsection.1.1.3}{\376\377\000B\000O\000O\000T\0000\000\040\000C\000i\000r\000c\000u\000i\000t}{section.1.1}% 6
\BOOKMARK [2][-]{subsection.1.1.4}{\376\377\000C\000r\000y\000s\000t\000a\000l\000\040\000O\000s\000c\000i\000l\000l\000a\000t\000o\000r}{section.1.1}% 7
\BOOKMARK [2][-]{subsection.1.1.5}{\376\377\000V\000C\000A\000P\000\040\040\024\000\040\000I\000n\000t\000e\000r\000n\000a\000l\000\040\000R\000e\000g\000u\000l\000a\000t\000o\000r\000\040\000C\000a\000p\000a\000c\000i\000t\000o\000r\000s}{section.1.1}% 8
\BOOKMARK [2][-]{subsection.1.1.6}{\376\377\000P\000o\000w\000e\000r\000\040\000P\000i\000n\000s\000\040\000a\000n\000d\000\040\000D\000e\000c\000o\000u\000p\000l\000i\000n\000g}{section.1.1}% 9
\BOOKMARK [2][-]{subsection.1.1.7}{\376\377\000R\000F\000I\000D\000\040\000R\000e\000a\000d\000e\000r\000\040\040\024\000\040\000R\000C\0005\0002\0002\000\040\000M\000o\000d\000u\000l\000e\000\040\000\050\000M\000F\000R\000C\0005\0002\0002\000\051}{section.1.1}% 10
\BOOKMARK [1][-]{section.1.2}{\376\377\000S\000D\000\040\000C\000a\000r\000d\000\040\040\024\000\040\000M\000L\000D\000-\000T\000F\000\040\000P\000U\000S\000H\000-\000H\0001\0008}{chapter.1}% 11
\BOOKMARK [1][-]{section.1.3}{\376\377\000P\000o\000w\000e\000r\000\040\000S\000u\000p\000p\000l\000y}{chapter.1}% 12
\BOOKMARK [2][-]{subsection.1.3.1}{\376\377\000A\000r\000c\000h\000i\000t\000e\000c\000t\000u\000r\000e}{section.1.3}% 13
\BOOKMARK [2][-]{subsection.1.3.2}{\376\377\000B\000u\000c\000k\000\040\000C\000o\000n\000v\000e\000r\000t\000e\000r\000\040\040\024\000\040\000M\000C\000P\0001\0006\0003\0000\0001\000H}{section.1.3}% 14
\BOOKMARK [2][-]{subsection.1.3.3}{\376\377\000V\000D\000D\000A\000\040\000F\000i\000l\000t\000e\000r}{section.1.3}% 15
\BOOKMARK [1][-]{section.1.4}{\376\377\000C\000A\000N\000\040\000B\000u\000s\000\040\040\024\000\040\000T\000C\000A\000N\0001\0000\0005\0007\000A}{chapter.1}% 16
\BOOKMARK [2][-]{subsection.1.4.1}{\376\377\000T\000r\000a\000n\000s\000c\000e\000i\000v\000e\000r\000\040\000C\000o\000n\000f\000i\000g\000u\000r\000a\000t\000i\000o\000n}{section.1.4}% 17
\BOOKMARK [2][-]{subsection.1.4.2}{\376\377\000R\000J\0004\0005\000\040\000C\000a\000b\000l\000i\000n\000g\000\040\000a\000n\000d\000\040\000P\000a\000i\000r\000\040\000A\000s\000s\000i\000g\000n\000m\000e\000n\000t}{section.1.4}% 18
\BOOKMARK [2][-]{subsection.1.4.3}{\376\377\000B\000u\000s\000\040\000T\000e\000r\000m\000i\000n\000a\000t\000i\000o\000n}{section.1.4}% 19
\BOOKMARK [2][-]{subsection.1.4.4}{\376\377\000H\000i\000g\000h\000-\000F\000r\000e\000q\000u\000e\000n\000c\000y\000\040\000B\000y\000p\000a\000s\000s\000\040\000a\000n\000d\000\040\000E\000S\000D\000\040\000P\000r\000o\000t\000e\000c\000t\000i\000o\000n}{section.1.4}% 20
\BOOKMARK [1][-]{section.1.5}{\376\377\000A\000u\000d\000i\000o\000\040\000A\000m\000p\000l\000i\000f\000i\000e\000r\000\040\040\024\000\040\000M\000A\000X\0009\0008\0003\0005\0007\000A}{chapter.1}% 21
\BOOKMARK [2][-]{subsection.1.5.1}{\376\377\000S\000D\000\137\000M\000O\000D\000E\000\040\000/\000\040\000S\000h\000u\000t\000d\000o\000w\000n\000\040\000C\000o\000n\000t\000r\000o\000l}{section.1.5}% 22
\BOOKMARK [2][-]{subsection.1.5.2}{\376\377\000G\000a\000i\000n\000\040\000C\000o\000n\000f\000i\000g\000u\000r\000a\000t\000i\000o\000n\000\040\000\050\000G\000A\000I\000N\000\137\000S\000L\000O\000T\000\051}{section.1.5}% 23
\BOOKMARK [2][-]{subsection.1.5.3}{\376\377\000S\000p\000e\000a\000k\000e\000r\000\040\000a\000n\000d\000\040\000P\000o\000w\000e\000r\000\040\000B\000u\000d\000g\000e\000t}{section.1.5}% 24
\BOOKMARK [2][-]{subsection.1.5.4}{\376\377\000D\000e\000c\000o\000u\000p\000l\000i\000n\000g}{section.1.5}% 25
\BOOKMARK [1][-]{section.1.6}{\376\377\000U\000S\000B\000-\000C\000\040\000I\000n\000t\000e\000r\000f\000a\000c\000e}{chapter.1}% 26
\BOOKMARK [1][-]{section.1.7}{\376\377\000I\000n\000d\000i\000c\000a\000t\000o\000r\000\040\000L\000E\000D\000s\000\040\040\024\000\040\000A\000P\000H\000B\000M\0002\0000\0001\0002\000\040\000S\000e\000r\000i\000e\000s}{chapter.1}% 27
\BOOKMARK [0][-]{chapter.2}{\376\377\000R\000e\000s\000i\000s\000t\000o\000r\000\040\000V\000a\000l\000u\000e\000\040\000S\000u\000m\000m\000a\000r\000y}{}% 28
\BOOKMARK [0][-]{chapter.3}{\376\377\000S\000u\000m\000m\000a\000r\000y\000\040\000o\000f\000\040\000D\000e\000s\000i\000g\000n\000\040\000D\000e\000c\000i\000s\000i\000o\000n\000s}{}% 29
\BOOKMARK [0][-]{chapter*.51}{\376\377\000C\000o\000n\000c\000l\000u\000s\000i\000o\000n}{}% 30
\BOOKMARK [0][-]{chapter*.51}{\376\377\000R\000e\000f\000e\000r\000e\000n\000c\000e\000s}{}% 31
