17:37:13 **** Build of configuration Debug for project UACS-Reader-Firmware ****
make -j12 all 
arm-none-eabi-gcc "/home/pythoninnutshell/STM32Cube/Repository/STM32Cube_FW_F1_V1.8.6/Drivers/STM32F1xx_HAL_Driver/Src/stm32f1xx_hal.c" -mcpu=cortex-m3 -std=gnu11 -g3 -DDEBUG -DUSE_HAL_DRIVER -DSTM32F103xB -c -I../Core/Inc -I/home/pythoninnutshell/STM32Cube/Repository/STM32Cube_FW_F1_V1.8.6/Drivers/STM32F1xx_HAL_Driver/Inc/Legacy -I/home/pythoninnutshell/STM32Cube/Repository/STM32Cube_FW_F1_V1.8.6/Drivers/STM32F1xx_HAL_Driver/Inc -I/home/pythoninnutshell/STM32Cube/Repository/STM32Cube_FW_F1_V1.8.6/Drivers/CMSIS/Device/ST/STM32F1xx/Include -I/home/pythoninnutshell/STM32Cube/Repository/STM32Cube_FW_F1_V1.8.6/Drivers/CMSIS/Include -O0 -ffunction-sections -fdata-sections -Wall -fstack-usage -fcyclomatic-complexity -MMD -MP -MF"Drivers/STM32F1xx_HAL_Driver/stm32f1xx_hal.d" -MT"Drivers/STM32F1xx_HAL_Driver/stm32f1xx_hal.o" --specs=nano.specs -mfloat-abi=soft -mthumb -o "Drivers/STM32F1xx_HAL_Driver/stm32f1xx_hal.o"
arm-none-eabi-gcc "/home/pythoninnutshell/STM32Cube/Repository/STM32Cube_FW_F1_V1.8.6/Drivers/STM32F1xx_HAL_Driver/Src/stm32f1xx_hal_cortex.c" -mcpu=cortex-m3 -std=gnu11 -g3 -DDEBUG -DUSE_HAL_DRIVER -DSTM32F103xB -c -I../Core/Inc -I/home/pythoninnutshell/STM32Cube/Repository/STM32Cube_FW_F1_V1.8.6/Drivers/STM32F1xx_HAL_Driver/Inc/Legacy -I/home/pythoninnutshell/STM32Cube/Repository/STM32Cube_FW_F1_V1.8.6/Drivers/STM32F1xx_HAL_Driver/Inc -I/home/pythoninnutshell/STM32Cube/Repository/STM32Cube_FW_F1_V1.8.6/Drivers/CMSIS/Device/ST/STM32F1xx/Include -I/home/pythoninnutshell/STM32Cube/Repository/STM32Cube_FW_F1_V1.8.6/Drivers/CMSIS/Include -O0 -ffunction-sections -fdata-sections -Wall -fstack-usage -fcyclomatic-complexity -MMD -MP -MF"Drivers/STM32F1xx_HAL_Driver/stm32f1xx_hal_cortex.d" -MT"Drivers/STM32F1xx_HAL_Driver/stm32f1xx_hal_cortex.o" --specs=nano.specs -mfloat-abi=soft -mthumb -o "Drivers/STM32F1xx_HAL_Driver/stm32f1xx_hal_cortex.o"
arm-none-eabi-gcc "/home/pythoninnutshell/STM32Cube/Repository/STM32Cube_FW_F1_V1.8.6/Drivers/STM32F1xx_HAL_Driver/Src/stm32f1xx_hal_dma.c" -mcpu=cortex-m3 -std=gnu11 -g3 -DDEBUG -DUSE_HAL_DRIVER -DSTM32F103xB -c -I../Core/Inc -I/home/pythoninnutshell/STM32Cube/Repository/STM32Cube_FW_F1_V1.8.6/Drivers/STM32F1xx_HAL_Driver/Inc/Legacy -I/home/pythoninnutshell/STM32Cube/Repository/STM32Cube_FW_F1_V1.8.6/Drivers/STM32F1xx_HAL_Driver/Inc -I/home/pythoninnutshell/STM32Cube/Repository/STM32Cube_FW_F1_V1.8.6/Drivers/CMSIS/Device/ST/STM32F1xx/Include -I/home/pythoninnutshell/STM32Cube/Repository/STM32Cube_FW_F1_V1.8.6/Drivers/CMSIS/Include -O0 -ffunction-sections -fdata-sections -Wall -fstack-usage -fcyclomatic-complexity -MMD -MP -MF"Drivers/STM32F1xx_HAL_Driver/stm32f1xx_hal_dma.d" -MT"Drivers/STM32F1xx_HAL_Driver/stm32f1xx_hal_dma.o" --specs=nano.specs -mfloat-abi=soft -mthumb -o "Drivers/STM32F1xx_HAL_Driver/stm32f1xx_hal_dma.o"
arm-none-eabi-gcc "/home/pythoninnutshell/STM32Cube/Repository/STM32Cube_FW_F1_V1.8.6/Drivers/STM32F1xx_HAL_Driver/Src/stm32f1xx_hal_exti.c" -mcpu=cortex-m3 -std=gnu11 -g3 -DDEBUG -DUSE_HAL_DRIVER -DSTM32F103xB -c -I../Core/Inc -I/home/pythoninnutshell/STM32Cube/Repository/STM32Cube_FW_F1_V1.8.6/Drivers/STM32F1xx_HAL_Driver/Inc/Legacy -I/home/pythoninnutshell/STM32Cube/Repository/STM32Cube_FW_F1_V1.8.6/Drivers/STM32F1xx_HAL_Driver/Inc -I/home/pythoninnutshell/STM32Cube/Repository/STM32Cube_FW_F1_V1.8.6/Drivers/CMSIS/Device/ST/STM32F1xx/Include -I/home/pythoninnutshell/STM32Cube/Repository/STM32Cube_FW_F1_V1.8.6/Drivers/CMSIS/Include -O0 -ffunction-sections -fdata-sections -Wall -fstack-usage -fcyclomatic-complexity -MMD -MP -MF"Drivers/STM32F1xx_HAL_Driver/stm32f1xx_hal_exti.d" -MT"Drivers/STM32F1xx_HAL_Driver/stm32f1xx_hal_exti.o" --specs=nano.specs -mfloat-abi=soft -mthumb -o "Drivers/STM32F1xx_HAL_Driver/stm32f1xx_hal_exti.o"
arm-none-eabi-gcc "/home/pythoninnutshell/STM32Cube/Repository/STM32Cube_FW_F1_V1.8.6/Drivers/STM32F1xx_HAL_Driver/Src/stm32f1xx_hal_flash.c" -mcpu=cortex-m3 -std=gnu11 -g3 -DDEBUG -DUSE_HAL_DRIVER -DSTM32F103xB -c -I../Core/Inc -I/home/pythoninnutshell/STM32Cube/Repository/STM32Cube_FW_F1_V1.8.6/Drivers/STM32F1xx_HAL_Driver/Inc/Legacy -I/home/pythoninnutshell/STM32Cube/Repository/STM32Cube_FW_F1_V1.8.6/Drivers/STM32F1xx_HAL_Driver/Inc -I/home/pythoninnutshell/STM32Cube/Repository/STM32Cube_FW_F1_V1.8.6/Drivers/CMSIS/Device/ST/STM32F1xx/Include -I/home/pythoninnutshell/STM32Cube/Repository/STM32Cube_FW_F1_V1.8.6/Drivers/CMSIS/Include -O0 -ffunction-sections -fdata-sections -Wall -fstack-usage -fcyclomatic-complexity -MMD -MP -MF"Drivers/STM32F1xx_HAL_Driver/stm32f1xx_hal_flash.d" -MT"Drivers/STM32F1xx_HAL_Driver/stm32f1xx_hal_flash.o" --specs=nano.specs -mfloat-abi=soft -mthumb -o "Drivers/STM32F1xx_HAL_Driver/stm32f1xx_hal_flash.o"
arm-none-eabi-gcc "/home/pythoninnutshell/STM32Cube/Repository/STM32Cube_FW_F1_V1.8.6/Drivers/STM32F1xx_HAL_Driver/Src/stm32f1xx_hal_flash_ex.c" -mcpu=cortex-m3 -std=gnu11 -g3 -DDEBUG -DUSE_HAL_DRIVER -DSTM32F103xB -c -I../Core/Inc -I/home/pythoninnutshell/STM32Cube/Repository/STM32Cube_FW_F1_V1.8.6/Drivers/STM32F1xx_HAL_Driver/Inc/Legacy -I/home/pythoninnutshell/STM32Cube/Repository/STM32Cube_FW_F1_V1.8.6/Drivers/STM32F1xx_HAL_Driver/Inc -I/home/pythoninnutshell/STM32Cube/Repository/STM32Cube_FW_F1_V1.8.6/Drivers/CMSIS/Device/ST/STM32F1xx/Include -I/home/pythoninnutshell/STM32Cube/Repository/STM32Cube_FW_F1_V1.8.6/Drivers/CMSIS/Include -O0 -ffunction-sections -fdata-sections -Wall -fstack-usage -fcyclomatic-complexity -MMD -MP -MF"Drivers/STM32F1xx_HAL_Driver/stm32f1xx_hal_flash_ex.d" -MT"Drivers/STM32F1xx_HAL_Driver/stm32f1xx_hal_flash_ex.o" --specs=nano.specs -mfloat-abi=soft -mthumb -o "Drivers/STM32F1xx_HAL_Driver/stm32f1xx_hal_flash_ex.o"
arm-none-eabi-gcc "/home/pythoninnutshell/STM32Cube/Repository/STM32Cube_FW_F1_V1.8.6/Drivers/STM32F1xx_HAL_Driver/Src/stm32f1xx_hal_gpio.c" -mcpu=cortex-m3 -std=gnu11 -g3 -DDEBUG -DUSE_HAL_DRIVER -DSTM32F103xB -c -I../Core/Inc -I/home/pythoninnutshell/STM32Cube/Repository/STM32Cube_FW_F1_V1.8.6/Drivers/STM32F1xx_HAL_Driver/Inc/Legacy -I/home/pythoninnutshell/STM32Cube/Repository/STM32Cube_FW_F1_V1.8.6/Drivers/STM32F1xx_HAL_Driver/Inc -I/home/pythoninnutshell/STM32Cube/Repository/STM32Cube_FW_F1_V1.8.6/Drivers/CMSIS/Device/ST/STM32F1xx/Include -I/home/pythoninnutshell/STM32Cube/Repository/STM32Cube_FW_F1_V1.8.6/Drivers/CMSIS/Include -O0 -ffunction-sections -fdata-sections -Wall -fstack-usage -fcyclomatic-complexity -MMD -MP -MF"Drivers/STM32F1xx_HAL_Driver/stm32f1xx_hal_gpio.d" -MT"Drivers/STM32F1xx_HAL_Driver/stm32f1xx_hal_gpio.o" --specs=nano.specs -mfloat-abi=soft -mthumb -o "Drivers/STM32F1xx_HAL_Driver/stm32f1xx_hal_gpio.o"
arm-none-eabi-gcc "/home/pythoninnutshell/STM32Cube/Repository/STM32Cube_FW_F1_V1.8.6/Drivers/STM32F1xx_HAL_Driver/Src/stm32f1xx_hal_gpio_ex.c" -mcpu=cortex-m3 -std=gnu11 -g3 -DDEBUG -DUSE_HAL_DRIVER -DSTM32F103xB -c -I../Core/Inc -I/home/pythoninnutshell/STM32Cube/Repository/STM32Cube_FW_F1_V1.8.6/Drivers/STM32F1xx_HAL_Driver/Inc/Legacy -I/home/pythoninnutshell/STM32Cube/Repository/STM32Cube_FW_F1_V1.8.6/Drivers/STM32F1xx_HAL_Driver/Inc -I/home/pythoninnutshell/STM32Cube/Repository/STM32Cube_FW_F1_V1.8.6/Drivers/CMSIS/Device/ST/STM32F1xx/Include -I/home/pythoninnutshell/STM32Cube/Repository/STM32Cube_FW_F1_V1.8.6/Drivers/CMSIS/Include -O0 -ffunction-sections -fdata-sections -Wall -fstack-usage -fcyclomatic-complexity -MMD -MP -MF"Drivers/STM32F1xx_HAL_Driver/stm32f1xx_hal_gpio_ex.d" -MT"Drivers/STM32F1xx_HAL_Driver/stm32f1xx_hal_gpio_ex.o" --specs=nano.specs -mfloat-abi=soft -mthumb -o "Drivers/STM32F1xx_HAL_Driver/stm32f1xx_hal_gpio_ex.o"
arm-none-eabi-gcc "/home/pythoninnutshell/STM32Cube/Repository/STM32Cube_FW_F1_V1.8.6/Drivers/STM32F1xx_HAL_Driver/Src/stm32f1xx_hal_pcd.c" -mcpu=cortex-m3 -std=gnu11 -g3 -DDEBUG -DUSE_HAL_DRIVER -DSTM32F103xB -c -I../Core/Inc -I/home/pythoninnutshell/STM32Cube/Repository/STM32Cube_FW_F1_V1.8.6/Drivers/STM32F1xx_HAL_Driver/Inc/Legacy -I/home/pythoninnutshell/STM32Cube/Repository/STM32Cube_FW_F1_V1.8.6/Drivers/STM32F1xx_HAL_Driver/Inc -I/home/pythoninnutshell/STM32Cube/Repository/STM32Cube_FW_F1_V1.8.6/Drivers/CMSIS/Device/ST/STM32F1xx/Include -I/home/pythoninnutshell/STM32Cube/Repository/STM32Cube_FW_F1_V1.8.6/Drivers/CMSIS/Include -O0 -ffunction-sections -fdata-sections -Wall -fstack-usage -fcyclomatic-complexity -MMD -MP -MF"Drivers/STM32F1xx_HAL_Driver/stm32f1xx_hal_pcd.d" -MT"Drivers/STM32F1xx_HAL_Driver/stm32f1xx_hal_pcd.o" --specs=nano.specs -mfloat-abi=soft -mthumb -o "Drivers/STM32F1xx_HAL_Driver/stm32f1xx_hal_pcd.o"
arm-none-eabi-gcc "/home/pythoninnutshell/STM32Cube/Repository/STM32Cube_FW_F1_V1.8.6/Drivers/STM32F1xx_HAL_Driver/Src/stm32f1xx_hal_pcd_ex.c" -mcpu=cortex-m3 -std=gnu11 -g3 -DDEBUG -DUSE_HAL_DRIVER -DSTM32F103xB -c -I../Core/Inc -I/home/pythoninnutshell/STM32Cube/Repository/STM32Cube_FW_F1_V1.8.6/Drivers/STM32F1xx_HAL_Driver/Inc/Legacy -I/home/pythoninnutshell/STM32Cube/Repository/STM32Cube_FW_F1_V1.8.6/Drivers/STM32F1xx_HAL_Driver/Inc -I/home/pythoninnutshell/STM32Cube/Repository/STM32Cube_FW_F1_V1.8.6/Drivers/CMSIS/Device/ST/STM32F1xx/Include -I/home/pythoninnutshell/STM32Cube/Repository/STM32Cube_FW_F1_V1.8.6/Drivers/CMSIS/Include -O0 -ffunction-sections -fdata-sections -Wall -fstack-usage -fcyclomatic-complexity -MMD -MP -MF"Drivers/STM32F1xx_HAL_Driver/stm32f1xx_hal_pcd_ex.d" -MT"Drivers/STM32F1xx_HAL_Driver/stm32f1xx_hal_pcd_ex.o" --specs=nano.specs -mfloat-abi=soft -mthumb -o "Drivers/STM32F1xx_HAL_Driver/stm32f1xx_hal_pcd_ex.o"
arm-none-eabi-gcc "/home/pythoninnutshell/STM32Cube/Repository/STM32Cube_FW_F1_V1.8.6/Drivers/STM32F1xx_HAL_Driver/Src/stm32f1xx_hal_pwr.c" -mcpu=cortex-m3 -std=gnu11 -g3 -DDEBUG -DUSE_HAL_DRIVER -DSTM32F103xB -c -I../Core/Inc -I/home/pythoninnutshell/STM32Cube/Repository/STM32Cube_FW_F1_V1.8.6/Drivers/STM32F1xx_HAL_Driver/Inc/Legacy -I/home/pythoninnutshell/STM32Cube/Repository/STM32Cube_FW_F1_V1.8.6/Drivers/STM32F1xx_HAL_Driver/Inc -I/home/pythoninnutshell/STM32Cube/Repository/STM32Cube_FW_F1_V1.8.6/Drivers/CMSIS/Device/ST/STM32F1xx/Include -I/home/pythoninnutshell/STM32Cube/Repository/STM32Cube_FW_F1_V1.8.6/Drivers/CMSIS/Include -O0 -ffunction-sections -fdata-sections -Wall -fstack-usage -fcyclomatic-complexity -MMD -MP -MF"Drivers/STM32F1xx_HAL_Driver/stm32f1xx_hal_pwr.d" -MT"Drivers/STM32F1xx_HAL_Driver/stm32f1xx_hal_pwr.o" --specs=nano.specs -mfloat-abi=soft -mthumb -o "Drivers/STM32F1xx_HAL_Driver/stm32f1xx_hal_pwr.o"
arm-none-eabi-gcc "/home/pythoninnutshell/STM32Cube/Repository/STM32Cube_FW_F1_V1.8.6/Drivers/STM32F1xx_HAL_Driver/Src/stm32f1xx_hal_rcc.c" -mcpu=cortex-m3 -std=gnu11 -g3 -DDEBUG -DUSE_HAL_DRIVER -DSTM32F103xB -c -I../Core/Inc -I/home/pythoninnutshell/STM32Cube/Repository/STM32Cube_FW_F1_V1.8.6/Drivers/STM32F1xx_HAL_Driver/Inc/Legacy -I/home/pythoninnutshell/STM32Cube/Repository/STM32Cube_FW_F1_V1.8.6/Drivers/STM32F1xx_HAL_Driver/Inc -I/home/pythoninnutshell/STM32Cube/Repository/STM32Cube_FW_F1_V1.8.6/Drivers/CMSIS/Device/ST/STM32F1xx/Include -I/home/pythoninnutshell/STM32Cube/Repository/STM32Cube_FW_F1_V1.8.6/Drivers/CMSIS/Include -O0 -ffunction-sections -fdata-sections -Wall -fstack-usage -fcyclomatic-complexity -MMD -MP -MF"Drivers/STM32F1xx_HAL_Driver/stm32f1xx_hal_rcc.d" -MT"Drivers/STM32F1xx_HAL_Driver/stm32f1xx_hal_rcc.o" --specs=nano.specs -mfloat-abi=soft -mthumb -o "Drivers/STM32F1xx_HAL_Driver/stm32f1xx_hal_rcc.o"
arm-none-eabi-gcc "/home/pythoninnutshell/STM32Cube/Repository/STM32Cube_FW_F1_V1.8.6/Drivers/STM32F1xx_HAL_Driver/Src/stm32f1xx_hal_rcc_ex.c" -mcpu=cortex-m3 -std=gnu11 -g3 -DDEBUG -DUSE_HAL_DRIVER -DSTM32F103xB -c -I../Core/Inc -I/home/pythoninnutshell/STM32Cube/Repository/STM32Cube_FW_F1_V1.8.6/Drivers/STM32F1xx_HAL_Driver/Inc/Legacy -I/home/pythoninnutshell/STM32Cube/Repository/STM32Cube_FW_F1_V1.8.6/Drivers/STM32F1xx_HAL_Driver/Inc -I/home/pythoninnutshell/STM32Cube/Repository/STM32Cube_FW_F1_V1.8.6/Drivers/CMSIS/Device/ST/STM32F1xx/Include -I/home/pythoninnutshell/STM32Cube/Repository/STM32Cube_FW_F1_V1.8.6/Drivers/CMSIS/Include -O0 -ffunction-sections -fdata-sections -Wall -fstack-usage -fcyclomatic-complexity -MMD -MP -MF"Drivers/STM32F1xx_HAL_Driver/stm32f1xx_hal_rcc_ex.d" -MT"Drivers/STM32F1xx_HAL_Driver/stm32f1xx_hal_rcc_ex.o" --specs=nano.specs -mfloat-abi=soft -mthumb -o "Drivers/STM32F1xx_HAL_Driver/stm32f1xx_hal_rcc_ex.o"
arm-none-eabi-gcc "/home/pythoninnutshell/STM32Cube/Repository/STM32Cube_FW_F1_V1.8.6/Drivers/STM32F1xx_HAL_Driver/Src/stm32f1xx_hal_spi.c" -mcpu=cortex-m3 -std=gnu11 -g3 -DDEBUG -DUSE_HAL_DRIVER -DSTM32F103xB -c -I../Core/Inc -I/home/pythoninnutshell/STM32Cube/Repository/STM32Cube_FW_F1_V1.8.6/Drivers/STM32F1xx_HAL_Driver/Inc/Legacy -I/home/pythoninnutshell/STM32Cube/Repository/STM32Cube_FW_F1_V1.8.6/Drivers/STM32F1xx_HAL_Driver/Inc -I/home/pythoninnutshell/STM32Cube/Repository/STM32Cube_FW_F1_V1.8.6/Drivers/CMSIS/Device/ST/STM32F1xx/Include -I/home/pythoninnutshell/STM32Cube/Repository/STM32Cube_FW_F1_V1.8.6/Drivers/CMSIS/Include -O0 -ffunction-sections -fdata-sections -Wall -fstack-usage -fcyclomatic-complexity -MMD -MP -MF"Drivers/STM32F1xx_HAL_Driver/stm32f1xx_hal_spi.d" -MT"Drivers/STM32F1xx_HAL_Driver/stm32f1xx_hal_spi.o" --specs=nano.specs -mfloat-abi=soft -mthumb -o "Drivers/STM32F1xx_HAL_Driver/stm32f1xx_hal_spi.o"
arm-none-eabi-gcc "/home/pythoninnutshell/STM32Cube/Repository/STM32Cube_FW_F1_V1.8.6/Drivers/STM32F1xx_HAL_Driver/Src/stm32f1xx_hal_uart.c" -mcpu=cortex-m3 -std=gnu11 -g3 -DDEBUG -DUSE_HAL_DRIVER -DSTM32F103xB -c -I../Core/Inc -I/home/pythoninnutshell/STM32Cube/Repository/STM32Cube_FW_F1_V1.8.6/Drivers/STM32F1xx_HAL_Driver/Inc/Legacy -I/home/pythoninnutshell/STM32Cube/Repository/STM32Cube_FW_F1_V1.8.6/Drivers/STM32F1xx_HAL_Driver/Inc -I/home/pythoninnutshell/STM32Cube/Repository/STM32Cube_FW_F1_V1.8.6/Drivers/CMSIS/Device/ST/STM32F1xx/Include -I/home/pythoninnutshell/STM32Cube/Repository/STM32Cube_FW_F1_V1.8.6/Drivers/CMSIS/Include -O0 -ffunction-sections -fdata-sections -Wall -fstack-usage -fcyclomatic-complexity -MMD -MP -MF"Drivers/STM32F1xx_HAL_Driver/stm32f1xx_hal_uart.d" -MT"Drivers/STM32F1xx_HAL_Driver/stm32f1xx_hal_uart.o" --specs=nano.specs -mfloat-abi=soft -mthumb -o "Drivers/STM32F1xx_HAL_Driver/stm32f1xx_hal_uart.o"
arm-none-eabi-gcc "/home/pythoninnutshell/STM32Cube/Repository/STM32Cube_FW_F1_V1.8.6/Drivers/STM32F1xx_HAL_Driver/Src/stm32f1xx_ll_usb.c" -mcpu=cortex-m3 -std=gnu11 -g3 -DDEBUG -DUSE_HAL_DRIVER -DSTM32F103xB -c -I../Core/Inc -I/home/pythoninnutshell/STM32Cube/Repository/STM32Cube_FW_F1_V1.8.6/Drivers/STM32F1xx_HAL_Driver/Inc/Legacy -I/home/pythoninnutshell/STM32Cube/Repository/STM32Cube_FW_F1_V1.8.6/Drivers/STM32F1xx_HAL_Driver/Inc -I/home/pythoninnutshell/STM32Cube/Repository/STM32Cube_FW_F1_V1.8.6/Drivers/CMSIS/Device/ST/STM32F1xx/Include -I/home/pythoninnutshell/STM32Cube/Repository/STM32Cube_FW_F1_V1.8.6/Drivers/CMSIS/Include -O0 -ffunction-sections -fdata-sections -Wall -fstack-usage -fcyclomatic-complexity -MMD -MP -MF"Drivers/STM32F1xx_HAL_Driver/stm32f1xx_ll_usb.d" -MT"Drivers/STM32F1xx_HAL_Driver/stm32f1xx_ll_usb.o" --specs=nano.specs -mfloat-abi=soft -mthumb -o "Drivers/STM32F1xx_HAL_Driver/stm32f1xx_ll_usb.o"
arm-none-eabi-gcc -mcpu=cortex-m3 -g3 -DDEBUG -c -x assembler-with-cpp -MMD -MP -MF"Core/Startup/startup_stm32f103c8tx.d" -MT"Core/Startup/startup_stm32f103c8tx.o" --specs=nano.specs -mfloat-abi=soft -mthumb -o "Core/Startup/startup_stm32f103c8tx.o" "../Core/Startup/startup_stm32f103c8tx.s"
arm-none-eabi-gcc "../Core/Src/main.c" -mcpu=cortex-m3 -std=gnu11 -g3 -DDEBUG -DUSE_HAL_DRIVER -DSTM32F103xB -c -I../Core/Inc -I/home/pythoninnutshell/STM32Cube/Repository/STM32Cube_FW_F1_V1.8.6/Drivers/STM32F1xx_HAL_Driver/Inc/Legacy -I/home/pythoninnutshell/STM32Cube/Repository/STM32Cube_FW_F1_V1.8.6/Drivers/STM32F1xx_HAL_Driver/Inc -I/home/pythoninnutshell/STM32Cube/Repository/STM32Cube_FW_F1_V1.8.6/Drivers/CMSIS/Device/ST/STM32F1xx/Include -I/home/pythoninnutshell/STM32Cube/Repository/STM32Cube_FW_F1_V1.8.6/Drivers/CMSIS/Include -O0 -ffunction-sections -fdata-sections -Wall -fstack-usage -fcyclomatic-complexity -MMD -MP -MF"Core/Src/main.d" -MT"Core/Src/main.o" --specs=nano.specs -mfloat-abi=soft -mthumb -o "Core/Src/main.o"
arm-none-eabi-gcc "../Core/Src/stm32f1xx_hal_msp.c" -mcpu=cortex-m3 -std=gnu11 -g3 -DDEBUG -DUSE_HAL_DRIVER -DSTM32F103xB -c -I../Core/Inc -I/home/pythoninnutshell/STM32Cube/Repository/STM32Cube_FW_F1_V1.8.6/Drivers/STM32F1xx_HAL_Driver/Inc/Legacy -I/home/pythoninnutshell/STM32Cube/Repository/STM32Cube_FW_F1_V1.8.6/Drivers/STM32F1xx_HAL_Driver/Inc -I/home/pythoninnutshell/STM32Cube/Repository/STM32Cube_FW_F1_V1.8.6/Drivers/CMSIS/Device/ST/STM32F1xx/Include -I/home/pythoninnutshell/STM32Cube/Repository/STM32Cube_FW_F1_V1.8.6/Drivers/CMSIS/Include -O0 -ffunction-sections -fdata-sections -Wall -fstack-usage -fcyclomatic-complexity -MMD -MP -MF"Core/Src/stm32f1xx_hal_msp.d" -MT"Core/Src/stm32f1xx_hal_msp.o" --specs=nano.specs -mfloat-abi=soft -mthumb -o "Core/Src/stm32f1xx_hal_msp.o"
arm-none-eabi-gcc "../Core/Src/stm32f1xx_it.c" -mcpu=cortex-m3 -std=gnu11 -g3 -DDEBUG -DUSE_HAL_DRIVER -DSTM32F103xB -c -I../Core/Inc -I/home/pythoninnutshell/STM32Cube/Repository/STM32Cube_FW_F1_V1.8.6/Drivers/STM32F1xx_HAL_Driver/Inc/Legacy -I/home/pythoninnutshell/STM32Cube/Repository/STM32Cube_FW_F1_V1.8.6/Drivers/STM32F1xx_HAL_Driver/Inc -I/home/pythoninnutshell/STM32Cube/Repository/STM32Cube_FW_F1_V1.8.6/Drivers/CMSIS/Device/ST/STM32F1xx/Include -I/home/pythoninnutshell/STM32Cube/Repository/STM32Cube_FW_F1_V1.8.6/Drivers/CMSIS/Include -O0 -ffunction-sections -fdata-sections -Wall -fstack-usage -fcyclomatic-complexity -MMD -MP -MF"Core/Src/stm32f1xx_it.d" -MT"Core/Src/stm32f1xx_it.o" --specs=nano.specs -mfloat-abi=soft -mthumb -o "Core/Src/stm32f1xx_it.o"
arm-none-eabi-gcc "../Core/Src/syscalls.c" -mcpu=cortex-m3 -std=gnu11 -g3 -DDEBUG -DUSE_HAL_DRIVER -DSTM32F103xB -c -I../Core/Inc -I/home/pythoninnutshell/STM32Cube/Repository/STM32Cube_FW_F1_V1.8.6/Drivers/STM32F1xx_HAL_Driver/Inc/Legacy -I/home/pythoninnutshell/STM32Cube/Repository/STM32Cube_FW_F1_V1.8.6/Drivers/STM32F1xx_HAL_Driver/Inc -I/home/pythoninnutshell/STM32Cube/Repository/STM32Cube_FW_F1_V1.8.6/Drivers/CMSIS/Device/ST/STM32F1xx/Include -I/home/pythoninnutshell/STM32Cube/Repository/STM32Cube_FW_F1_V1.8.6/Drivers/CMSIS/Include -O0 -ffunction-sections -fdata-sections -Wall -fstack-usage -fcyclomatic-complexity -MMD -MP -MF"Core/Src/syscalls.d" -MT"Core/Src/syscalls.o" --specs=nano.specs -mfloat-abi=soft -mthumb -o "Core/Src/syscalls.o"
arm-none-eabi-gcc "../Core/Src/sysmem.c" -mcpu=cortex-m3 -std=gnu11 -g3 -DDEBUG -DUSE_HAL_DRIVER -DSTM32F103xB -c -I../Core/Inc -I/home/pythoninnutshell/STM32Cube/Repository/STM32Cube_FW_F1_V1.8.6/Drivers/STM32F1xx_HAL_Driver/Inc/Legacy -I/home/pythoninnutshell/STM32Cube/Repository/STM32Cube_FW_F1_V1.8.6/Drivers/STM32F1xx_HAL_Driver/Inc -I/home/pythoninnutshell/STM32Cube/Repository/STM32Cube_FW_F1_V1.8.6/Drivers/CMSIS/Device/ST/STM32F1xx/Include -I/home/pythoninnutshell/STM32Cube/Repository/STM32Cube_FW_F1_V1.8.6/Drivers/CMSIS/Include -O0 -ffunction-sections -fdata-sections -Wall -fstack-usage -fcyclomatic-complexity -MMD -MP -MF"Core/Src/sysmem.d" -MT"Core/Src/sysmem.o" --specs=nano.specs -mfloat-abi=soft -mthumb -o "Core/Src/sysmem.o"
arm-none-eabi-gcc "../Core/Src/system_stm32f1xx.c" -mcpu=cortex-m3 -std=gnu11 -g3 -DDEBUG -DUSE_HAL_DRIVER -DSTM32F103xB -c -I../Core/Inc -I/home/pythoninnutshell/STM32Cube/Repository/STM32Cube_FW_F1_V1.8.6/Drivers/STM32F1xx_HAL_Driver/Inc/Legacy -I/home/pythoninnutshell/STM32Cube/Repository/STM32Cube_FW_F1_V1.8.6/Drivers/STM32F1xx_HAL_Driver/Inc -I/home/pythoninnutshell/STM32Cube/Repository/STM32Cube_FW_F1_V1.8.6/Drivers/CMSIS/Device/ST/STM32F1xx/Include -I/home/pythoninnutshell/STM32Cube/Repository/STM32Cube_FW_F1_V1.8.6/Drivers/CMSIS/Include -O0 -ffunction-sections -fdata-sections -Wall -fstack-usage -fcyclomatic-complexity -MMD -MP -MF"Core/Src/system_stm32f1xx.d" -MT"Core/Src/system_stm32f1xx.o" --specs=nano.specs -mfloat-abi=soft -mthumb -o "Core/Src/system_stm32f1xx.o"
arm-none-eabi-gcc -o "UACS-Reader-Firmware.elf" @"objects.list"   -mcpu=cortex-m3 -T"/home/pythoninnutshell/Desktop/gabo/gabo/3_rocnik/bakalarka/firmware_3/UACS-Reader-Firmware/STM32F103C8TX_FLASH.ld" --specs=nosys.specs -Wl,-Map="UACS-Reader-Firmware.map" -Wl,--gc-sections -static --specs=nano.specs -mfloat-abi=soft -mthumb -Wl,--start-group -lc -lm -Wl,--end-group
Finished building target: UACS-Reader-Firmware.elf
 
arm-none-eabi-size  UACS-Reader-Firmware.elf 
arm-none-eabi-objdump -h -S UACS-Reader-Firmware.elf  > "UACS-Reader-Firmware.list"
   text	   data	    bss	    dec	    hex	filename
   7156	     12	   2460	   9628	   259c	UACS-Reader-Firmware.elf
Finished building: default.size.stdout
 
Finished building: UACS-Reader-Firmware.list
 
20:00:19 **** Clean-only build of configuration Debug for project UACS-Reader-Firmware ****
make -j12 clean 
rm -rf ./Drivers/STM32F1xx_HAL_Driver/stm32f1xx_hal.cyclo ./Drivers/STM32F1xx_HAL_Driver/stm32f1xx_hal.d ./Drivers/STM32F1xx_HAL_Driver/stm32f1xx_hal.o ./Drivers/STM32F1xx_HAL_Driver/stm32f1xx_hal.su ./Drivers/STM32F1xx_HAL_Driver/stm32f1xx_hal_cortex.cyclo ./Drivers/STM32F1xx_HAL_Driver/stm32f1xx_hal_cortex.d ./Drivers/STM32F1xx_HAL_Driver/stm32f1xx_hal_cortex.o ./Drivers/STM32F1xx_HAL_Driver/stm32f1xx_hal_cortex.su ./Drivers/STM32F1xx_HAL_Driver/stm32f1xx_hal_dma.cyclo ./Drivers/STM32F1xx_HAL_Driver/stm32f1xx_hal_dma.d ./Drivers/STM32F1xx_HAL_Driver/stm32f1xx_hal_dma.o ./Drivers/STM32F1xx_HAL_Driver/stm32f1xx_hal_dma.su ./Drivers/STM32F1xx_HAL_Driver/stm32f1xx_hal_exti.cyclo ./Drivers/STM32F1xx_HAL_Driver/stm32f1xx_hal_exti.d ./Drivers/STM32F1xx_HAL_Driver/stm32f1xx_hal_exti.o ./Drivers/STM32F1xx_HAL_Driver/stm32f1xx_hal_exti.su ./Drivers/STM32F1xx_HAL_Driver/stm32f1xx_hal_flash.cyclo ./Drivers/STM32F1xx_HAL_Driver/stm32f1xx_hal_flash.d ./Drivers/STM32F1xx_HAL_Driver/stm32f1xx_hal_flash.o ./Drivers/STM32F1xx_HAL_Driver/stm32f1xx_hal_flash.su ./Drivers/STM32F1xx_HAL_Driver/stm32f1xx_hal_flash_ex.cyclo ./Drivers/STM32F1xx_HAL_Driver/stm32f1xx_hal_flash_ex.d ./Drivers/STM32F1xx_HAL_Driver/stm32f1xx_hal_flash_ex.o ./Drivers/STM32F1xx_HAL_Driver/stm32f1xx_hal_flash_ex.su ./Drivers/STM32F1xx_HAL_Driver/stm32f1xx_hal_gpio.cyclo ./Drivers/STM32F1xx_HAL_Driver/stm32f1xx_hal_gpio.d ./Drivers/STM32F1xx_HAL_Driver/stm32f1xx_hal_gpio.o ./Drivers/STM32F1xx_HAL_Driver/stm32f1xx_hal_gpio.su ./Drivers/STM32F1xx_HAL_Driver/stm32f1xx_hal_gpio_ex.cyclo ./Drivers/STM32F1xx_HAL_Driver/stm32f1xx_hal_gpio_ex.d ./Drivers/STM32F1xx_HAL_Driver/stm32f1xx_hal_gpio_ex.o ./Drivers/STM32F1xx_HAL_Driver/stm32f1xx_hal_gpio_ex.su ./Drivers/STM32F1xx_HAL_Driver/stm32f1xx_hal_pcd.cyclo ./Drivers/STM32F1xx_HAL_Driver/stm32f1xx_hal_pcd.d ./Drivers/STM32F1xx_HAL_Driver/stm32f1xx_hal_pcd.o ./Drivers/STM32F1xx_HAL_Driver/stm32f1xx_hal_pcd.su ./Drivers/STM32F1xx_HAL_Driver/stm32f1xx_hal_pcd_ex.cyclo ./Drivers/STM32F1xx_HAL_Driver/stm32f1xx_hal_pcd_ex.d ./Drivers/STM32F1xx_HAL_Driver/stm32f1xx_hal_pcd_ex.o ./Drivers/STM32F1xx_HAL_Driver/stm32f1xx_hal_pcd_ex.su ./Drivers/STM32F1xx_HAL_Driver/stm32f1xx_hal_pwr.cyclo ./Drivers/STM32F1xx_HAL_Driver/stm32f1xx_hal_pwr.d ./Drivers/STM32F1xx_HAL_Driver/stm32f1xx_hal_pwr.o ./Drivers/STM32F1xx_HAL_Driver/stm32f1xx_hal_pwr.su ./Drivers/STM32F1xx_HAL_Driver/stm32f1xx_hal_rcc.cyclo ./Drivers/STM32F1xx_HAL_Driver/stm32f1xx_hal_rcc.d ./Drivers/STM32F1xx_HAL_Driver/stm32f1xx_hal_rcc.o ./Drivers/STM32F1xx_HAL_Driver/stm32f1xx_hal_rcc.su ./Drivers/STM32F1xx_HAL_Driver/stm32f1xx_hal_rcc_ex.cyclo ./Drivers/STM32F1xx_HAL_Driver/stm32f1xx_hal_rcc_ex.d ./Drivers/STM32F1xx_HAL_Driver/stm32f1xx_hal_rcc_ex.o ./Drivers/STM32F1xx_HAL_Driver/stm32f1xx_hal_rcc_ex.su ./Drivers/STM32F1xx_HAL_Driver/stm32f1xx_hal_spi.cyclo ./Drivers/STM32F1xx_HAL_Driver/stm32f1xx_hal_spi.d ./Drivers/STM32F1xx_HAL_Driver/stm32f1xx_hal_spi.o ./Drivers/STM32F1xx_HAL_Driver/stm32f1xx_hal_spi.su ./Drivers/STM32F1xx_HAL_Driver/stm32f1xx_hal_uart.cyclo ./Drivers/STM32F1xx_HAL_Driver/stm32f1xx_hal_uart.d ./Drivers/STM32F1xx_HAL_Driver/stm32f1xx_hal_uart.o ./Drivers/STM32F1xx_HAL_Driver/stm32f1xx_hal_uart.su ./Drivers/STM32F1xx_HAL_Driver/stm32f1xx_ll_usb.cyclo ./Drivers/STM32F1xx_HAL_Driver/stm32f1xx_ll_usb.d ./Drivers/STM32F1xx_HAL_Driver/stm32f1xx_ll_usb.o ./Drivers/STM32F1xx_HAL_Driver/stm32f1xx_ll_usb.su
rm -rf ./Core/Startup/startup_stm32f103c8tx.d ./Core/Startup/startup_stm32f103c8tx.o
rm -rf ./Core/Src/main.cyclo ./Core/Src/main.d ./Core/Src/main.o ./Core/Src/main.su ./Core/Src/stm32f1xx_hal_msp.cyclo ./Core/Src/stm32f1xx_hal_msp.d ./Core/Src/stm32f1xx_hal_msp.o ./Core/Src/stm32f1xx_hal_msp.su ./Core/Src/stm32f1xx_it.cyclo ./Core/Src/stm32f1xx_it.d ./Core/Src/stm32f1xx_it.o ./Core/Src/stm32f1xx_it.su ./Core/Src/syscalls.cyclo ./Core/Src/syscalls.d ./Core/Src/syscalls.o ./Core/Src/syscalls.su ./Core/Src/sysmem.cyclo ./Core/Src/sysmem.d ./Core/Src/sysmem.o ./Core/Src/sysmem.su ./Core/Src/system_stm32f1xx.cyclo ./Core/Src/system_stm32f1xx.d ./Core/Src/system_stm32f1xx.o ./Core/Src/system_stm32f1xx.su
rm -rf UACS-Reader-Firmware.elf UACS-Reader-Firmware.list UACS-Reader-Firmware.map default.size.stdout
 
20:00:20 **** Build of configuration Debug for project UACS-Reader-Firmware ****
make -j12 all 
arm-none-eabi-gcc "../USB_DEVICE/Target/usbd_conf.c" -mcpu=cortex-m3 -std=gnu11 -g3 -DDEBUG -DUSE_HAL_DRIVER -DSTM32F103xB -c -I../Core/Inc -I/home/pythoninnutshell/STM32Cube/Repository/STM32Cube_FW_F1_V1.8.6/Drivers/STM32F1xx_HAL_Driver/Inc/Legacy -I/home/pythoninnutshell/STM32Cube/Repository/STM32Cube_FW_F1_V1.8.6/Drivers/STM32F1xx_HAL_Driver/Inc -I/home/pythoninnutshell/STM32Cube/Repository/STM32Cube_FW_F1_V1.8.6/Drivers/CMSIS/Device/ST/STM32F1xx/Include -I/home/pythoninnutshell/STM32Cube/Repository/STM32Cube_FW_F1_V1.8.6/Drivers/CMSIS/Include -I../USB_DEVICE/App -I../USB_DEVICE/Target -I/home/pythoninnutshell/STM32Cube/Repository/STM32Cube_FW_F1_V1.8.6/Middlewares/ST/STM32_USB_Device_Library/Core/Inc -I/home/pythoninnutshell/STM32Cube/Repository/STM32Cube_FW_F1_V1.8.6/Middlewares/ST/STM32_USB_Device_Library/Class/CDC/Inc -O0 -ffunction-sections -fdata-sections -Wall -fstack-usage -fcyclomatic-complexity -MMD -MP -MF"USB_DEVICE/Target/usbd_conf.d" -MT"USB_DEVICE/Target/usbd_conf.o" --specs=nano.specs -mfloat-abi=soft -mthumb -o "USB_DEVICE/Target/usbd_conf.o"
arm-none-eabi-gcc "../USB_DEVICE/App/usb_device.c" -mcpu=cortex-m3 -std=gnu11 -g3 -DDEBUG -DUSE_HAL_DRIVER -DSTM32F103xB -c -I../Core/Inc -I/home/pythoninnutshell/STM32Cube/Repository/STM32Cube_FW_F1_V1.8.6/Drivers/STM32F1xx_HAL_Driver/Inc/Legacy -I/home/pythoninnutshell/STM32Cube/Repository/STM32Cube_FW_F1_V1.8.6/Drivers/STM32F1xx_HAL_Driver/Inc -I/home/pythoninnutshell/STM32Cube/Repository/STM32Cube_FW_F1_V1.8.6/Drivers/CMSIS/Device/ST/STM32F1xx/Include -I/home/pythoninnutshell/STM32Cube/Repository/STM32Cube_FW_F1_V1.8.6/Drivers/CMSIS/Include -I../USB_DEVICE/App -I../USB_DEVICE/Target -I/home/pythoninnutshell/STM32Cube/Repository/STM32Cube_FW_F1_V1.8.6/Middlewares/ST/STM32_USB_Device_Library/Core/Inc -I/home/pythoninnutshell/STM32Cube/Repository/STM32Cube_FW_F1_V1.8.6/Middlewares/ST/STM32_USB_Device_Library/Class/CDC/Inc -O0 -ffunction-sections -fdata-sections -Wall -fstack-usage -fcyclomatic-complexity -MMD -MP -MF"USB_DEVICE/App/usb_device.d" -MT"USB_DEVICE/App/usb_device.o" --specs=nano.specs -mfloat-abi=soft -mthumb -o "USB_DEVICE/App/usb_device.o"
arm-none-eabi-gcc "../USB_DEVICE/App/usbd_cdc_if.c" -mcpu=cortex-m3 -std=gnu11 -g3 -DDEBUG -DUSE_HAL_DRIVER -DSTM32F103xB -c -I../Core/Inc -I/home/pythoninnutshell/STM32Cube/Repository/STM32Cube_FW_F1_V1.8.6/Drivers/STM32F1xx_HAL_Driver/Inc/Legacy -I/home/pythoninnutshell/STM32Cube/Repository/STM32Cube_FW_F1_V1.8.6/Drivers/STM32F1xx_HAL_Driver/Inc -I/home/pythoninnutshell/STM32Cube/Repository/STM32Cube_FW_F1_V1.8.6/Drivers/CMSIS/Device/ST/STM32F1xx/Include -I/home/pythoninnutshell/STM32Cube/Repository/STM32Cube_FW_F1_V1.8.6/Drivers/CMSIS/Include -I../USB_DEVICE/App -I../USB_DEVICE/Target -I/home/pythoninnutshell/STM32Cube/Repository/STM32Cube_FW_F1_V1.8.6/Middlewares/ST/STM32_USB_Device_Library/Core/Inc -I/home/pythoninnutshell/STM32Cube/Repository/STM32Cube_FW_F1_V1.8.6/Middlewares/ST/STM32_USB_Device_Library/Class/CDC/Inc -O0 -ffunction-sections -fdata-sections -Wall -fstack-usage -fcyclomatic-complexity -MMD -MP -MF"USB_DEVICE/App/usbd_cdc_if.d" -MT"USB_DEVICE/App/usbd_cdc_if.o" --specs=nano.specs -mfloat-abi=soft -mthumb -o "USB_DEVICE/App/usbd_cdc_if.o"
arm-none-eabi-gcc "../USB_DEVICE/App/usbd_desc.c" -mcpu=cortex-m3 -std=gnu11 -g3 -DDEBUG -DUSE_HAL_DRIVER -DSTM32F103xB -c -I../Core/Inc -I/home/pythoninnutshell/STM32Cube/Repository/STM32Cube_FW_F1_V1.8.6/Drivers/STM32F1xx_HAL_Driver/Inc/Legacy -I/home/pythoninnutshell/STM32Cube/Repository/STM32Cube_FW_F1_V1.8.6/Drivers/STM32F1xx_HAL_Driver/Inc -I/home/pythoninnutshell/STM32Cube/Repository/STM32Cube_FW_F1_V1.8.6/Drivers/CMSIS/Device/ST/STM32F1xx/Include -I/home/pythoninnutshell/STM32Cube/Repository/STM32Cube_FW_F1_V1.8.6/Drivers/CMSIS/Include -I../USB_DEVICE/App -I../USB_DEVICE/Target -I/home/pythoninnutshell/STM32Cube/Repository/STM32Cube_FW_F1_V1.8.6/Middlewares/ST/STM32_USB_Device_Library/Core/Inc -I/home/pythoninnutshell/STM32Cube/Repository/STM32Cube_FW_F1_V1.8.6/Middlewares/ST/STM32_USB_Device_Library/Class/CDC/Inc -O0 -ffunction-sections -fdata-sections -Wall -fstack-usage -fcyclomatic-complexity -MMD -MP -MF"USB_DEVICE/App/usbd_desc.d" -MT"USB_DEVICE/App/usbd_desc.o" --specs=nano.specs -mfloat-abi=soft -mthumb -o "USB_DEVICE/App/usbd_desc.o"
arm-none-eabi-gcc "/home/pythoninnutshell/STM32Cube/Repository/STM32Cube_FW_F1_V1.8.6/Middlewares/ST/STM32_USB_Device_Library/Class/CDC/Src/usbd_cdc.c" -mcpu=cortex-m3 -std=gnu11 -g3 -DDEBUG -DUSE_HAL_DRIVER -DSTM32F103xB -c -I../Core/Inc -I/home/pythoninnutshell/STM32Cube/Repository/STM32Cube_FW_F1_V1.8.6/Drivers/STM32F1xx_HAL_Driver/Inc/Legacy -I/home/pythoninnutshell/STM32Cube/Repository/STM32Cube_FW_F1_V1.8.6/Drivers/STM32F1xx_HAL_Driver/Inc -I/home/pythoninnutshell/STM32Cube/Repository/STM32Cube_FW_F1_V1.8.6/Drivers/CMSIS/Device/ST/STM32F1xx/Include -I/home/pythoninnutshell/STM32Cube/Repository/STM32Cube_FW_F1_V1.8.6/Drivers/CMSIS/Include -I../USB_DEVICE/App -I../USB_DEVICE/Target -I/home/pythoninnutshell/STM32Cube/Repository/STM32Cube_FW_F1_V1.8.6/Middlewares/ST/STM32_USB_Device_Library/Core/Inc -I/home/pythoninnutshell/STM32Cube/Repository/STM32Cube_FW_F1_V1.8.6/Middlewares/ST/STM32_USB_Device_Library/Class/CDC/Inc -O0 -ffunction-sections -fdata-sections -Wall -fstack-usage -fcyclomatic-complexity -MMD -MP -MF"Middlewares/USB_Device_Library/usbd_cdc.d" -MT"Middlewares/USB_Device_Library/usbd_cdc.o" --specs=nano.specs -mfloat-abi=soft -mthumb -o "Middlewares/USB_Device_Library/usbd_cdc.o"
arm-none-eabi-gcc "/home/pythoninnutshell/STM32Cube/Repository/STM32Cube_FW_F1_V1.8.6/Middlewares/ST/STM32_USB_Device_Library/Core/Src/usbd_core.c" -mcpu=cortex-m3 -std=gnu11 -g3 -DDEBUG -DUSE_HAL_DRIVER -DSTM32F103xB -c -I../Core/Inc -I/home/pythoninnutshell/STM32Cube/Repository/STM32Cube_FW_F1_V1.8.6/Drivers/STM32F1xx_HAL_Driver/Inc/Legacy -I/home/pythoninnutshell/STM32Cube/Repository/STM32Cube_FW_F1_V1.8.6/Drivers/STM32F1xx_HAL_Driver/Inc -I/home/pythoninnutshell/STM32Cube/Repository/STM32Cube_FW_F1_V1.8.6/Drivers/CMSIS/Device/ST/STM32F1xx/Include -I/home/pythoninnutshell/STM32Cube/Repository/STM32Cube_FW_F1_V1.8.6/Drivers/CMSIS/Include -I../USB_DEVICE/App -I../USB_DEVICE/Target -I/home/pythoninnutshell/STM32Cube/Repository/STM32Cube_FW_F1_V1.8.6/Middlewares/ST/STM32_USB_Device_Library/Core/Inc -I/home/pythoninnutshell/STM32Cube/Repository/STM32Cube_FW_F1_V1.8.6/Middlewares/ST/STM32_USB_Device_Library/Class/CDC/Inc -O0 -ffunction-sections -fdata-sections -Wall -fstack-usage -fcyclomatic-complexity -MMD -MP -MF"Middlewares/USB_Device_Library/usbd_core.d" -MT"Middlewares/USB_Device_Library/usbd_core.o" --specs=nano.specs -mfloat-abi=soft -mthumb -o "Middlewares/USB_Device_Library/usbd_core.o"
arm-none-eabi-gcc "/home/pythoninnutshell/STM32Cube/Repository/STM32Cube_FW_F1_V1.8.6/Middlewares/ST/STM32_USB_Device_Library/Core/Src/usbd_ctlreq.c" -mcpu=cortex-m3 -std=gnu11 -g3 -DDEBUG -DUSE_HAL_DRIVER -DSTM32F103xB -c -I../Core/Inc -I/home/pythoninnutshell/STM32Cube/Repository/STM32Cube_FW_F1_V1.8.6/Drivers/STM32F1xx_HAL_Driver/Inc/Legacy -I/home/pythoninnutshell/STM32Cube/Repository/STM32Cube_FW_F1_V1.8.6/Drivers/STM32F1xx_HAL_Driver/Inc -I/home/pythoninnutshell/STM32Cube/Repository/STM32Cube_FW_F1_V1.8.6/Drivers/CMSIS/Device/ST/STM32F1xx/Include -I/home/pythoninnutshell/STM32Cube/Repository/STM32Cube_FW_F1_V1.8.6/Drivers/CMSIS/Include -I../USB_DEVICE/App -I../USB_DEVICE/Target -I/home/pythoninnutshell/STM32Cube/Repository/STM32Cube_FW_F1_V1.8.6/Middlewares/ST/STM32_USB_Device_Library/Core/Inc -I/home/pythoninnutshell/STM32Cube/Repository/STM32Cube_FW_F1_V1.8.6/Middlewares/ST/STM32_USB_Device_Library/Class/CDC/Inc -O0 -ffunction-sections -fdata-sections -Wall -fstack-usage -fcyclomatic-complexity -MMD -MP -MF"Middlewares/USB_Device_Library/usbd_ctlreq.d" -MT"Middlewares/USB_Device_Library/usbd_ctlreq.o" --specs=nano.specs -mfloat-abi=soft -mthumb -o "Middlewares/USB_Device_Library/usbd_ctlreq.o"
arm-none-eabi-gcc "/home/pythoninnutshell/STM32Cube/Repository/STM32Cube_FW_F1_V1.8.6/Middlewares/ST/STM32_USB_Device_Library/Core/Src/usbd_ioreq.c" -mcpu=cortex-m3 -std=gnu11 -g3 -DDEBUG -DUSE_HAL_DRIVER -DSTM32F103xB -c -I../Core/Inc -I/home/pythoninnutshell/STM32Cube/Repository/STM32Cube_FW_F1_V1.8.6/Drivers/STM32F1xx_HAL_Driver/Inc/Legacy -I/home/pythoninnutshell/STM32Cube/Repository/STM32Cube_FW_F1_V1.8.6/Drivers/STM32F1xx_HAL_Driver/Inc -I/home/pythoninnutshell/STM32Cube/Repository/STM32Cube_FW_F1_V1.8.6/Drivers/CMSIS/Device/ST/STM32F1xx/Include -I/home/pythoninnutshell/STM32Cube/Repository/STM32Cube_FW_F1_V1.8.6/Drivers/CMSIS/Include -I../USB_DEVICE/App -I../USB_DEVICE/Target -I/home/pythoninnutshell/STM32Cube/Repository/STM32Cube_FW_F1_V1.8.6/Middlewares/ST/STM32_USB_Device_Library/Core/Inc -I/home/pythoninnutshell/STM32Cube/Repository/STM32Cube_FW_F1_V1.8.6/Middlewares/ST/STM32_USB_Device_Library/Class/CDC/Inc -O0 -ffunction-sections -fdata-sections -Wall -fstack-usage -fcyclomatic-complexity -MMD -MP -MF"Middlewares/USB_Device_Library/usbd_ioreq.d" -MT"Middlewares/USB_Device_Library/usbd_ioreq.o" --specs=nano.specs -mfloat-abi=soft -mthumb -o "Middlewares/USB_Device_Library/usbd_ioreq.o"
arm-none-eabi-gcc "/home/pythoninnutshell/STM32Cube/Repository/STM32Cube_FW_F1_V1.8.6/Drivers/STM32F1xx_HAL_Driver/Src/stm32f1xx_hal.c" -mcpu=cortex-m3 -std=gnu11 -g3 -DDEBUG -DUSE_HAL_DRIVER -DSTM32F103xB -c -I../Core/Inc -I/home/pythoninnutshell/STM32Cube/Repository/STM32Cube_FW_F1_V1.8.6/Drivers/STM32F1xx_HAL_Driver/Inc/Legacy -I/home/pythoninnutshell/STM32Cube/Repository/STM32Cube_FW_F1_V1.8.6/Drivers/STM32F1xx_HAL_Driver/Inc -I/home/pythoninnutshell/STM32Cube/Repository/STM32Cube_FW_F1_V1.8.6/Drivers/CMSIS/Device/ST/STM32F1xx/Include -I/home/pythoninnutshell/STM32Cube/Repository/STM32Cube_FW_F1_V1.8.6/Drivers/CMSIS/Include -I../USB_DEVICE/App -I../USB_DEVICE/Target -I/home/pythoninnutshell/STM32Cube/Repository/STM32Cube_FW_F1_V1.8.6/Middlewares/ST/STM32_USB_Device_Library/Core/Inc -I/home/pythoninnutshell/STM32Cube/Repository/STM32Cube_FW_F1_V1.8.6/Middlewares/ST/STM32_USB_Device_Library/Class/CDC/Inc -O0 -ffunction-sections -fdata-sections -Wall -fstack-usage -fcyclomatic-complexity -MMD -MP -MF"Drivers/STM32F1xx_HAL_Driver/stm32f1xx_hal.d" -MT"Drivers/STM32F1xx_HAL_Driver/stm32f1xx_hal.o" --specs=nano.specs -mfloat-abi=soft -mthumb -o "Drivers/STM32F1xx_HAL_Driver/stm32f1xx_hal.o"
arm-none-eabi-gcc "/home/pythoninnutshell/STM32Cube/Repository/STM32Cube_FW_F1_V1.8.6/Drivers/STM32F1xx_HAL_Driver/Src/stm32f1xx_hal_cortex.c" -mcpu=cortex-m3 -std=gnu11 -g3 -DDEBUG -DUSE_HAL_DRIVER -DSTM32F103xB -c -I../Core/Inc -I/home/pythoninnutshell/STM32Cube/Repository/STM32Cube_FW_F1_V1.8.6/Drivers/STM32F1xx_HAL_Driver/Inc/Legacy -I/home/pythoninnutshell/STM32Cube/Repository/STM32Cube_FW_F1_V1.8.6/Drivers/STM32F1xx_HAL_Driver/Inc -I/home/pythoninnutshell/STM32Cube/Repository/STM32Cube_FW_F1_V1.8.6/Drivers/CMSIS/Device/ST/STM32F1xx/Include -I/home/pythoninnutshell/STM32Cube/Repository/STM32Cube_FW_F1_V1.8.6/Drivers/CMSIS/Include -I../USB_DEVICE/App -I../USB_DEVICE/Target -I/home/pythoninnutshell/STM32Cube/Repository/STM32Cube_FW_F1_V1.8.6/Middlewares/ST/STM32_USB_Device_Library/Core/Inc -I/home/pythoninnutshell/STM32Cube/Repository/STM32Cube_FW_F1_V1.8.6/Middlewares/ST/STM32_USB_Device_Library/Class/CDC/Inc -O0 -ffunction-sections -fdata-sections -Wall -fstack-usage -fcyclomatic-complexity -MMD -MP -MF"Drivers/STM32F1xx_HAL_Driver/stm32f1xx_hal_cortex.d" -MT"Drivers/STM32F1xx_HAL_Driver/stm32f1xx_hal_cortex.o" --specs=nano.specs -mfloat-abi=soft -mthumb -o "Drivers/STM32F1xx_HAL_Driver/stm32f1xx_hal_cortex.o"
arm-none-eabi-gcc "/home/pythoninnutshell/STM32Cube/Repository/STM32Cube_FW_F1_V1.8.6/Drivers/STM32F1xx_HAL_Driver/Src/stm32f1xx_hal_dma.c" -mcpu=cortex-m3 -std=gnu11 -g3 -DDEBUG -DUSE_HAL_DRIVER -DSTM32F103xB -c -I../Core/Inc -I/home/pythoninnutshell/STM32Cube/Repository/STM32Cube_FW_F1_V1.8.6/Drivers/STM32F1xx_HAL_Driver/Inc/Legacy -I/home/pythoninnutshell/STM32Cube/Repository/STM32Cube_FW_F1_V1.8.6/Drivers/STM32F1xx_HAL_Driver/Inc -I/home/pythoninnutshell/STM32Cube/Repository/STM32Cube_FW_F1_V1.8.6/Drivers/CMSIS/Device/ST/STM32F1xx/Include -I/home/pythoninnutshell/STM32Cube/Repository/STM32Cube_FW_F1_V1.8.6/Drivers/CMSIS/Include -I../USB_DEVICE/App -I../USB_DEVICE/Target -I/home/pythoninnutshell/STM32Cube/Repository/STM32Cube_FW_F1_V1.8.6/Middlewares/ST/STM32_USB_Device_Library/Core/Inc -I/home/pythoninnutshell/STM32Cube/Repository/STM32Cube_FW_F1_V1.8.6/Middlewares/ST/STM32_USB_Device_Library/Class/CDC/Inc -O0 -ffunction-sections -fdata-sections -Wall -fstack-usage -fcyclomatic-complexity -MMD -MP -MF"Drivers/STM32F1xx_HAL_Driver/stm32f1xx_hal_dma.d" -MT"Drivers/STM32F1xx_HAL_Driver/stm32f1xx_hal_dma.o" --specs=nano.specs -mfloat-abi=soft -mthumb -o "Drivers/STM32F1xx_HAL_Driver/stm32f1xx_hal_dma.o"
arm-none-eabi-gcc "/home/pythoninnutshell/STM32Cube/Repository/STM32Cube_FW_F1_V1.8.6/Drivers/STM32F1xx_HAL_Driver/Src/stm32f1xx_hal_exti.c" -mcpu=cortex-m3 -std=gnu11 -g3 -DDEBUG -DUSE_HAL_DRIVER -DSTM32F103xB -c -I../Core/Inc -I/home/pythoninnutshell/STM32Cube/Repository/STM32Cube_FW_F1_V1.8.6/Drivers/STM32F1xx_HAL_Driver/Inc/Legacy -I/home/pythoninnutshell/STM32Cube/Repository/STM32Cube_FW_F1_V1.8.6/Drivers/STM32F1xx_HAL_Driver/Inc -I/home/pythoninnutshell/STM32Cube/Repository/STM32Cube_FW_F1_V1.8.6/Drivers/CMSIS/Device/ST/STM32F1xx/Include -I/home/pythoninnutshell/STM32Cube/Repository/STM32Cube_FW_F1_V1.8.6/Drivers/CMSIS/Include -I../USB_DEVICE/App -I../USB_DEVICE/Target -I/home/pythoninnutshell/STM32Cube/Repository/STM32Cube_FW_F1_V1.8.6/Middlewares/ST/STM32_USB_Device_Library/Core/Inc -I/home/pythoninnutshell/STM32Cube/Repository/STM32Cube_FW_F1_V1.8.6/Middlewares/ST/STM32_USB_Device_Library/Class/CDC/Inc -O0 -ffunction-sections -fdata-sections -Wall -fstack-usage -fcyclomatic-complexity -MMD -MP -MF"Drivers/STM32F1xx_HAL_Driver/stm32f1xx_hal_exti.d" -MT"Drivers/STM32F1xx_HAL_Driver/stm32f1xx_hal_exti.o" --specs=nano.specs -mfloat-abi=soft -mthumb -o "Drivers/STM32F1xx_HAL_Driver/stm32f1xx_hal_exti.o"
arm-none-eabi-gcc "/home/pythoninnutshell/STM32Cube/Repository/STM32Cube_FW_F1_V1.8.6/Drivers/STM32F1xx_HAL_Driver/Src/stm32f1xx_hal_flash.c" -mcpu=cortex-m3 -std=gnu11 -g3 -DDEBUG -DUSE_HAL_DRIVER -DSTM32F103xB -c -I../Core/Inc -I/home/pythoninnutshell/STM32Cube/Repository/STM32Cube_FW_F1_V1.8.6/Drivers/STM32F1xx_HAL_Driver/Inc/Legacy -I/home/pythoninnutshell/STM32Cube/Repository/STM32Cube_FW_F1_V1.8.6/Drivers/STM32F1xx_HAL_Driver/Inc -I/home/pythoninnutshell/STM32Cube/Repository/STM32Cube_FW_F1_V1.8.6/Drivers/CMSIS/Device/ST/STM32F1xx/Include -I/home/pythoninnutshell/STM32Cube/Repository/STM32Cube_FW_F1_V1.8.6/Drivers/CMSIS/Include -I../USB_DEVICE/App -I../USB_DEVICE/Target -I/home/pythoninnutshell/STM32Cube/Repository/STM32Cube_FW_F1_V1.8.6/Middlewares/ST/STM32_USB_Device_Library/Core/Inc -I/home/pythoninnutshell/STM32Cube/Repository/STM32Cube_FW_F1_V1.8.6/Middlewares/ST/STM32_USB_Device_Library/Class/CDC/Inc -O0 -ffunction-sections -fdata-sections -Wall -fstack-usage -fcyclomatic-complexity -MMD -MP -MF"Drivers/STM32F1xx_HAL_Driver/stm32f1xx_hal_flash.d" -MT"Drivers/STM32F1xx_HAL_Driver/stm32f1xx_hal_flash.o" --specs=nano.specs -mfloat-abi=soft -mthumb -o "Drivers/STM32F1xx_HAL_Driver/stm32f1xx_hal_flash.o"
arm-none-eabi-gcc "/home/pythoninnutshell/STM32Cube/Repository/STM32Cube_FW_F1_V1.8.6/Drivers/STM32F1xx_HAL_Driver/Src/stm32f1xx_hal_flash_ex.c" -mcpu=cortex-m3 -std=gnu11 -g3 -DDEBUG -DUSE_HAL_DRIVER -DSTM32F103xB -c -I../Core/Inc -I/home/pythoninnutshell/STM32Cube/Repository/STM32Cube_FW_F1_V1.8.6/Drivers/STM32F1xx_HAL_Driver/Inc/Legacy -I/home/pythoninnutshell/STM32Cube/Repository/STM32Cube_FW_F1_V1.8.6/Drivers/STM32F1xx_HAL_Driver/Inc -I/home/pythoninnutshell/STM32Cube/Repository/STM32Cube_FW_F1_V1.8.6/Drivers/CMSIS/Device/ST/STM32F1xx/Include -I/home/pythoninnutshell/STM32Cube/Repository/STM32Cube_FW_F1_V1.8.6/Drivers/CMSIS/Include -I../USB_DEVICE/App -I../USB_DEVICE/Target -I/home/pythoninnutshell/STM32Cube/Repository/STM32Cube_FW_F1_V1.8.6/Middlewares/ST/STM32_USB_Device_Library/Core/Inc -I/home/pythoninnutshell/STM32Cube/Repository/STM32Cube_FW_F1_V1.8.6/Middlewares/ST/STM32_USB_Device_Library/Class/CDC/Inc -O0 -ffunction-sections -fdata-sections -Wall -fstack-usage -fcyclomatic-complexity -MMD -MP -MF"Drivers/STM32F1xx_HAL_Driver/stm32f1xx_hal_flash_ex.d" -MT"Drivers/STM32F1xx_HAL_Driver/stm32f1xx_hal_flash_ex.o" --specs=nano.specs -mfloat-abi=soft -mthumb -o "Drivers/STM32F1xx_HAL_Driver/stm32f1xx_hal_flash_ex.o"
arm-none-eabi-gcc "/home/pythoninnutshell/STM32Cube/Repository/STM32Cube_FW_F1_V1.8.6/Drivers/STM32F1xx_HAL_Driver/Src/stm32f1xx_hal_gpio.c" -mcpu=cortex-m3 -std=gnu11 -g3 -DDEBUG -DUSE_HAL_DRIVER -DSTM32F103xB -c -I../Core/Inc -I/home/pythoninnutshell/STM32Cube/Repository/STM32Cube_FW_F1_V1.8.6/Drivers/STM32F1xx_HAL_Driver/Inc/Legacy -I/home/pythoninnutshell/STM32Cube/Repository/STM32Cube_FW_F1_V1.8.6/Drivers/STM32F1xx_HAL_Driver/Inc -I/home/pythoninnutshell/STM32Cube/Repository/STM32Cube_FW_F1_V1.8.6/Drivers/CMSIS/Device/ST/STM32F1xx/Include -I/home/pythoninnutshell/STM32Cube/Repository/STM32Cube_FW_F1_V1.8.6/Drivers/CMSIS/Include -I../USB_DEVICE/App -I../USB_DEVICE/Target -I/home/pythoninnutshell/STM32Cube/Repository/STM32Cube_FW_F1_V1.8.6/Middlewares/ST/STM32_USB_Device_Library/Core/Inc -I/home/pythoninnutshell/STM32Cube/Repository/STM32Cube_FW_F1_V1.8.6/Middlewares/ST/STM32_USB_Device_Library/Class/CDC/Inc -O0 -ffunction-sections -fdata-sections -Wall -fstack-usage -fcyclomatic-complexity -MMD -MP -MF"Drivers/STM32F1xx_HAL_Driver/stm32f1xx_hal_gpio.d" -MT"Drivers/STM32F1xx_HAL_Driver/stm32f1xx_hal_gpio.o" --specs=nano.specs -mfloat-abi=soft -mthumb -o "Drivers/STM32F1xx_HAL_Driver/stm32f1xx_hal_gpio.o"
arm-none-eabi-gcc "/home/pythoninnutshell/STM32Cube/Repository/STM32Cube_FW_F1_V1.8.6/Drivers/STM32F1xx_HAL_Driver/Src/stm32f1xx_hal_gpio_ex.c" -mcpu=cortex-m3 -std=gnu11 -g3 -DDEBUG -DUSE_HAL_DRIVER -DSTM32F103xB -c -I../Core/Inc -I/home/pythoninnutshell/STM32Cube/Repository/STM32Cube_FW_F1_V1.8.6/Drivers/STM32F1xx_HAL_Driver/Inc/Legacy -I/home/pythoninnutshell/STM32Cube/Repository/STM32Cube_FW_F1_V1.8.6/Drivers/STM32F1xx_HAL_Driver/Inc -I/home/pythoninnutshell/STM32Cube/Repository/STM32Cube_FW_F1_V1.8.6/Drivers/CMSIS/Device/ST/STM32F1xx/Include -I/home/pythoninnutshell/STM32Cube/Repository/STM32Cube_FW_F1_V1.8.6/Drivers/CMSIS/Include -I../USB_DEVICE/App -I../USB_DEVICE/Target -I/home/pythoninnutshell/STM32Cube/Repository/STM32Cube_FW_F1_V1.8.6/Middlewares/ST/STM32_USB_Device_Library/Core/Inc -I/home/pythoninnutshell/STM32Cube/Repository/STM32Cube_FW_F1_V1.8.6/Middlewares/ST/STM32_USB_Device_Library/Class/CDC/Inc -O0 -ffunction-sections -fdata-sections -Wall -fstack-usage -fcyclomatic-complexity -MMD -MP -MF"Drivers/STM32F1xx_HAL_Driver/stm32f1xx_hal_gpio_ex.d" -MT"Drivers/STM32F1xx_HAL_Driver/stm32f1xx_hal_gpio_ex.o" --specs=nano.specs -mfloat-abi=soft -mthumb -o "Drivers/STM32F1xx_HAL_Driver/stm32f1xx_hal_gpio_ex.o"
arm-none-eabi-gcc "/home/pythoninnutshell/STM32Cube/Repository/STM32Cube_FW_F1_V1.8.6/Drivers/STM32F1xx_HAL_Driver/Src/stm32f1xx_hal_pcd.c" -mcpu=cortex-m3 -std=gnu11 -g3 -DDEBUG -DUSE_HAL_DRIVER -DSTM32F103xB -c -I../Core/Inc -I/home/pythoninnutshell/STM32Cube/Repository/STM32Cube_FW_F1_V1.8.6/Drivers/STM32F1xx_HAL_Driver/Inc/Legacy -I/home/pythoninnutshell/STM32Cube/Repository/STM32Cube_FW_F1_V1.8.6/Drivers/STM32F1xx_HAL_Driver/Inc -I/home/pythoninnutshell/STM32Cube/Repository/STM32Cube_FW_F1_V1.8.6/Drivers/CMSIS/Device/ST/STM32F1xx/Include -I/home/pythoninnutshell/STM32Cube/Repository/STM32Cube_FW_F1_V1.8.6/Drivers/CMSIS/Include -I../USB_DEVICE/App -I../USB_DEVICE/Target -I/home/pythoninnutshell/STM32Cube/Repository/STM32Cube_FW_F1_V1.8.6/Middlewares/ST/STM32_USB_Device_Library/Core/Inc -I/home/pythoninnutshell/STM32Cube/Repository/STM32Cube_FW_F1_V1.8.6/Middlewares/ST/STM32_USB_Device_Library/Class/CDC/Inc -O0 -ffunction-sections -fdata-sections -Wall -fstack-usage -fcyclomatic-complexity -MMD -MP -MF"Drivers/STM32F1xx_HAL_Driver/stm32f1xx_hal_pcd.d" -MT"Drivers/STM32F1xx_HAL_Driver/stm32f1xx_hal_pcd.o" --specs=nano.specs -mfloat-abi=soft -mthumb -o "Drivers/STM32F1xx_HAL_Driver/stm32f1xx_hal_pcd.o"
arm-none-eabi-gcc "/home/pythoninnutshell/STM32Cube/Repository/STM32Cube_FW_F1_V1.8.6/Drivers/STM32F1xx_HAL_Driver/Src/stm32f1xx_hal_pcd_ex.c" -mcpu=cortex-m3 -std=gnu11 -g3 -DDEBUG -DUSE_HAL_DRIVER -DSTM32F103xB -c -I../Core/Inc -I/home/pythoninnutshell/STM32Cube/Repository/STM32Cube_FW_F1_V1.8.6/Drivers/STM32F1xx_HAL_Driver/Inc/Legacy -I/home/pythoninnutshell/STM32Cube/Repository/STM32Cube_FW_F1_V1.8.6/Drivers/STM32F1xx_HAL_Driver/Inc -I/home/pythoninnutshell/STM32Cube/Repository/STM32Cube_FW_F1_V1.8.6/Drivers/CMSIS/Device/ST/STM32F1xx/Include -I/home/pythoninnutshell/STM32Cube/Repository/STM32Cube_FW_F1_V1.8.6/Drivers/CMSIS/Include -I../USB_DEVICE/App -I../USB_DEVICE/Target -I/home/pythoninnutshell/STM32Cube/Repository/STM32Cube_FW_F1_V1.8.6/Middlewares/ST/STM32_USB_Device_Library/Core/Inc -I/home/pythoninnutshell/STM32Cube/Repository/STM32Cube_FW_F1_V1.8.6/Middlewares/ST/STM32_USB_Device_Library/Class/CDC/Inc -O0 -ffunction-sections -fdata-sections -Wall -fstack-usage -fcyclomatic-complexity -MMD -MP -MF"Drivers/STM32F1xx_HAL_Driver/stm32f1xx_hal_pcd_ex.d" -MT"Drivers/STM32F1xx_HAL_Driver/stm32f1xx_hal_pcd_ex.o" --specs=nano.specs -mfloat-abi=soft -mthumb -o "Drivers/STM32F1xx_HAL_Driver/stm32f1xx_hal_pcd_ex.o"
arm-none-eabi-gcc "/home/pythoninnutshell/STM32Cube/Repository/STM32Cube_FW_F1_V1.8.6/Drivers/STM32F1xx_HAL_Driver/Src/stm32f1xx_hal_pwr.c" -mcpu=cortex-m3 -std=gnu11 -g3 -DDEBUG -DUSE_HAL_DRIVER -DSTM32F103xB -c -I../Core/Inc -I/home/pythoninnutshell/STM32Cube/Repository/STM32Cube_FW_F1_V1.8.6/Drivers/STM32F1xx_HAL_Driver/Inc/Legacy -I/home/pythoninnutshell/STM32Cube/Repository/STM32Cube_FW_F1_V1.8.6/Drivers/STM32F1xx_HAL_Driver/Inc -I/home/pythoninnutshell/STM32Cube/Repository/STM32Cube_FW_F1_V1.8.6/Drivers/CMSIS/Device/ST/STM32F1xx/Include -I/home/pythoninnutshell/STM32Cube/Repository/STM32Cube_FW_F1_V1.8.6/Drivers/CMSIS/Include -I../USB_DEVICE/App -I../USB_DEVICE/Target -I/home/pythoninnutshell/STM32Cube/Repository/STM32Cube_FW_F1_V1.8.6/Middlewares/ST/STM32_USB_Device_Library/Core/Inc -I/home/pythoninnutshell/STM32Cube/Repository/STM32Cube_FW_F1_V1.8.6/Middlewares/ST/STM32_USB_Device_Library/Class/CDC/Inc -O0 -ffunction-sections -fdata-sections -Wall -fstack-usage -fcyclomatic-complexity -MMD -MP -MF"Drivers/STM32F1xx_HAL_Driver/stm32f1xx_hal_pwr.d" -MT"Drivers/STM32F1xx_HAL_Driver/stm32f1xx_hal_pwr.o" --specs=nano.specs -mfloat-abi=soft -mthumb -o "Drivers/STM32F1xx_HAL_Driver/stm32f1xx_hal_pwr.o"
arm-none-eabi-gcc "/home/pythoninnutshell/STM32Cube/Repository/STM32Cube_FW_F1_V1.8.6/Drivers/STM32F1xx_HAL_Driver/Src/stm32f1xx_hal_rcc.c" -mcpu=cortex-m3 -std=gnu11 -g3 -DDEBUG -DUSE_HAL_DRIVER -DSTM32F103xB -c -I../Core/Inc -I/home/pythoninnutshell/STM32Cube/Repository/STM32Cube_FW_F1_V1.8.6/Drivers/STM32F1xx_HAL_Driver/Inc/Legacy -I/home/pythoninnutshell/STM32Cube/Repository/STM32Cube_FW_F1_V1.8.6/Drivers/STM32F1xx_HAL_Driver/Inc -I/home/pythoninnutshell/STM32Cube/Repository/STM32Cube_FW_F1_V1.8.6/Drivers/CMSIS/Device/ST/STM32F1xx/Include -I/home/pythoninnutshell/STM32Cube/Repository/STM32Cube_FW_F1_V1.8.6/Drivers/CMSIS/Include -I../USB_DEVICE/App -I../USB_DEVICE/Target -I/home/pythoninnutshell/STM32Cube/Repository/STM32Cube_FW_F1_V1.8.6/Middlewares/ST/STM32_USB_Device_Library/Core/Inc -I/home/pythoninnutshell/STM32Cube/Repository/STM32Cube_FW_F1_V1.8.6/Middlewares/ST/STM32_USB_Device_Library/Class/CDC/Inc -O0 -ffunction-sections -fdata-sections -Wall -fstack-usage -fcyclomatic-complexity -MMD -MP -MF"Drivers/STM32F1xx_HAL_Driver/stm32f1xx_hal_rcc.d" -MT"Drivers/STM32F1xx_HAL_Driver/stm32f1xx_hal_rcc.o" --specs=nano.specs -mfloat-abi=soft -mthumb -o "Drivers/STM32F1xx_HAL_Driver/stm32f1xx_hal_rcc.o"
arm-none-eabi-gcc "/home/pythoninnutshell/STM32Cube/Repository/STM32Cube_FW_F1_V1.8.6/Drivers/STM32F1xx_HAL_Driver/Src/stm32f1xx_hal_rcc_ex.c" -mcpu=cortex-m3 -std=gnu11 -g3 -DDEBUG -DUSE_HAL_DRIVER -DSTM32F103xB -c -I../Core/Inc -I/home/pythoninnutshell/STM32Cube/Repository/STM32Cube_FW_F1_V1.8.6/Drivers/STM32F1xx_HAL_Driver/Inc/Legacy -I/home/pythoninnutshell/STM32Cube/Repository/STM32Cube_FW_F1_V1.8.6/Drivers/STM32F1xx_HAL_Driver/Inc -I/home/pythoninnutshell/STM32Cube/Repository/STM32Cube_FW_F1_V1.8.6/Drivers/CMSIS/Device/ST/STM32F1xx/Include -I/home/pythoninnutshell/STM32Cube/Repository/STM32Cube_FW_F1_V1.8.6/Drivers/CMSIS/Include -I../USB_DEVICE/App -I../USB_DEVICE/Target -I/home/pythoninnutshell/STM32Cube/Repository/STM32Cube_FW_F1_V1.8.6/Middlewares/ST/STM32_USB_Device_Library/Core/Inc -I/home/pythoninnutshell/STM32Cube/Repository/STM32Cube_FW_F1_V1.8.6/Middlewares/ST/STM32_USB_Device_Library/Class/CDC/Inc -O0 -ffunction-sections -fdata-sections -Wall -fstack-usage -fcyclomatic-complexity -MMD -MP -MF"Drivers/STM32F1xx_HAL_Driver/stm32f1xx_hal_rcc_ex.d" -MT"Drivers/STM32F1xx_HAL_Driver/stm32f1xx_hal_rcc_ex.o" --specs=nano.specs -mfloat-abi=soft -mthumb -o "Drivers/STM32F1xx_HAL_Driver/stm32f1xx_hal_rcc_ex.o"
arm-none-eabi-gcc "/home/pythoninnutshell/STM32Cube/Repository/STM32Cube_FW_F1_V1.8.6/Drivers/STM32F1xx_HAL_Driver/Src/stm32f1xx_hal_spi.c" -mcpu=cortex-m3 -std=gnu11 -g3 -DDEBUG -DUSE_HAL_DRIVER -DSTM32F103xB -c -I../Core/Inc -I/home/pythoninnutshell/STM32Cube/Repository/STM32Cube_FW_F1_V1.8.6/Drivers/STM32F1xx_HAL_Driver/Inc/Legacy -I/home/pythoninnutshell/STM32Cube/Repository/STM32Cube_FW_F1_V1.8.6/Drivers/STM32F1xx_HAL_Driver/Inc -I/home/pythoninnutshell/STM32Cube/Repository/STM32Cube_FW_F1_V1.8.6/Drivers/CMSIS/Device/ST/STM32F1xx/Include -I/home/pythoninnutshell/STM32Cube/Repository/STM32Cube_FW_F1_V1.8.6/Drivers/CMSIS/Include -I../USB_DEVICE/App -I../USB_DEVICE/Target -I/home/pythoninnutshell/STM32Cube/Repository/STM32Cube_FW_F1_V1.8.6/Middlewares/ST/STM32_USB_Device_Library/Core/Inc -I/home/pythoninnutshell/STM32Cube/Repository/STM32Cube_FW_F1_V1.8.6/Middlewares/ST/STM32_USB_Device_Library/Class/CDC/Inc -O0 -ffunction-sections -fdata-sections -Wall -fstack-usage -fcyclomatic-complexity -MMD -MP -MF"Drivers/STM32F1xx_HAL_Driver/stm32f1xx_hal_spi.d" -MT"Drivers/STM32F1xx_HAL_Driver/stm32f1xx_hal_spi.o" --specs=nano.specs -mfloat-abi=soft -mthumb -o "Drivers/STM32F1xx_HAL_Driver/stm32f1xx_hal_spi.o"
arm-none-eabi-gcc "/home/pythoninnutshell/STM32Cube/Repository/STM32Cube_FW_F1_V1.8.6/Drivers/STM32F1xx_HAL_Driver/Src/stm32f1xx_hal_uart.c" -mcpu=cortex-m3 -std=gnu11 -g3 -DDEBUG -DUSE_HAL_DRIVER -DSTM32F103xB -c -I../Core/Inc -I/home/pythoninnutshell/STM32Cube/Repository/STM32Cube_FW_F1_V1.8.6/Drivers/STM32F1xx_HAL_Driver/Inc/Legacy -I/home/pythoninnutshell/STM32Cube/Repository/STM32Cube_FW_F1_V1.8.6/Drivers/STM32F1xx_HAL_Driver/Inc -I/home/pythoninnutshell/STM32Cube/Repository/STM32Cube_FW_F1_V1.8.6/Drivers/CMSIS/Device/ST/STM32F1xx/Include -I/home/pythoninnutshell/STM32Cube/Repository/STM32Cube_FW_F1_V1.8.6/Drivers/CMSIS/Include -I../USB_DEVICE/App -I../USB_DEVICE/Target -I/home/pythoninnutshell/STM32Cube/Repository/STM32Cube_FW_F1_V1.8.6/Middlewares/ST/STM32_USB_Device_Library/Core/Inc -I/home/pythoninnutshell/STM32Cube/Repository/STM32Cube_FW_F1_V1.8.6/Middlewares/ST/STM32_USB_Device_Library/Class/CDC/Inc -O0 -ffunction-sections -fdata-sections -Wall -fstack-usage -fcyclomatic-complexity -MMD -MP -MF"Drivers/STM32F1xx_HAL_Driver/stm32f1xx_hal_uart.d" -MT"Drivers/STM32F1xx_HAL_Driver/stm32f1xx_hal_uart.o" --specs=nano.specs -mfloat-abi=soft -mthumb -o "Drivers/STM32F1xx_HAL_Driver/stm32f1xx_hal_uart.o"
arm-none-eabi-gcc "/home/pythoninnutshell/STM32Cube/Repository/STM32Cube_FW_F1_V1.8.6/Drivers/STM32F1xx_HAL_Driver/Src/stm32f1xx_ll_usb.c" -mcpu=cortex-m3 -std=gnu11 -g3 -DDEBUG -DUSE_HAL_DRIVER -DSTM32F103xB -c -I../Core/Inc -I/home/pythoninnutshell/STM32Cube/Repository/STM32Cube_FW_F1_V1.8.6/Drivers/STM32F1xx_HAL_Driver/Inc/Legacy -I/home/pythoninnutshell/STM32Cube/Repository/STM32Cube_FW_F1_V1.8.6/Drivers/STM32F1xx_HAL_Driver/Inc -I/home/pythoninnutshell/STM32Cube/Repository/STM32Cube_FW_F1_V1.8.6/Drivers/CMSIS/Device/ST/STM32F1xx/Include -I/home/pythoninnutshell/STM32Cube/Repository/STM32Cube_FW_F1_V1.8.6/Drivers/CMSIS/Include -I../USB_DEVICE/App -I../USB_DEVICE/Target -I/home/pythoninnutshell/STM32Cube/Repository/STM32Cube_FW_F1_V1.8.6/Middlewares/ST/STM32_USB_Device_Library/Core/Inc -I/home/pythoninnutshell/STM32Cube/Repository/STM32Cube_FW_F1_V1.8.6/Middlewares/ST/STM32_USB_Device_Library/Class/CDC/Inc -O0 -ffunction-sections -fdata-sections -Wall -fstack-usage -fcyclomatic-complexity -MMD -MP -MF"Drivers/STM32F1xx_HAL_Driver/stm32f1xx_ll_usb.d" -MT"Drivers/STM32F1xx_HAL_Driver/stm32f1xx_ll_usb.o" --specs=nano.specs -mfloat-abi=soft -mthumb -o "Drivers/STM32F1xx_HAL_Driver/stm32f1xx_ll_usb.o"
arm-none-eabi-gcc -mcpu=cortex-m3 -g3 -DDEBUG -c -x assembler-with-cpp -MMD -MP -MF"Core/Startup/startup_stm32f103c8tx.d" -MT"Core/Startup/startup_stm32f103c8tx.o" --specs=nano.specs -mfloat-abi=soft -mthumb -o "Core/Startup/startup_stm32f103c8tx.o" "../Core/Startup/startup_stm32f103c8tx.s"
arm-none-eabi-gcc "../Core/Src/main.c" -mcpu=cortex-m3 -std=gnu11 -g3 -DDEBUG -DUSE_HAL_DRIVER -DSTM32F103xB -c -I../Core/Inc -I/home/pythoninnutshell/STM32Cube/Repository/STM32Cube_FW_F1_V1.8.6/Drivers/STM32F1xx_HAL_Driver/Inc/Legacy -I/home/pythoninnutshell/STM32Cube/Repository/STM32Cube_FW_F1_V1.8.6/Drivers/STM32F1xx_HAL_Driver/Inc -I/home/pythoninnutshell/STM32Cube/Repository/STM32Cube_FW_F1_V1.8.6/Drivers/CMSIS/Device/ST/STM32F1xx/Include -I/home/pythoninnutshell/STM32Cube/Repository/STM32Cube_FW_F1_V1.8.6/Drivers/CMSIS/Include -I../USB_DEVICE/App -I../USB_DEVICE/Target -I/home/pythoninnutshell/STM32Cube/Repository/STM32Cube_FW_F1_V1.8.6/Middlewares/ST/STM32_USB_Device_Library/Core/Inc -I/home/pythoninnutshell/STM32Cube/Repository/STM32Cube_FW_F1_V1.8.6/Middlewares/ST/STM32_USB_Device_Library/Class/CDC/Inc -O0 -ffunction-sections -fdata-sections -Wall -fstack-usage -fcyclomatic-complexity -MMD -MP -MF"Core/Src/main.d" -MT"Core/Src/main.o" --specs=nano.specs -mfloat-abi=soft -mthumb -o "Core/Src/main.o"
arm-none-eabi-gcc "../Core/Src/rc522.c" -mcpu=cortex-m3 -std=gnu11 -g3 -DDEBUG -DUSE_HAL_DRIVER -DSTM32F103xB -c -I../Core/Inc -I/home/pythoninnutshell/STM32Cube/Repository/STM32Cube_FW_F1_V1.8.6/Drivers/STM32F1xx_HAL_Driver/Inc/Legacy -I/home/pythoninnutshell/STM32Cube/Repository/STM32Cube_FW_F1_V1.8.6/Drivers/STM32F1xx_HAL_Driver/Inc -I/home/pythoninnutshell/STM32Cube/Repository/STM32Cube_FW_F1_V1.8.6/Drivers/CMSIS/Device/ST/STM32F1xx/Include -I/home/pythoninnutshell/STM32Cube/Repository/STM32Cube_FW_F1_V1.8.6/Drivers/CMSIS/Include -I../USB_DEVICE/App -I../USB_DEVICE/Target -I/home/pythoninnutshell/STM32Cube/Repository/STM32Cube_FW_F1_V1.8.6/Middlewares/ST/STM32_USB_Device_Library/Core/Inc -I/home/pythoninnutshell/STM32Cube/Repository/STM32Cube_FW_F1_V1.8.6/Middlewares/ST/STM32_USB_Device_Library/Class/CDC/Inc -O0 -ffunction-sections -fdata-sections -Wall -fstack-usage -fcyclomatic-complexity -MMD -MP -MF"Core/Src/rc522.d" -MT"Core/Src/rc522.o" --specs=nano.specs -mfloat-abi=soft -mthumb -o "Core/Src/rc522.o"
arm-none-eabi-gcc "../Core/Src/stm32f1xx_hal_msp.c" -mcpu=cortex-m3 -std=gnu11 -g3 -DDEBUG -DUSE_HAL_DRIVER -DSTM32F103xB -c -I../Core/Inc -I/home/pythoninnutshell/STM32Cube/Repository/STM32Cube_FW_F1_V1.8.6/Drivers/STM32F1xx_HAL_Driver/Inc/Legacy -I/home/pythoninnutshell/STM32Cube/Repository/STM32Cube_FW_F1_V1.8.6/Drivers/STM32F1xx_HAL_Driver/Inc -I/home/pythoninnutshell/STM32Cube/Repository/STM32Cube_FW_F1_V1.8.6/Drivers/CMSIS/Device/ST/STM32F1xx/Include -I/home/pythoninnutshell/STM32Cube/Repository/STM32Cube_FW_F1_V1.8.6/Drivers/CMSIS/Include -I../USB_DEVICE/App -I../USB_DEVICE/Target -I/home/pythoninnutshell/STM32Cube/Repository/STM32Cube_FW_F1_V1.8.6/Middlewares/ST/STM32_USB_Device_Library/Core/Inc -I/home/pythoninnutshell/STM32Cube/Repository/STM32Cube_FW_F1_V1.8.6/Middlewares/ST/STM32_USB_Device_Library/Class/CDC/Inc -O0 -ffunction-sections -fdata-sections -Wall -fstack-usage -fcyclomatic-complexity -MMD -MP -MF"Core/Src/stm32f1xx_hal_msp.d" -MT"Core/Src/stm32f1xx_hal_msp.o" --specs=nano.specs -mfloat-abi=soft -mthumb -o "Core/Src/stm32f1xx_hal_msp.o"
arm-none-eabi-gcc "../Core/Src/stm32f1xx_it.c" -mcpu=cortex-m3 -std=gnu11 -g3 -DDEBUG -DUSE_HAL_DRIVER -DSTM32F103xB -c -I../Core/Inc -I/home/pythoninnutshell/STM32Cube/Repository/STM32Cube_FW_F1_V1.8.6/Drivers/STM32F1xx_HAL_Driver/Inc/Legacy -I/home/pythoninnutshell/STM32Cube/Repository/STM32Cube_FW_F1_V1.8.6/Drivers/STM32F1xx_HAL_Driver/Inc -I/home/pythoninnutshell/STM32Cube/Repository/STM32Cube_FW_F1_V1.8.6/Drivers/CMSIS/Device/ST/STM32F1xx/Include -I/home/pythoninnutshell/STM32Cube/Repository/STM32Cube_FW_F1_V1.8.6/Drivers/CMSIS/Include -I../USB_DEVICE/App -I../USB_DEVICE/Target -I/home/pythoninnutshell/STM32Cube/Repository/STM32Cube_FW_F1_V1.8.6/Middlewares/ST/STM32_USB_Device_Library/Core/Inc -I/home/pythoninnutshell/STM32Cube/Repository/STM32Cube_FW_F1_V1.8.6/Middlewares/ST/STM32_USB_Device_Library/Class/CDC/Inc -O0 -ffunction-sections -fdata-sections -Wall -fstack-usage -fcyclomatic-complexity -MMD -MP -MF"Core/Src/stm32f1xx_it.d" -MT"Core/Src/stm32f1xx_it.o" --specs=nano.specs -mfloat-abi=soft -mthumb -o "Core/Src/stm32f1xx_it.o"
../Core/Src/main.c: In function 'main':
../Core/Src/main.c:118:36: error: 'LED_G1' undeclared (first use in this function)
arm-none-eabi-gcc "../Core/Src/syscalls.c" -mcpu=cortex-m3 -std=gnu11 -g3 -DDEBUG -DUSE_HAL_DRIVER -DSTM32F103xB -c -I../Core/Inc -I/home/pythoninnutshell/STM32Cube/Repository/STM32Cube_FW_F1_V1.8.6/Drivers/STM32F1xx_HAL_Driver/Inc/Legacy -I/home/pythoninnutshell/STM32Cube/Repository/STM32Cube_FW_F1_V1.8.6/Drivers/STM32F1xx_HAL_Driver/Inc -I/home/pythoninnutshell/STM32Cube/Repository/STM32Cube_FW_F1_V1.8.6/Drivers/CMSIS/Device/ST/STM32F1xx/Include -I/home/pythoninnutshell/STM32Cube/Repository/STM32Cube_FW_F1_V1.8.6/Drivers/CMSIS/Include -I../USB_DEVICE/App -I../USB_DEVICE/Target -I/home/pythoninnutshell/STM32Cube/Repository/STM32Cube_FW_F1_V1.8.6/Middlewares/ST/STM32_USB_Device_Library/Core/Inc -I/home/pythoninnutshell/STM32Cube/Repository/STM32Cube_FW_F1_V1.8.6/Middlewares/ST/STM32_USB_Device_Library/Class/CDC/Inc -O0 -ffunction-sections -fdata-sections -Wall -fstack-usage -fcyclomatic-complexity -MMD -MP -MF"Core/Src/syscalls.d" -MT"Core/Src/syscalls.o" --specs=nano.specs -mfloat-abi=soft -mthumb -o "Core/Src/syscalls.o"
  118 |           HAL_GPIO_WritePin(GPIOC, LED_G1, 1);
      |                                    ^~~~~~
../Core/Src/main.c:118:36: note: each undeclared identifier is reported only once for each function it appears in
../Core/Src/main.c:104:11: warning: variable 'status' set but not used [-Wunused-but-set-variable]
  104 |   uint8_t status;
      |           ^~~~~~
make: *** [Core/Src/subdir.mk:37: Core/Src/main.o] Error 1
make: *** Waiting for unfinished jobs....
"make -j12 all" terminated with exit code 2. Build might be incomplete.
21:33:48 **** Incremental Build of configuration Debug for project UACS-Reader-Firmware ****
make -j12 all 
arm-none-eabi-gcc "../Core/Src/main.c" -mcpu=cortex-m3 -std=gnu11 -g3 -DDEBUG -DUSE_HAL_DRIVER -DSTM32F103xB -c -I../Core/Inc -I/home/pythoninnutshell/STM32Cube/Repository/STM32Cube_FW_F1_V1.8.6/Drivers/STM32F1xx_HAL_Driver/Inc/Legacy -I/home/pythoninnutshell/STM32Cube/Repository/STM32Cube_FW_F1_V1.8.6/Drivers/STM32F1xx_HAL_Driver/Inc -I/home/pythoninnutshell/STM32Cube/Repository/STM32Cube_FW_F1_V1.8.6/Drivers/CMSIS/Device/ST/STM32F1xx/Include -I/home/pythoninnutshell/STM32Cube/Repository/STM32Cube_FW_F1_V1.8.6/Drivers/CMSIS/Include -I../USB_DEVICE/App -I../USB_DEVICE/Target -I/home/pythoninnutshell/STM32Cube/Repository/STM32Cube_FW_F1_V1.8.6/Middlewares/ST/STM32_USB_Device_Library/Core/Inc -I/home/pythoninnutshell/STM32Cube/Repository/STM32Cube_FW_F1_V1.8.6/Middlewares/ST/STM32_USB_Device_Library/Class/CDC/Inc -O0 -ffunction-sections -fdata-sections -Wall -fstack-usage -fcyclomatic-complexity -MMD -MP -MF"Core/Src/main.d" -MT"Core/Src/main.o" --specs=nano.specs -mfloat-abi=soft -mthumb -o "Core/Src/main.o"
arm-none-eabi-gcc "../Core/Src/sysmem.c" -mcpu=cortex-m3 -std=gnu11 -g3 -DDEBUG -DUSE_HAL_DRIVER -DSTM32F103xB -c -I../Core/Inc -I/home/pythoninnutshell/STM32Cube/Repository/STM32Cube_FW_F1_V1.8.6/Drivers/STM32F1xx_HAL_Driver/Inc/Legacy -I/home/pythoninnutshell/STM32Cube/Repository/STM32Cube_FW_F1_V1.8.6/Drivers/STM32F1xx_HAL_Driver/Inc -I/home/pythoninnutshell/STM32Cube/Repository/STM32Cube_FW_F1_V1.8.6/Drivers/CMSIS/Device/ST/STM32F1xx/Include -I/home/pythoninnutshell/STM32Cube/Repository/STM32Cube_FW_F1_V1.8.6/Drivers/CMSIS/Include -I../USB_DEVICE/App -I../USB_DEVICE/Target -I/home/pythoninnutshell/STM32Cube/Repository/STM32Cube_FW_F1_V1.8.6/Middlewares/ST/STM32_USB_Device_Library/Core/Inc -I/home/pythoninnutshell/STM32Cube/Repository/STM32Cube_FW_F1_V1.8.6/Middlewares/ST/STM32_USB_Device_Library/Class/CDC/Inc -O0 -ffunction-sections -fdata-sections -Wall -fstack-usage -fcyclomatic-complexity -MMD -MP -MF"Core/Src/sysmem.d" -MT"Core/Src/sysmem.o" --specs=nano.specs -mfloat-abi=soft -mthumb -o "Core/Src/sysmem.o"
arm-none-eabi-gcc "../Core/Src/system_stm32f1xx.c" -mcpu=cortex-m3 -std=gnu11 -g3 -DDEBUG -DUSE_HAL_DRIVER -DSTM32F103xB -c -I../Core/Inc -I/home/pythoninnutshell/STM32Cube/Repository/STM32Cube_FW_F1_V1.8.6/Drivers/STM32F1xx_HAL_Driver/Inc/Legacy -I/home/pythoninnutshell/STM32Cube/Repository/STM32Cube_FW_F1_V1.8.6/Drivers/STM32F1xx_HAL_Driver/Inc -I/home/pythoninnutshell/STM32Cube/Repository/STM32Cube_FW_F1_V1.8.6/Drivers/CMSIS/Device/ST/STM32F1xx/Include -I/home/pythoninnutshell/STM32Cube/Repository/STM32Cube_FW_F1_V1.8.6/Drivers/CMSIS/Include -I../USB_DEVICE/App -I../USB_DEVICE/Target -I/home/pythoninnutshell/STM32Cube/Repository/STM32Cube_FW_F1_V1.8.6/Middlewares/ST/STM32_USB_Device_Library/Core/Inc -I/home/pythoninnutshell/STM32Cube/Repository/STM32Cube_FW_F1_V1.8.6/Middlewares/ST/STM32_USB_Device_Library/Class/CDC/Inc -O0 -ffunction-sections -fdata-sections -Wall -fstack-usage -fcyclomatic-complexity -MMD -MP -MF"Core/Src/system_stm32f1xx.d" -MT"Core/Src/system_stm32f1xx.o" --specs=nano.specs -mfloat-abi=soft -mthumb -o "Core/Src/system_stm32f1xx.o"
../Core/Src/main.c: In function 'main':
../Core/Src/main.c:106:11: warning: unused variable 'sNum' [-Wunused-variable]
  106 |   uint8_t sNum[5];
      |           ^~~~
../Core/Src/main.c:105:11: warning: unused variable 'str' [-Wunused-variable]
  105 |   uint8_t str[MAX_LEN]; // Max_LEN = 16
      |           ^~~
../Core/Src/main.c:104:11: warning: unused variable 'status' [-Wunused-variable]
  104 |   uint8_t status;
      |           ^~~~~~
arm-none-eabi-gcc -o "UACS-Reader-Firmware.elf" @"objects.list"   -mcpu=cortex-m3 -T"/home/pythoninnutshell/Desktop/gabo/gabo/3_rocnik/bakalarka/firmware_3/UACS-Reader-Firmware/STM32F103C8TX_FLASH.ld" --specs=nosys.specs -Wl,-Map="UACS-Reader-Firmware.map" -Wl,--gc-sections -static --specs=nano.specs -mfloat-abi=soft -mthumb -Wl,--start-group -lc -lm -Wl,--end-group
Finished building target: UACS-Reader-Firmware.elf
 
arm-none-eabi-size  UACS-Reader-Firmware.elf 
arm-none-eabi-objdump -h -S UACS-Reader-Firmware.elf  > "UACS-Reader-Firmware.list"
   text	   data	    bss	    dec	    hex	filename
  36688	    380	   6412	  43480	   a9d8	UACS-Reader-Firmware.elf
Finished building: default.size.stdout
 
Finished building: UACS-Reader-Firmware.list
 
21:34:51 **** Incremental Build of configuration Debug for project UACS-Reader-Firmware ****
make -j12 all 
arm-none-eabi-size  UACS-Reader-Firmware.elf 
   text	   data	    bss	    dec	    hex	filename
  36688	    380	   6412	  43480	   a9d8	UACS-Reader-Firmware.elf
Finished building: default.size.stdout
 
21:35:22 **** Incremental Build of configuration Debug for project UACS-Reader-Firmware ****
make -j12 all 
arm-none-eabi-size  UACS-Reader-Firmware.elf 
   text	   data	    bss	    dec	    hex	filename
  36688	    380	   6412	  43480	   a9d8	UACS-Reader-Firmware.elf
Finished building: default.size.stdout
 
21:35:50 **** Incremental Build of configuration Debug for project UACS-Reader-Firmware ****
make -j12 all 
arm-none-eabi-size  UACS-Reader-Firmware.elf 
   text	   data	    bss	    dec	    hex	filename
  36688	    380	   6412	  43480	   a9d8	UACS-Reader-Firmware.elf
Finished building: default.size.stdout
 
21:37:28 **** Incremental Build of configuration Debug for project UACS-Reader-Firmware ****
make -j12 all 
arm-none-eabi-size  UACS-Reader-Firmware.elf 
   text	   data	    bss	    dec	    hex	filename
  36688	    380	   6412	  43480	   a9d8	UACS-Reader-Firmware.elf
Finished building: default.size.stdout
 
21:40:43 **** Incremental Build of configuration Debug for project UACS-Reader-Firmware ****
make -j12 all 
arm-none-eabi-size  UACS-Reader-Firmware.elf 
   text	   data	    bss	    dec	    hex	filename
  36688	    380	   6412	  43480	   a9d8	UACS-Reader-Firmware.elf
Finished building: default.size.stdout
 
21:42:35 **** Incremental Build of configuration Debug for project UACS-Reader-Firmware ****
make -j12 all 
arm-none-eabi-size  UACS-Reader-Firmware.elf 
   text	   data	    bss	    dec	    hex	filename
  36688	    380	   6412	  43480	   a9d8	UACS-Reader-Firmware.elf
Finished building: default.size.stdout
 
21:42:49 **** Incremental Build of configuration Debug for project UACS-Reader-Firmware ****
make -j12 all 
arm-none-eabi-size  UACS-Reader-Firmware.elf 
   text	   data	    bss	    dec	    hex	filename
  36688	    380	   6412	  43480	   a9d8	UACS-Reader-Firmware.elf
Finished building: default.size.stdout
 
21:42:59 **** Incremental Build of configuration Debug for project UACS-Reader-Firmware ****
make -j12 all 
arm-none-eabi-size  UACS-Reader-Firmware.elf 
   text	   data	    bss	    dec	    hex	filename
  36688	    380	   6412	  43480	   a9d8	UACS-Reader-Firmware.elf
Finished building: default.size.stdout
 
21:51:13 **** Incremental Build of configuration Debug for project UACS-Reader-Firmware ****
make -j12 all 
arm-none-eabi-size  UACS-Reader-Firmware.elf 
   text	   data	    bss	    dec	    hex	filename
  36688	    380	   6412	  43480	   a9d8	UACS-Reader-Firmware.elf
Finished building: default.size.stdout
 
21:52:08 **** Incremental Build of configuration Debug for project UACS-Reader-Firmware ****
make -j12 all 
arm-none-eabi-size  UACS-Reader-Firmware.elf 
   text	   data	    bss	    dec	    hex	filename
  36688	    380	   6412	  43480	   a9d8	UACS-Reader-Firmware.elf
Finished building: default.size.stdout
 
22:03:34 **** Incremental Build of configuration Debug for project UACS-Reader-Firmware ****
make -j12 all 
arm-none-eabi-size  UACS-Reader-Firmware.elf 
   text	   data	    bss	    dec	    hex	filename
  36688	    380	   6412	  43480	   a9d8	UACS-Reader-Firmware.elf
Finished building: default.size.stdout
 
23:07:25 **** Incremental Build of configuration Debug for project UACS-Reader-Firmware ****
make -j12 all 
arm-none-eabi-size  UACS-Reader-Firmware.elf 
   text	   data	    bss	    dec	    hex	filename
  36688	    380	   6412	  43480	   a9d8	UACS-Reader-Firmware.elf
Finished building: default.size.stdout
 
23:07:55 **** Incremental Build of configuration Debug for project UACS-Reader-Firmware ****
make -j12 all 
arm-none-eabi-size  UACS-Reader-Firmware.elf 
   text	   data	    bss	    dec	    hex	filename
  36688	    380	   6412	  43480	   a9d8	UACS-Reader-Firmware.elf
Finished building: default.size.stdout
 
23:09:41 **** Incremental Build of configuration Debug for project UACS-Reader-Firmware ****
make -j12 all 
arm-none-eabi-size  UACS-Reader-Firmware.elf 
   text	   data	    bss	    dec	    hex	filename
  36688	    380	   6412	  43480	   a9d8	UACS-Reader-Firmware.elf
Finished building: default.size.stdout
 
23:10:33 **** Incremental Build of configuration Debug for project UACS-Reader-Firmware ****
make -j12 all 
arm-none-eabi-size  UACS-Reader-Firmware.elf 
   text	   data	    bss	    dec	    hex	filename
  36688	    380	   6412	  43480	   a9d8	UACS-Reader-Firmware.elf
Finished building: default.size.stdout
 
23:11:02 **** Incremental Build of configuration Debug for project UACS-Reader-Firmware ****
make -j12 all 
arm-none-eabi-size  UACS-Reader-Firmware.elf 
   text	   data	    bss	    dec	    hex	filename
  36688	    380	   6412	  43480	   a9d8	UACS-Reader-Firmware.elf
Finished building: default.size.stdout
 
23:14:07 **** Incremental Build of configuration Debug for project UACS-Reader-Firmware ****
make -j12 all 
arm-none-eabi-size  UACS-Reader-Firmware.elf 
   text	   data	    bss	    dec	    hex	filename
  36688	    380	   6412	  43480	   a9d8	UACS-Reader-Firmware.elf
Finished building: default.size.stdout
 
23:15:18 **** Incremental Build of configuration Debug for project UACS-Reader-Firmware ****
make -j12 all 
arm-none-eabi-gcc "../Core/Src/main.c" -mcpu=cortex-m3 -std=gnu11 -g3 -DDEBUG -DUSE_HAL_DRIVER -DSTM32F103xB -c -I../Core/Inc -I/home/pythoninnutshell/STM32Cube/Repository/STM32Cube_FW_F1_V1.8.6/Drivers/STM32F1xx_HAL_Driver/Inc/Legacy -I/home/pythoninnutshell/STM32Cube/Repository/STM32Cube_FW_F1_V1.8.6/Drivers/STM32F1xx_HAL_Driver/Inc -I/home/pythoninnutshell/STM32Cube/Repository/STM32Cube_FW_F1_V1.8.6/Drivers/CMSIS/Device/ST/STM32F1xx/Include -I/home/pythoninnutshell/STM32Cube/Repository/STM32Cube_FW_F1_V1.8.6/Drivers/CMSIS/Include -I../USB_DEVICE/App -I../USB_DEVICE/Target -I/home/pythoninnutshell/STM32Cube/Repository/STM32Cube_FW_F1_V1.8.6/Middlewares/ST/STM32_USB_Device_Library/Core/Inc -I/home/pythoninnutshell/STM32Cube/Repository/STM32Cube_FW_F1_V1.8.6/Middlewares/ST/STM32_USB_Device_Library/Class/CDC/Inc -O0 -ffunction-sections -fdata-sections -Wall -fstack-usage -fcyclomatic-complexity -MMD -MP -MF"Core/Src/main.d" -MT"Core/Src/main.o" --specs=nano.specs -mfloat-abi=soft -mthumb -o "Core/Src/main.o"
../Core/Src/main.c: In function 'main':
../Core/Src/main.c:106:11: warning: unused variable 'sNum' [-Wunused-variable]
  106 |   uint8_t sNum[5];
      |           ^~~~
../Core/Src/main.c:105:11: warning: unused variable 'str' [-Wunused-variable]
  105 |   uint8_t str[MAX_LEN]; // Max_LEN = 16
      |           ^~~
../Core/Src/main.c:104:11: warning: unused variable 'status' [-Wunused-variable]
  104 |   uint8_t status;
      |           ^~~~~~
arm-none-eabi-gcc -o "UACS-Reader-Firmware.elf" @"objects.list"   -mcpu=cortex-m3 -T"/home/pythoninnutshell/Desktop/gabo/gabo/3_rocnik/bakalarka/firmware_3/UACS-Reader-Firmware/STM32F103C8TX_FLASH.ld" --specs=nosys.specs -Wl,-Map="UACS-Reader-Firmware.map" -Wl,--gc-sections -static --specs=nano.specs -mfloat-abi=soft -mthumb -Wl,--start-group -lc -lm -Wl,--end-group
Finished building target: UACS-Reader-Firmware.elf
 
arm-none-eabi-size  UACS-Reader-Firmware.elf 
arm-none-eabi-objdump -h -S UACS-Reader-Firmware.elf  > "UACS-Reader-Firmware.list"
   text	   data	    bss	    dec	    hex	filename
  31344	     12	   2596	  33952	   84a0	UACS-Reader-Firmware.elf
Finished building: default.size.stdout
 
Finished building: UACS-Reader-Firmware.list
 
23:15:51 **** Incremental Build of configuration Debug for project UACS-Reader-Firmware ****
make -j12 all 
arm-none-eabi-gcc "../Core/Src/main.c" -mcpu=cortex-m3 -std=gnu11 -g3 -DDEBUG -DUSE_HAL_DRIVER -DSTM32F103xB -c -I../Core/Inc -I/home/pythoninnutshell/STM32Cube/Repository/STM32Cube_FW_F1_V1.8.6/Drivers/STM32F1xx_HAL_Driver/Inc/Legacy -I/home/pythoninnutshell/STM32Cube/Repository/STM32Cube_FW_F1_V1.8.6/Drivers/STM32F1xx_HAL_Driver/Inc -I/home/pythoninnutshell/STM32Cube/Repository/STM32Cube_FW_F1_V1.8.6/Drivers/CMSIS/Device/ST/STM32F1xx/Include -I/home/pythoninnutshell/STM32Cube/Repository/STM32Cube_FW_F1_V1.8.6/Drivers/CMSIS/Include -I../USB_DEVICE/App -I../USB_DEVICE/Target -I/home/pythoninnutshell/STM32Cube/Repository/STM32Cube_FW_F1_V1.8.6/Middlewares/ST/STM32_USB_Device_Library/Core/Inc -I/home/pythoninnutshell/STM32Cube/Repository/STM32Cube_FW_F1_V1.8.6/Middlewares/ST/STM32_USB_Device_Library/Class/CDC/Inc -O0 -ffunction-sections -fdata-sections -Wall -fstack-usage -fcyclomatic-complexity -MMD -MP -MF"Core/Src/main.d" -MT"Core/Src/main.o" --specs=nano.specs -mfloat-abi=soft -mthumb -o "Core/Src/main.o"
../Core/Src/main.c: In function 'main':
../Core/Src/main.c:106:11: warning: unused variable 'sNum' [-Wunused-variable]
  106 |   uint8_t sNum[5];
      |           ^~~~
../Core/Src/main.c:105:11: warning: unused variable 'str' [-Wunused-variable]
  105 |   uint8_t str[MAX_LEN]; // Max_LEN = 16
      |           ^~~
../Core/Src/main.c:104:11: warning: unused variable 'status' [-Wunused-variable]
  104 |   uint8_t status;
      |           ^~~~~~
../Core/Src/main.c: At top level:
../Core/Src/main.c:218:13: warning: 'MX_USART3_UART_Init' defined but not used [-Wunused-function]
  218 | static void MX_USART3_UART_Init(void)
      |             ^~~~~~~~~~~~~~~~~~~
arm-none-eabi-gcc -o "UACS-Reader-Firmware.elf" @"objects.list"   -mcpu=cortex-m3 -T"/home/pythoninnutshell/Desktop/gabo/gabo/3_rocnik/bakalarka/firmware_3/UACS-Reader-Firmware/STM32F103C8TX_FLASH.ld" --specs=nosys.specs -Wl,-Map="UACS-Reader-Firmware.map" -Wl,--gc-sections -static --specs=nano.specs -mfloat-abi=soft -mthumb -Wl,--start-group -lc -lm -Wl,--end-group
Finished building target: UACS-Reader-Firmware.elf
 
arm-none-eabi-size  UACS-Reader-Firmware.elf 
arm-none-eabi-objdump -h -S UACS-Reader-Firmware.elf  > "UACS-Reader-Firmware.list"
   text	   data	    bss	    dec	    hex	filename
  30180	     12	   2596	  32788	   8014	UACS-Reader-Firmware.elf
Finished building: default.size.stdout
 
Finished building: UACS-Reader-Firmware.list
 
23:16:16 **** Incremental Build of configuration Debug for project UACS-Reader-Firmware ****
make -j12 all 
arm-none-eabi-size  UACS-Reader-Firmware.elf 
   text	   data	    bss	    dec	    hex	filename
  30180	     12	   2596	  32788	   8014	UACS-Reader-Firmware.elf
Finished building: default.size.stdout
 
23:17:34 **** Incremental Build of configuration Debug for project UACS-Reader-Firmware ****
make -j12 all 
arm-none-eabi-gcc "../Core/Src/main.c" -mcpu=cortex-m3 -std=gnu11 -g3 -DDEBUG -DUSE_HAL_DRIVER -DSTM32F103xB -c -I../Core/Inc -I/home/pythoninnutshell/STM32Cube/Repository/STM32Cube_FW_F1_V1.8.6/Drivers/STM32F1xx_HAL_Driver/Inc/Legacy -I/home/pythoninnutshell/STM32Cube/Repository/STM32Cube_FW_F1_V1.8.6/Drivers/STM32F1xx_HAL_Driver/Inc -I/home/pythoninnutshell/STM32Cube/Repository/STM32Cube_FW_F1_V1.8.6/Drivers/CMSIS/Device/ST/STM32F1xx/Include -I/home/pythoninnutshell/STM32Cube/Repository/STM32Cube_FW_F1_V1.8.6/Drivers/CMSIS/Include -I../USB_DEVICE/App -I../USB_DEVICE/Target -I/home/pythoninnutshell/STM32Cube/Repository/STM32Cube_FW_F1_V1.8.6/Middlewares/ST/STM32_USB_Device_Library/Core/Inc -I/home/pythoninnutshell/STM32Cube/Repository/STM32Cube_FW_F1_V1.8.6/Middlewares/ST/STM32_USB_Device_Library/Class/CDC/Inc -O0 -ffunction-sections -fdata-sections -Wall -fstack-usage -fcyclomatic-complexity -MMD -MP -MF"Core/Src/main.d" -MT"Core/Src/main.o" --specs=nano.specs -mfloat-abi=soft -mthumb -o "Core/Src/main.o"
../Core/Src/main.c: In function 'main':
../Core/Src/main.c:106:11: warning: unused variable 'sNum' [-Wunused-variable]
  106 |   uint8_t sNum[5];
      |           ^~~~
../Core/Src/main.c:105:11: warning: unused variable 'str' [-Wunused-variable]
  105 |   uint8_t str[MAX_LEN]; // Max_LEN = 16
      |           ^~~
../Core/Src/main.c:104:11: warning: unused variable 'status' [-Wunused-variable]
  104 |   uint8_t status;
      |           ^~~~~~
../Core/Src/main.c: At top level:
../Core/Src/main.c:218:13: warning: 'MX_USART3_UART_Init' defined but not used [-Wunused-function]
  218 | static void MX_USART3_UART_Init(void)
      |             ^~~~~~~~~~~~~~~~~~~
../Core/Src/main.c:180:13: warning: 'MX_SPI1_Init' defined but not used [-Wunused-function]
  180 | static void MX_SPI1_Init(void)
      |             ^~~~~~~~~~~~
arm-none-eabi-gcc -o "UACS-Reader-Firmware.elf" @"objects.list"   -mcpu=cortex-m3 -T"/home/pythoninnutshell/Desktop/gabo/gabo/3_rocnik/bakalarka/firmware_3/UACS-Reader-Firmware/STM32F103C8TX_FLASH.ld" --specs=nosys.specs -Wl,-Map="UACS-Reader-Firmware.map" -Wl,--gc-sections -static --specs=nano.specs -mfloat-abi=soft -mthumb -Wl,--start-group -lc -lm -Wl,--end-group
Finished building target: UACS-Reader-Firmware.elf
 
arm-none-eabi-size  UACS-Reader-Firmware.elf 
arm-none-eabi-objdump -h -S UACS-Reader-Firmware.elf  > "UACS-Reader-Firmware.list"
   text	   data	    bss	    dec	    hex	filename
  29656	     12	   2596	  32264	   7e08	UACS-Reader-Firmware.elf
Finished building: default.size.stdout
 
Finished building: UACS-Reader-Firmware.list
 
23:17:48 **** Incremental Build of configuration Debug for project UACS-Reader-Firmware ****
make -j12 all 
arm-none-eabi-size  UACS-Reader-Firmware.elf 
   text	   data	    bss	    dec	    hex	filename
  29656	     12	   2596	  32264	   7e08	UACS-Reader-Firmware.elf
Finished building: default.size.stdout
 
23:21:31 **** Incremental Build of configuration Debug for project UACS-Reader-Firmware ****
make -j12 all 
arm-none-eabi-gcc "../Core/Src/main.c" -mcpu=cortex-m3 -std=gnu11 -g3 -DDEBUG -DUSE_HAL_DRIVER -DSTM32F103xB -c -I../Core/Inc -I/home/pythoninnutshell/STM32Cube/Repository/STM32Cube_FW_F1_V1.8.6/Drivers/STM32F1xx_HAL_Driver/Inc/Legacy -I/home/pythoninnutshell/STM32Cube/Repository/STM32Cube_FW_F1_V1.8.6/Drivers/STM32F1xx_HAL_Driver/Inc -I/home/pythoninnutshell/STM32Cube/Repository/STM32Cube_FW_F1_V1.8.6/Drivers/CMSIS/Device/ST/STM32F1xx/Include -I/home/pythoninnutshell/STM32Cube/Repository/STM32Cube_FW_F1_V1.8.6/Drivers/CMSIS/Include -I../USB_DEVICE/App -I../USB_DEVICE/Target -I/home/pythoninnutshell/STM32Cube/Repository/STM32Cube_FW_F1_V1.8.6/Middlewares/ST/STM32_USB_Device_Library/Core/Inc -I/home/pythoninnutshell/STM32Cube/Repository/STM32Cube_FW_F1_V1.8.6/Middlewares/ST/STM32_USB_Device_Library/Class/CDC/Inc -O0 -ffunction-sections -fdata-sections -Wall -fstack-usage -fcyclomatic-complexity -MMD -MP -MF"Core/Src/main.d" -MT"Core/Src/main.o" --specs=nano.specs -mfloat-abi=soft -mthumb -o "Core/Src/main.o"
../Core/Src/main.c: In function 'main':
../Core/Src/main.c:106:11: warning: unused variable 'sNum' [-Wunused-variable]
  106 |   uint8_t sNum[5];
      |           ^~~~
../Core/Src/main.c:105:11: warning: unused variable 'str' [-Wunused-variable]
  105 |   uint8_t str[MAX_LEN]; // Max_LEN = 16
      |           ^~~
../Core/Src/main.c:104:11: warning: unused variable 'status' [-Wunused-variable]
  104 |   uint8_t status;
      |           ^~~~~~
../Core/Src/main.c: At top level:
../Core/Src/main.c:218:13: warning: 'MX_USART3_UART_Init' defined but not used [-Wunused-function]
  218 | static void MX_USART3_UART_Init(void)
      |             ^~~~~~~~~~~~~~~~~~~
[...]
make -j12 all 
arm-none-eabi-gcc "../Core/Src/main.c" -mcpu=cortex-m3 -std=gnu11 -g3 -DDEBUG -DUSE_HAL_DRIVER -DSTM32F103xB -c -I../Core/Inc -I/home/pythoninnutshell/STM32Cube/Repository/STM32Cube_FW_F1_V1.8.6/Drivers/STM32F1xx_HAL_Driver/Inc/Legacy -I/home/pythoninnutshell/STM32Cube/Repository/STM32Cube_FW_F1_V1.8.6/Drivers/STM32F1xx_HAL_Driver/Inc -I/home/pythoninnutshell/STM32Cube/Repository/STM32Cube_FW_F1_V1.8.6/Drivers/CMSIS/Device/ST/STM32F1xx/Include -I/home/pythoninnutshell/STM32Cube/Repository/STM32Cube_FW_F1_V1.8.6/Drivers/CMSIS/Include -I../USB_DEVICE/App -I../USB_DEVICE/Target -I/home/pythoninnutshell/STM32Cube/Repository/STM32Cube_FW_F1_V1.8.6/Middlewares/ST/STM32_USB_Device_Library/Core/Inc -I/home/pythoninnutshell/STM32Cube/Repository/STM32Cube_FW_F1_V1.8.6/Middlewares/ST/STM32_USB_Device_Library/Class/CDC/Inc -O0 -ffunction-sections -fdata-sections -Wall -fstack-usage -fcyclomatic-complexity -MMD -MP -MF"Core/Src/main.d" -MT"Core/Src/main.o" --specs=nano.specs -mfloat-abi=soft -mthumb -o "Core/Src/main.o"
../Core/Src/main.c: In function 'main':
../Core/Src/main.c:108:11: warning: unused variable 'TxBufferLen' [-Wunused-variable]
  108 |   uint8_t TxBufferLen = sizeof(TxBuffer);
      |           ^~~~~~~~~~~
../Core/Src/main.c:106:11: warning: unused variable 'sNum' [-Wunused-variable]
  106 |   uint8_t sNum[5];
      |           ^~~~
../Core/Src/main.c:105:11: warning: unused variable 'str' [-Wunused-variable]
  105 |   uint8_t str[MAX_LEN]; // Max_LEN = 16
      |           ^~~
../Core/Src/main.c:104:11: warning: unused variable 'status' [-Wunused-variable]
  104 |   uint8_t status;
      |           ^~~~~~
../Core/Src/main.c: In function 'USB_CDC_RxHandler':
../Core/Src/main.c:349:5: warning: implicit declaration of function 'CDC_Transmit_FS' [-Wimplicit-function-declaration]
  349 |     CDC_Transmit_FS(Buf, Len);
      |     ^~~~~~~~~~~~~~~
arm-none-eabi-gcc -o "UACS-Reader-Firmware.elf" @"objects.list"   -mcpu=cortex-m3 -T"/home/pythoninnutshell/Desktop/gabo/gabo/3_rocnik/bakalarka/firmware_3/UACS-Reader-Firmware/STM32F103C8TX_FLASH.ld" --specs=nosys.specs -Wl,-Map="UACS-Reader-Firmware.map" -Wl,--gc-sections -static --specs=nano.specs -mfloat-abi=soft -mthumb -Wl,--start-group -lc -lm -Wl,--end-group
Finished building target: UACS-Reader-Firmware.elf
 
arm-none-eabi-size  UACS-Reader-Firmware.elf 
arm-none-eabi-objdump -h -S UACS-Reader-Firmware.elf  > "UACS-Reader-Firmware.list"
   text	   data	    bss	    dec	    hex	filename
  41332	    472	   6744	  48548	   bda4	UACS-Reader-Firmware.elf
Finished building: default.size.stdout
 
Finished building: UACS-Reader-Firmware.list
 
20:45:49 **** Incremental Build of configuration Debug for project UACS-Reader-Firmware ****
make -j12 all 
arm-none-eabi-gcc "../Core/Src/main.c" -mcpu=cortex-m3 -std=gnu11 -g3 -DDEBUG -DUSE_HAL_DRIVER -DSTM32F103xB -c -I../Core/Inc -I/home/pythoninnutshell/STM32Cube/Repository/STM32Cube_FW_F1_V1.8.6/Drivers/STM32F1xx_HAL_Driver/Inc/Legacy -I/home/pythoninnutshell/STM32Cube/Repository/STM32Cube_FW_F1_V1.8.6/Drivers/STM32F1xx_HAL_Driver/Inc -I/home/pythoninnutshell/STM32Cube/Repository/STM32Cube_FW_F1_V1.8.6/Drivers/CMSIS/Device/ST/STM32F1xx/Include -I/home/pythoninnutshell/STM32Cube/Repository/STM32Cube_FW_F1_V1.8.6/Drivers/CMSIS/Include -I../USB_DEVICE/App -I../USB_DEVICE/Target -I/home/pythoninnutshell/STM32Cube/Repository/STM32Cube_FW_F1_V1.8.6/Middlewares/ST/STM32_USB_Device_Library/Core/Inc -I/home/pythoninnutshell/STM32Cube/Repository/STM32Cube_FW_F1_V1.8.6/Middlewares/ST/STM32_USB_Device_Library/Class/CDC/Inc -O0 -ffunction-sections -fdata-sections -Wall -fstack-usage -fcyclomatic-complexity -MMD -MP -MF"Core/Src/main.d" -MT"Core/Src/main.o" --specs=nano.specs -mfloat-abi=soft -mthumb -o "Core/Src/main.o"
../Core/Src/main.c: In function 'main':
../Core/Src/main.c:108:11: warning: unused variable 'TxBufferLen' [-Wunused-variable]
  108 |   uint8_t TxBufferLen = sizeof(TxBuffer);
      |           ^~~~~~~~~~~
../Core/Src/main.c:106:11: warning: unused variable 'sNum' [-Wunused-variable]
  106 |   uint8_t sNum[5];
      |           ^~~~
../Core/Src/main.c:105:11: warning: unused variable 'str' [-Wunused-variable]
  105 |   uint8_t str[MAX_LEN]; // Max_LEN = 16
      |           ^~~
../Core/Src/main.c:104:11: warning: unused variable 'status' [-Wunused-variable]
  104 |   uint8_t status;
      |           ^~~~~~
../Core/Src/main.c: In function 'USB_CDC_RxHandler':
../Core/Src/main.c:347:5: warning: implicit declaration of function 'CDC_Transmit_FS' [-Wimplicit-function-declaration]
  347 |     CDC_Transmit_FS(Buf, Len);
      |     ^~~~~~~~~~~~~~~
arm-none-eabi-gcc -o "UACS-Reader-Firmware.elf" @"objects.list"   -mcpu=cortex-m3 -T"/home/pythoninnutshell/Desktop/gabo/gabo/3_rocnik/bakalarka/firmware_3/UACS-Reader-Firmware/STM32F103C8TX_FLASH.ld" --specs=nosys.specs -Wl,-Map="UACS-Reader-Firmware.map" -Wl,--gc-sections -static --specs=nano.specs -mfloat-abi=soft -mthumb -Wl,--start-group -lc -lm -Wl,--end-group
Finished building target: UACS-Reader-Firmware.elf
 
arm-none-eabi-size  UACS-Reader-Firmware.elf 
arm-none-eabi-objdump -h -S UACS-Reader-Firmware.elf  > "UACS-Reader-Firmware.list"
   text	   data	    bss	    dec	    hex	filename
  41248	    472	   6744	  48464	   bd50	UACS-Reader-Firmware.elf
Finished building: default.size.stdout
 
Finished building: UACS-Reader-Firmware.list
 
20:48:39 **** Incremental Build of configuration Debug for project UACS-Reader-Firmware ****
make -j12 all 
arm-none-eabi-gcc "../Core/Src/main.c" -mcpu=cortex-m3 -std=gnu11 -g3 -DDEBUG -DUSE_HAL_DRIVER -DSTM32F103xB -c -I../Core/Inc -I/home/pythoninnutshell/STM32Cube/Repository/STM32Cube_FW_F1_V1.8.6/Drivers/STM32F1xx_HAL_Driver/Inc/Legacy -I/home/pythoninnutshell/STM32Cube/Repository/STM32Cube_FW_F1_V1.8.6/Drivers/STM32F1xx_HAL_Driver/Inc -I/home/pythoninnutshell/STM32Cube/Repository/STM32Cube_FW_F1_V1.8.6/Drivers/CMSIS/Device/ST/STM32F1xx/Include -I/home/pythoninnutshell/STM32Cube/Repository/STM32Cube_FW_F1_V1.8.6/Drivers/CMSIS/Include -I../USB_DEVICE/App -I../USB_DEVICE/Target -I/home/pythoninnutshell/STM32Cube/Repository/STM32Cube_FW_F1_V1.8.6/Middlewares/ST/STM32_USB_Device_Library/Core/Inc -I/home/pythoninnutshell/STM32Cube/Repository/STM32Cube_FW_F1_V1.8.6/Middlewares/ST/STM32_USB_Device_Library/Class/CDC/Inc -O0 -ffunction-sections -fdata-sections -Wall -fstack-usage -fcyclomatic-complexity -MMD -MP -MF"Core/Src/main.d" -MT"Core/Src/main.o" --specs=nano.specs -mfloat-abi=soft -mthumb -o "Core/Src/main.o"
../Core/Src/main.c: In function 'main':
../Core/Src/main.c:124:15: warning: implicit declaration of function 'CDC_Transmit_FS' [-Wimplicit-function-declaration]
  124 |           if (CDC_Transmit_FS(TxBuffer, TxBufferLen) == USBD_OK){
      |               ^~~~~~~~~~~~~~~
../Core/Src/main.c:106:11: warning: unused variable 'sNum' [-Wunused-variable]
  106 |   uint8_t sNum[5];
      |           ^~~~
../Core/Src/main.c:105:11: warning: unused variable 'str' [-Wunused-variable]
  105 |   uint8_t str[MAX_LEN]; // Max_LEN = 16
      |           ^~~
../Core/Src/main.c:104:11: warning: unused variable 'status' [-Wunused-variable]
  104 |   uint8_t status;
      |           ^~~~~~
arm-none-eabi-gcc -o "UACS-Reader-Firmware.elf" @"objects.list"   -mcpu=cortex-m3 -T"/home/pythoninnutshell/Desktop/gabo/gabo/3_rocnik/bakalarka/firmware_3/UACS-Reader-Firmware/STM32F103C8TX_FLASH.ld" --specs=nosys.specs -Wl,-Map="UACS-Reader-Firmware.map" -Wl,--gc-sections -static --specs=nano.specs -mfloat-abi=soft -mthumb -Wl,--start-group -lc -lm -Wl,--end-group
Finished building target: UACS-Reader-Firmware.elf
 
arm-none-eabi-size  UACS-Reader-Firmware.elf 
arm-none-eabi-objdump -h -S UACS-Reader-Firmware.elf  > "UACS-Reader-Firmware.list"
   text	   data	    bss	    dec	    hex	filename
  41404	    472	   6744	  48620	   bdec	UACS-Reader-Firmware.elf
Finished building: default.size.stdout
 
Finished building: UACS-Reader-Firmware.list
 
20:59:37 **** Incremental Build of configuration Debug for project UACS-Reader-Firmware ****
make -j12 all 
arm-none-eabi-gcc "../Core/Src/main.c" -mcpu=cortex-m3 -std=gnu11 -g3 -DDEBUG -DUSE_HAL_DRIVER -DSTM32F103xB -c -I../Core/Inc -I/home/pythoninnutshell/STM32Cube/Repository/STM32Cube_FW_F1_V1.8.6/Drivers/STM32F1xx_HAL_Driver/Inc/Legacy -I/home/pythoninnutshell/STM32Cube/Repository/STM32Cube_FW_F1_V1.8.6/Drivers/STM32F1xx_HAL_Driver/Inc -I/home/pythoninnutshell/STM32Cube/Repository/STM32Cube_FW_F1_V1.8.6/Drivers/CMSIS/Device/ST/STM32F1xx/Include -I/home/pythoninnutshell/STM32Cube/Repository/STM32Cube_FW_F1_V1.8.6/Drivers/CMSIS/Include -I../USB_DEVICE/App -I../USB_DEVICE/Target -I/home/pythoninnutshell/STM32Cube/Repository/STM32Cube_FW_F1_V1.8.6/Middlewares/ST/STM32_USB_Device_Library/Core/Inc -I/home/pythoninnutshell/STM32Cube/Repository/STM32Cube_FW_F1_V1.8.6/Middlewares/ST/STM32_USB_Device_Library/Class/CDC/Inc -O0 -ffunction-sections -fdata-sections -Wall -fstack-usage -fcyclomatic-complexity -MMD -MP -MF"Core/Src/main.d" -MT"Core/Src/main.o" --specs=nano.specs -mfloat-abi=soft -mthumb -o "Core/Src/main.o"
../Core/Src/main.c: In function 'main':
../Core/Src/main.c:124:15: warning: implicit declaration of function 'CDC_Transmit_FS' [-Wimplicit-function-declaration]
  124 |           if (CDC_Transmit_FS(TxBuffer, TxBufferLen) == USBD_OK){
      |               ^~~~~~~~~~~~~~~
../Core/Src/main.c:106:11: warning: unused variable 'sNum' [-Wunused-variable]
  106 |   uint8_t sNum[5];
      |           ^~~~
../Core/Src/main.c:105:11: warning: unused variable 'str' [-Wunused-variable]
  105 |   uint8_t str[MAX_LEN]; // Max_LEN = 16
      |           ^~~
../Core/Src/main.c:104:11: warning: unused variable 'status' [-Wunused-variable]
  104 |   uint8_t status;
      |           ^~~~~~
arm-none-eabi-gcc -o "UACS-Reader-Firmware.elf" @"objects.list"   -mcpu=cortex-m3 -T"/home/pythoninnutshell/Desktop/gabo/gabo/3_rocnik/bakalarka/firmware_3/UACS-Reader-Firmware/STM32F103C8TX_FLASH.ld" --specs=nosys.specs -Wl,-Map="UACS-Reader-Firmware.map" -Wl,--gc-sections -static --specs=nano.specs -mfloat-abi=soft -mthumb -Wl,--start-group -lc -lm -Wl,--end-group
Finished building target: UACS-Reader-Firmware.elf
 
arm-none-eabi-size  UACS-Reader-Firmware.elf 
arm-none-eabi-objdump -h -S UACS-Reader-Firmware.elf  > "UACS-Reader-Firmware.list"
   text	   data	    bss	    dec	    hex	filename
  41404	    472	   6744	  48620	   bdec	UACS-Reader-Firmware.elf
Finished building: default.size.stdout
 
Finished building: UACS-Reader-Firmware.list
 
20:59:45 **** Incremental Build of configuration Debug for project UACS-Reader-Firmware ****
make -j12 all 
arm-none-eabi-gcc "../Core/Src/main.c" -mcpu=cortex-m3 -std=gnu11 -g3 -DDEBUG -DUSE_HAL_DRIVER -DSTM32F103xB -c -I../Core/Inc -I/home/pythoninnutshell/STM32Cube/Repository/STM32Cube_FW_F1_V1.8.6/Drivers/STM32F1xx_HAL_Driver/Inc/Legacy -I/home/pythoninnutshell/STM32Cube/Repository/STM32Cube_FW_F1_V1.8.6/Drivers/STM32F1xx_HAL_Driver/Inc -I/home/pythoninnutshell/STM32Cube/Repository/STM32Cube_FW_F1_V1.8.6/Drivers/CMSIS/Device/ST/STM32F1xx/Include -I/home/pythoninnutshell/STM32Cube/Repository/STM32Cube_FW_F1_V1.8.6/Drivers/CMSIS/Include -I../USB_DEVICE/App -I../USB_DEVICE/Target -I/home/pythoninnutshell/STM32Cube/Repository/STM32Cube_FW_F1_V1.8.6/Middlewares/ST/STM32_USB_Device_Library/Core/Inc -I/home/pythoninnutshell/STM32Cube/Repository/STM32Cube_FW_F1_V1.8.6/Middlewares/ST/STM32_USB_Device_Library/Class/CDC/Inc -O0 -ffunction-sections -fdata-sections -Wall -fstack-usage -fcyclomatic-complexity -MMD -MP -MF"Core/Src/main.d" -MT"Core/Src/main.o" --specs=nano.specs -mfloat-abi=soft -mthumb -o "Core/Src/main.o"
../Core/Src/main.c: In function 'main':
../Core/Src/main.c:124:15: warning: implicit declaration of function 'CDC_Transmit_FS' [-Wimplicit-function-declaration]
  124 |           if (CDC_Transmit_FS(TxBuffer, TxBufferLen) == USBD_OK){
      |               ^~~~~~~~~~~~~~~
../Core/Src/main.c:106:11: warning: unused variable 'sNum' [-Wunused-variable]
  106 |   uint8_t sNum[5];
      |           ^~~~
../Core/Src/main.c:105:11: warning: unused variable 'str' [-Wunused-variable]
  105 |   uint8_t str[MAX_LEN]; // Max_LEN = 16
      |           ^~~
../Core/Src/main.c:104:11: warning: unused variable 'status' [-Wunused-variable]
  104 |   uint8_t status;
      |           ^~~~~~
arm-none-eabi-gcc -o "UACS-Reader-Firmware.elf" @"objects.list"   -mcpu=cortex-m3 -T"/home/pythoninnutshell/Desktop/gabo/gabo/3_rocnik/bakalarka/firmware_3/UACS-Reader-Firmware/STM32F103C8TX_FLASH.ld" --specs=nosys.specs -Wl,-Map="UACS-Reader-Firmware.map" -Wl,--gc-sections -static --specs=nano.specs -mfloat-abi=soft -mthumb -Wl,--start-group -lc -lm -Wl,--end-group
Finished building target: UACS-Reader-Firmware.elf
 
arm-none-eabi-size  UACS-Reader-Firmware.elf 
arm-none-eabi-objdump -h -S UACS-Reader-Firmware.elf  > "UACS-Reader-Firmware.list"
   text	   data	    bss	    dec	    hex	filename
  41396	    472	   6744	  48612	   bde4	UACS-Reader-Firmware.elf
Finished building: default.size.stdout
 
Finished building: UACS-Reader-Firmware.list
 
21:55:28 **** Incremental Build of configuration Debug for project UACS-Reader-Firmware ****
make -j12 all 
arm-none-eabi-size  UACS-Reader-Firmware.elf 
   text	   data	    bss	    dec	    hex	filename
  41396	    472	   6744	  48612	   bde4	UACS-Reader-Firmware.elf
Finished building: default.size.stdout
 
22:33:28 **** Incremental Build of configuration Debug for project UACS-Reader-Firmware ****
make -j12 all 
arm-none-eabi-gcc "../USB_DEVICE/App/usbd_cdc_if.c" -mcpu=cortex-m3 -std=gnu11 -g3 -DDEBUG -DUSE_HAL_DRIVER -DSTM32F103xB -c -I../Core/Inc -I/home/pythoninnutshell/STM32Cube/Repository/STM32Cube_FW_F1_V1.8.6/Drivers/STM32F1xx_HAL_Driver/Inc/Legacy -I/home/pythoninnutshell/STM32Cube/Repository/STM32Cube_FW_F1_V1.8.6/Drivers/STM32F1xx_HAL_Driver/Inc -I/home/pythoninnutshell/STM32Cube/Repository/STM32Cube_FW_F1_V1.8.6/Drivers/CMSIS/Device/ST/STM32F1xx/Include -I/home/pythoninnutshell/STM32Cube/Repository/STM32Cube_FW_F1_V1.8.6/Drivers/CMSIS/Include -I../USB_DEVICE/App -I../USB_DEVICE/Target -I/home/pythoninnutshell/STM32Cube/Repository/STM32Cube_FW_F1_V1.8.6/Middlewares/ST/STM32_USB_Device_Library/Core/Inc -I/home/pythoninnutshell/STM32Cube/Repository/STM32Cube_FW_F1_V1.8.6/Middlewares/ST/STM32_USB_Device_Library/Class/CDC/Inc -O0 -ffunction-sections -fdata-sections -Wall -fstack-usage -fcyclomatic-complexity -MMD -MP -MF"USB_DEVICE/App/usbd_cdc_if.d" -MT"USB_DEVICE/App/usbd_cdc_if.o" --specs=nano.specs -mfloat-abi=soft -mthumb -o "USB_DEVICE/App/usbd_cdc_if.o"
arm-none-eabi-gcc -o "UACS-Reader-Firmware.elf" @"objects.list"   -mcpu=cortex-m3 -T"/home/pythoninnutshell/Desktop/gabo/gabo/3_rocnik/bakalarka/firmware_3/UACS-Reader-Firmware/STM32F103C8TX_FLASH.ld" --specs=nosys.specs -Wl,-Map="UACS-Reader-Firmware.map" -Wl,--gc-sections -static --specs=nano.specs -mfloat-abi=soft -mthumb -Wl,--start-group -lc -lm -Wl,--end-group
Finished building target: UACS-Reader-Firmware.elf
 
arm-none-eabi-size  UACS-Reader-Firmware.elf 
arm-none-eabi-objdump -h -S UACS-Reader-Firmware.elf  > "UACS-Reader-Firmware.list"
   text	   data	    bss	    dec	    hex	filename
  41392	    472	   6744	  48608	   bde0	UACS-Reader-Firmware.elf
Finished building: default.size.stdout
 
Finished building: UACS-Reader-Firmware.list
 
22:36:28 **** Incremental Build of configuration Debug for project UACS-Reader-Firmware ****
make -j12 all 
arm-none-eabi-gcc "../USB_DEVICE/App/usbd_cdc_if.c" -mcpu=cortex-m3 -std=gnu11 -g3 -DDEBUG -DUSE_HAL_DRIVER -DSTM32F103xB -c -I../Core/Inc -I/home/pythoninnutshell/STM32Cube/Repository/STM32Cube_FW_F1_V1.8.6/Drivers/STM32F1xx_HAL_Driver/Inc/Legacy -I/home/pythoninnutshell/STM32Cube/Repository/STM32Cube_FW_F1_V1.8.6/Drivers/STM32F1xx_HAL_Driver/Inc -I/home/pythoninnutshell/STM32Cube/Repository/STM32Cube_FW_F1_V1.8.6/Drivers/CMSIS/Device/ST/STM32F1xx/Include -I/home/pythoninnutshell/STM32Cube/Repository/STM32Cube_FW_F1_V1.8.6/Drivers/CMSIS/Include -I../USB_DEVICE/App -I../USB_DEVICE/Target -I/home/pythoninnutshell/STM32Cube/Repository/STM32Cube_FW_F1_V1.8.6/Middlewares/ST/STM32_USB_Device_Library/Core/Inc -I/home/pythoninnutshell/STM32Cube/Repository/STM32Cube_FW_F1_V1.8.6/Middlewares/ST/STM32_USB_Device_Library/Class/CDC/Inc -O0 -ffunction-sections -fdata-sections -Wall -fstack-usage -fcyclomatic-complexity -MMD -MP -MF"USB_DEVICE/App/usbd_cdc_if.d" -MT"USB_DEVICE/App/usbd_cdc_if.o" --specs=nano.specs -mfloat-abi=soft -mthumb -o "USB_DEVICE/App/usbd_cdc_if.o"
arm-none-eabi-gcc "../Core/Src/main.c" -mcpu=cortex-m3 -std=gnu11 -g3 -DDEBUG -DUSE_HAL_DRIVER -DSTM32F103xB -c -I../Core/Inc -I/home/pythoninnutshell/STM32Cube/Repository/STM32Cube_FW_F1_V1.8.6/Drivers/STM32F1xx_HAL_Driver/Inc/Legacy -I/home/pythoninnutshell/STM32Cube/Repository/STM32Cube_FW_F1_V1.8.6/Drivers/STM32F1xx_HAL_Driver/Inc -I/home/pythoninnutshell/STM32Cube/Repository/STM32Cube_FW_F1_V1.8.6/Drivers/CMSIS/Device/ST/STM32F1xx/Include -I/home/pythoninnutshell/STM32Cube/Repository/STM32Cube_FW_F1_V1.8.6/Drivers/CMSIS/Include -I../USB_DEVICE/App -I../USB_DEVICE/Target -I/home/pythoninnutshell/STM32Cube/Repository/STM32Cube_FW_F1_V1.8.6/Middlewares/ST/STM32_USB_Device_Library/Core/Inc -I/home/pythoninnutshell/STM32Cube/Repository/STM32Cube_FW_F1_V1.8.6/Middlewares/ST/STM32_USB_Device_Library/Class/CDC/Inc -O0 -ffunction-sections -fdata-sections -Wall -fstack-usage -fcyclomatic-complexity -MMD -MP -MF"Core/Src/main.d" -MT"Core/Src/main.o" --specs=nano.specs -mfloat-abi=soft -mthumb -o "Core/Src/main.o"
../Core/Src/main.c: In function 'main':
../Core/Src/main.c:108:32: warning: pointer targets in passing argument 1 of 'strlen' differ in signedness [-Wpointer-sign]
  108 |   uint8_t TxBufferLen = strlen(TxBuffer);
      |                                ^~~~~~~~
      |                                |
      |                                uint8_t * {aka unsigned char *}
In file included from ../USB_DEVICE/Target/usbd_conf.h:32,
                 from /home/pythoninnutshell/STM32Cube/Repository/STM32Cube_FW_F1_V1.8.6/Middlewares/ST/STM32_USB_Device_Library/Core/Inc/usbd_def.h:29,
                 from ../USB_DEVICE/App/usb_device.h:32,
                 from ../Core/Src/main.c:21:
/opt/st/stm32cubeide_1.18.1/plugins/com.st.stm32cube.ide.mcu.externaltools.gnu-tools-for-stm32.13.3.rel1.linux64_1.0.0.202410170706/tools/arm-none-eabi/include/string.h:41:18: note: expected 'const char *' but argument is of type 'uint8_t *' {aka 'unsigned char *'}
   41 | size_t   strlen (const char *);
      |                  ^~~~~~~~~~~~
../Core/Src/main.c:124:15: warning: implicit declaration of function 'CDC_Transmit_FS' [-Wimplicit-function-declaration]
  124 |           if (CDC_Transmit_FS(TxBuffer, TxBufferLen) == USBD_OK){
      |               ^~~~~~~~~~~~~~~
../Core/Src/main.c:106:11: warning: unused variable 'sNum' [-Wunused-variable]
  106 |   uint8_t sNum[5];
      |           ^~~~
../Core/Src/main.c:105:11: warning: unused variable 'str' [-Wunused-variable]
  105 |   uint8_t str[MAX_LEN]; // Max_LEN = 16
      |           ^~~
../Core/Src/main.c:104:11: warning: unused variable 'status' [-Wunused-variable]
  104 |   uint8_t status;
      |           ^~~~~~
arm-none-eabi-gcc -o "UACS-Reader-Firmware.elf" @"objects.list"   -mcpu=cortex-m3 -T"/home/pythoninnutshell/Desktop/gabo/gabo/3_rocnik/bakalarka/firmware_3/UACS-Reader-Firmware/STM32F103C8TX_FLASH.ld" --specs=nosys.specs -Wl,-Map="UACS-Reader-Firmware.map" -Wl,--gc-sections -static --specs=nano.specs -mfloat-abi=soft -mthumb -Wl,--start-group -lc -lm -Wl,--end-group
Finished building target: UACS-Reader-Firmware.elf
 
arm-none-eabi-size  UACS-Reader-Firmware.elf 
arm-none-eabi-objdump -h -S UACS-Reader-Firmware.elf  > "UACS-Reader-Firmware.list"
   text	   data	    bss	    dec	    hex	filename
  41420	    472	   6744	  48636	   bdfc	UACS-Reader-Firmware.elf
Finished building: default.size.stdout
 
Finished building: UACS-Reader-Firmware.list
 
