22:36:28 **** Incremental Build of configuration Debug for project UACS-Reader-Firmware ****
make -j12 all 
arm-none-eabi-gcc "../USB_DEVICE/App/usbd_cdc_if.c" -mcpu=cortex-m3 -std=gnu11 -g3 -DDEBUG -DUSE_HAL_DRIVER -DSTM32F103xB -c -I../Core/Inc -I/home/pythoninnutshell/STM32Cube/Repository/STM32Cube_FW_F1_V1.8.6/Drivers/STM32F1xx_HAL_Driver/Inc/Legacy -I/home/pythoninnutshell/STM32Cube/Repository/STM32Cube_FW_F1_V1.8.6/Drivers/STM32F1xx_HAL_Driver/Inc -I/home/pythoninnutshell/STM32Cube/Repository/STM32Cube_FW_F1_V1.8.6/Drivers/CMSIS/Device/ST/STM32F1xx/Include -I/home/pythoninnutshell/STM32Cube/Repository/STM32Cube_FW_F1_V1.8.6/Drivers/CMSIS/Include -I../USB_DEVICE/App -I../USB_DEVICE/Target -I/home/pythoninnutshell/STM32Cube/Repository/STM32Cube_FW_F1_V1.8.6/Middlewares/ST/STM32_USB_Device_Library/Core/Inc -I/home/pythoninnutshell/STM32Cube/Repository/STM32Cube_FW_F1_V1.8.6/Middlewares/ST/STM32_USB_Device_Library/Class/CDC/Inc -O0 -ffunction-sections -fdata-sections -Wall -fstack-usage -fcyclomatic-complexity -MMD -MP -MF"USB_DEVICE/App/usbd_cdc_if.d" -MT"USB_DEVICE/App/usbd_cdc_if.o" --specs=nano.specs -mfloat-abi=soft -mthumb -o "USB_DEVICE/App/usbd_cdc_if.o"
arm-none-eabi-gcc "../Core/Src/main.c" -mcpu=cortex-m3 -std=gnu11 -g3 -DDEBUG -DUSE_HAL_DRIVER -DSTM32F103xB -c -I../Core/Inc -I/home/pythoninnutshell/STM32Cube/Repository/STM32Cube_FW_F1_V1.8.6/Drivers/STM32F1xx_HAL_Driver/Inc/Legacy -I/home/pythoninnutshell/STM32Cube/Repository/STM32Cube_FW_F1_V1.8.6/Drivers/STM32F1xx_HAL_Driver/Inc -I/home/pythoninnutshell/STM32Cube/Repository/STM32Cube_FW_F1_V1.8.6/Drivers/CMSIS/Device/ST/STM32F1xx/Include -I/home/pythoninnutshell/STM32Cube/Repository/STM32Cube_FW_F1_V1.8.6/Drivers/CMSIS/Include -I../USB_DEVICE/App -I../USB_DEVICE/Target -I/home/pythoninnutshell/STM32Cube/Repository/STM32Cube_FW_F1_V1.8.6/Middlewares/ST/STM32_USB_Device_Library/Core/Inc -I/home/pythoninnutshell/STM32Cube/Repository/STM32Cube_FW_F1_V1.8.6/Middlewares/ST/STM32_USB_Device_Library/Class/CDC/Inc -O0 -ffunction-sections -fdata-sections -Wall -fstack-usage -fcyclomatic-complexity -MMD -MP -MF"Core/Src/main.d" -MT"Core/Src/main.o" --specs=nano.specs -mfloat-abi=soft -mthumb -o "Core/Src/main.o"
../Core/Src/main.c: In function 'main':
../Core/Src/main.c:108:32: warning: pointer targets in passing argument 1 of 'strlen' differ in signedness [-Wpointer-sign]
  108 |   uint8_t TxBufferLen = strlen(TxBuffer);
      |                                ^~~~~~~~
      |                                |
      |                                uint8_t * {aka unsigned char *}
In file included from ../USB_DEVICE/Target/usbd_conf.h:32,
                 from /home/pythoninnutshell/STM32Cube/Repository/STM32Cube_FW_F1_V1.8.6/Middlewares/ST/STM32_USB_Device_Library/Core/Inc/usbd_def.h:29,
                 from ../USB_DEVICE/App/usb_device.h:32,
                 from ../Core/Src/main.c:21:
/opt/st/stm32cubeide_1.18.1/plugins/com.st.stm32cube.ide.mcu.externaltools.gnu-tools-for-stm32.13.3.rel1.linux64_1.0.0.202410170706/tools/arm-none-eabi/include/string.h:41:18: note: expected 'const char *' but argument is of type 'uint8_t *' {aka 'unsigned char *'}
   41 | size_t   strlen (const char *);
      |                  ^~~~~~~~~~~~
../Core/Src/main.c:124:15: warning: implicit declaration of function 'CDC_Transmit_FS' [-Wimplicit-function-declaration]
  124 |           if (CDC_Transmit_FS(TxBuffer, TxBufferLen) == USBD_OK){
      |               ^~~~~~~~~~~~~~~
../Core/Src/main.c:106:11: warning: unused variable 'sNum' [-Wunused-variable]
  106 |   uint8_t sNum[5];
      |           ^~~~
../Core/Src/main.c:105:11: warning: unused variable 'str' [-Wunused-variable]
  105 |   uint8_t str[MAX_LEN]; // Max_LEN = 16
      |           ^~~
../Core/Src/main.c:104:11: warning: unused variable 'status' [-Wunused-variable]
  104 |   uint8_t status;
      |           ^~~~~~
arm-none-eabi-gcc -o "UACS-Reader-Firmware.elf" @"objects.list"   -mcpu=cortex-m3 -T"/home/pythoninnutshell/Desktop/gabo/gabo/3_rocnik/bakalarka/firmware_3/UACS-Reader-Firmware/STM32F103C8TX_FLASH.ld" --specs=nosys.specs -Wl,-Map="UACS-Reader-Firmware.map" -Wl,--gc-sections -static --specs=nano.specs -mfloat-abi=soft -mthumb -Wl,--start-group -lc -lm -Wl,--end-group
Finished building target: UACS-Reader-Firmware.elf
 
arm-none-eabi-size  UACS-Reader-Firmware.elf 
arm-none-eabi-objdump -h -S UACS-Reader-Firmware.elf  > "UACS-Reader-Firmware.list"
   text	   data	    bss	    dec	    hex	filename
  41420	    472	   6744	  48636	   bdfc	UACS-Reader-Firmware.elf
Finished building: default.size.stdout
 
Finished building: UACS-Reader-Firmware.list
 

22:36:29 Build Finished. 0 errors, 5 warnings. (took 558ms)

